157.90.209.78 - - [14/Jun/2021:06:42:44 +0800] "GET /tool/poem-tang/289/ HTTP/1.1" 200 7133 "-" "Mozilla/5.0 (compatible; BLEXBot/1.0; +http://webmeup-crawler.com/)"
60.205.136.227 - - [14/Jun/2021:06:42:48 +0800] "GET /rss-feed/ HTTP/1.1" 200 402187 "-" "Mozilla/5.0 (Macintosh; Intel Mac OS X 10_14_6) AppleWebKit/537.36 (KHTML, like Gecko) Chrome/75.0.3770.142 Safari/537.36"
157.90.209.78 - - [14/Jun/2021:06:42:48 +0800] "GET /tool/poem-tang/2890/ HTTP/1.1" 200 5730 "-" "Mozilla/5.0 (compatible; BLEXBot/1.0; +http://webmeup-crawler.com/)"
157.90.209.78 - - [14/Jun/2021:06:42:51 +0800] "GET /tool/poem-tang/2892/ HTTP/1.1" 200 6711 "-" "Mozilla/5.0 (compatible; BLEXBot/1.0; +http://webmeup-crawler.com/)"
157.90.209.78 - - [14/Jun/2021:06:42:56 +0800] "GET /tool/poem-tang/2893/ HTTP/1.1" 200 5620 "-" "Mozilla/5.0 (compatible; BLEXBot/1.0; +http://webmeup-crawler.com/)"
157.90.209.78 - - [14/Jun/2021:06:43:00 +0800] "GET /tool/poem-tang/2894/ HTTP/1.1" 200 7537 "-" "Mozilla/5.0 (compatible; BLEXBot/1.0; +http://webmeup-crawler.com/)"
157.90.209.78 - - [14/Jun/2021:06:43:04 +0800] "GET /tool/poem-tang/2895/ HTTP/1.1" 200 6130 "-" "Mozilla/5.0 (compatible; BLEXBot/1.0; +http://webmeup-crawler.com/)"
157.90.209.78 - - [14/Jun/2021:06:43:07 +0800] "GET /tool/poem-tang/2896/ HTTP/1.1" 200 5117 "-" "Mozilla/5.0 (compatible; BLEXBot/1.0; +http://webmeup-crawler.com/)"
157.90.209.78 - - [14/Jun/2021:06:43:11 +0800] "GET /tool/poem-tang/2897/ HTTP/1.1" 200 5848 "-" "Mozilla/5.0 (compatible; BLEXBot/1.0; +http://webmeup-crawler.com/)"
157.90.209.78 - - [14/Jun/2021:06:43:14 +0800] "GET /tool/poem-tang/2898/ HTTP/1.1" 200 5489 "-" "Mozilla/5.0 (compatible; BLEXBot/1.0; +http://webmeup-crawler.com/)"
114.119.133.138 - - [14/Jun/2021:06:43:15 +0800] "GET /tool/poem-song/4371 HTTP/1.1" 308 281 "-" "Mozilla/5.0 (Linux; Android 7.0;) AppleWebKit/537.36 (KHTML, like Gecko) Mobile Safari/537.36 (compatible; PetalBot;+https://webmaster.petalsearch.com/site/petalbot)"
157.90.209.78 - - [14/Jun/2021:06:43:18 +0800] "GET /tool/poem-tang/2899/ HTTP/1.1" 200 5422 "-" "Mozilla/5.0 (compatible; BLEXBot/1.0; +http://webmeup-crawler.com/)"
157.90.209.78 - - [14/Jun/2021:06:43:22 +0800] "GET /tool/poem-tang/29/ HTTP/1.1" 200 7296 "-" "Mozilla/5.0 (compatible; BLEXBot/1.0; +http://webmeup-crawler.com/)"
157.90.209.78 - - [14/Jun/2021:06:43:25 +0800] "GET /tool/poem-tang/29/?page=2 HTTP/1.1" 200 7374 "-" "Mozilla/5.0 (compatible; BLEXBot/1.0; +http://webmeup-crawler.com/)"
157.90.209.78 - - [14/Jun/2021:06:43:28 +0800] "GET /tool/poem-tang/29/?page=3 HTTP/1.1" 200 6799 "-" "Mozilla/5.0 (compatible; BLEXBot/1.0; +http://webmeup-crawler.com/)"
54.36.148.150 - - [14/Jun/2021:06:43:29 +0800] "GET /tool/poem-tang/2053/ HTTP/2.0" 200 5535 "-" "Mozilla/5.0 (compatible; AhrefsBot/7.0; +http://ahrefs.com/robot/)"
157.90.209.78 - - [14/Jun/2021:06:43:31 +0800] "GET /tool/poem-tang/29/?page=4 HTTP/1.1" 200 7273 "-" "Mozilla/5.0 (compatible; BLEXBot/1.0; +http://webmeup-crawler.com/)"
157.90.209.78 - - [14/Jun/2021:06:43:33 +0800] "GET /tool/poem-tang/29/?page=5 HTTP/1.1" 200 7490 "-" "Mozilla/5.0 (compatible; BLEXBot/1.0; +http://webmeup-crawler.com/)"
157.90.209.78 - - [14/Jun/2021:06:43:36 +0800] "GET /tool/poem-tang/29/?page=6 HTTP/1.1" 200 6466 "-" "Mozilla/5.0 (compatible; BLEXBot/1.0; +http://webmeup-crawler.com/)"
157.90.209.78 - - [14/Jun/2021:06:43:44 +0800] "GET /tool/poem-tang/2900/ HTTP/1.1" 200 7286 "-" "Mozilla/5.0 (compatible; BLEXBot/1.0; +http://webmeup-crawler.com/)"
157.90.209.78 - - [14/Jun/2021:06:43:48 +0800] "GET /tool/poem-tang/2901/ HTTP/1.1" 200 5596 "-" "Mozilla/5.0 (compatible; BLEXBot/1.0; +http://webmeup-crawler.com/)"
157.90.209.78 - - [14/Jun/2021:06:43:51 +0800] "GET /tool/poem-tang/2905/ HTTP/1.1" 200 6442 "-" "Mozilla/5.0 (compatible; BLEXBot/1.0; +http://webmeup-crawler.com/)"
157.90.209.78 - - [14/Jun/2021:06:43:54 +0800] "GET /tool/poem-tang/2906/ HTTP/1.1" 200 6273 "-" "Mozilla/5.0 (compatible; BLEXBot/1.0; +http://webmeup-crawler.com/)"
157.90.209.78 - - [14/Jun/2021:06:43:58 +0800] "GET /tool/poem-tang/2908/ HTTP/1.1" 200 6794 "-" "Mozilla/5.0 (compatible; BLEXBot/1.0; +http://webmeup-crawler.com/)"
157.90.209.78 - - [14/Jun/2021:06:44:01 +0800] "GET /tool/poem-tang/2909/ HTTP/1.1" 200 5620 "-" "Mozilla/5.0 (compatible; BLEXBot/1.0; +http://webmeup-crawler.com/)"
157.90.209.78 - - [14/Jun/2021:06:44:04 +0800] "GET /tool/poem-tang/291/ HTTP/1.1" 200 5873 "-" "Mozilla/5.0 (compatible; BLEXBot/1.0; +http://webmeup-crawler.com/)"
157.90.209.78 - - [14/Jun/2021:06:44:09 +0800] "GET /tool/poem-tang/2910/ HTTP/1.1" 200 7430 "-" "Mozilla/5.0 (compatible; BLEXBot/1.0; +http://webmeup-crawler.com/)"
157.90.209.78 - - [14/Jun/2021:06:44:13 +0800] "GET /tool/poem-tang/2911/ HTTP/1.1" 200 5775 "-" "Mozilla/5.0 (compatible; BLEXBot/1.0; +http://webmeup-crawler.com/)"
157.90.209.78 - - [14/Jun/2021:06:44:16 +0800] "GET /tool/poem-tang/2912/ HTTP/1.1" 200 5718 "-" "Mozilla/5.0 (compatible; BLEXBot/1.0; +http://webmeup-crawler.com/)"
54.36.148.4 - - [14/Jun/2021:06:44:20 +0800] "GET /tool/poem-tang/3386/ HTTP/2.0" 200 5522 "-" "Mozilla/5.0 (compatible; AhrefsBot/7.0; +http://ahrefs.com/robot/)"
157.90.209.78 - - [14/Jun/2021:06:44:21 +0800] "GET /tool/poem-tang/2916/ HTTP/1.1" 200 5712 "-" "Mozilla/5.0 (compatible; BLEXBot/1.0; +http://webmeup-crawler.com/)"
157.90.209.78 - - [14/Jun/2021:06:44:26 +0800] "GET /tool/poem-tang/2917/ HTTP/1.1" 200 5791 "-" "Mozilla/5.0 (compatible; BLEXBot/1.0; +http://webmeup-crawler.com/)"
157.90.209.78 - - [14/Jun/2021:06:44:29 +0800] "GET /tool/poem-tang/2919/ HTTP/1.1" 200 5809 "-" "Mozilla/5.0 (compatible; BLEXBot/1.0; +http://webmeup-crawler.com/)"
157.90.209.78 - - [14/Jun/2021:06:44:34 +0800] "GET /tool/poem-tang/292/ HTTP/1.1" 200 7433 "-" "Mozilla/5.0 (compatible; BLEXBot/1.0; +http://webmeup-crawler.com/)"
157.90.209.78 - - [14/Jun/2021:06:44:37 +0800] "GET /tool/poem-tang/2920/ HTTP/1.1" 200 5600 "-" "Mozilla/5.0 (compatible; BLEXBot/1.0; +http://webmeup-crawler.com/)"
157.90.209.78 - - [14/Jun/2021:06:44:41 +0800] "GET /tool/poem-tang/2922/ HTTP/1.1" 200 6189 "-" "Mozilla/5.0 (compatible; BLEXBot/1.0; +http://webmeup-crawler.com/)"
157.90.209.78 - - [14/Jun/2021:06:44:45 +0800] "GET /tool/poem-tang/2923/ HTTP/1.1" 200 6098 "-" "Mozilla/5.0 (compatible; BLEXBot/1.0; +http://webmeup-crawler.com/)"
157.90.209.78 - - [14/Jun/2021:06:44:49 +0800] "GET /tool/poem-tang/2925/ HTTP/1.1" 200 5725 "-" "Mozilla/5.0 (compatible; BLEXBot/1.0; +http://webmeup-crawler.com/)"
157.90.209.78 - - [14/Jun/2021:06:44:53 +0800] "GET /tool/poem-tang/2930/ HTTP/1.1" 200 5764 "-" "Mozilla/5.0 (compatible; BLEXBot/1.0; +http://webmeup-crawler.com/)"
157.90.209.78 - - [14/Jun/2021:06:44:57 +0800] "GET /tool/poem-tang/2931/ HTTP/1.1" 200 5877 "-" "Mozilla/5.0 (compatible; BLEXBot/1.0; +http://webmeup-crawler.com/)"
157.90.209.78 - - [14/Jun/2021:06:45:01 +0800] "GET /tool/poem-tang/2932/ HTTP/1.1" 200 5727 "-" "Mozilla/5.0 (compatible; BLEXBot/1.0; +http://webmeup-crawler.com/)"
157.90.209.78 - - [14/Jun/2021:06:45:04 +0800] "GET /tool/poem-tang/2933/ HTTP/1.1" 200 5683 "-" "Mozilla/5.0 (compatible; BLEXBot/1.0; +http://webmeup-crawler.com/)"
207.46.13.15 - - [14/Jun/2021:06:45:06 +0800] "GET /tool/poem-song/11853/ HTTP/2.0" 200 5860 "-" "Mozilla/5.0 (compatible; bingbot/2.0; +http://www.bing.com/bingbot.htm)"
203.208.60.51 - - [14/Jun/2021:06:45:06 +0800] "GET /tool/poem-song/8376/ HTTP/1.1" 200 6998 "-" "Mozilla/5.0 (compatible; Googlebot/2.1; +http://www.google.com/bot.html)"
157.90.209.78 - - [14/Jun/2021:06:45:08 +0800] "GET /tool/poem-tang/2934/ HTTP/1.1" 200 6209 "-" "Mozilla/5.0 (compatible; BLEXBot/1.0; +http://webmeup-crawler.com/)"
54.36.148.150 - - [14/Jun/2021:06:45:11 +0800] "GET /tool/poem-tang/2936/ HTTP/2.0" 200 5673 "-" "Mozilla/5.0 (compatible; AhrefsBot/7.0; +http://ahrefs.com/robot/)"
157.90.209.78 - - [14/Jun/2021:06:45:11 +0800] "GET /tool/poem-tang/2936/ HTTP/1.1" 200 5545 "-" "Mozilla/5.0 (compatible; BLEXBot/1.0; +http://webmeup-crawler.com/)"
157.90.209.78 - - [14/Jun/2021:06:45:14 +0800] "GET /tool/poem-tang/2937/ HTTP/1.1" 200 6120 "-" "Mozilla/5.0 (compatible; BLEXBot/1.0; +http://webmeup-crawler.com/)"
157.90.209.78 - - [14/Jun/2021:06:45:18 +0800] "GET /tool/poem-tang/2938/ HTTP/1.1" 200 5900 "-" "Mozilla/5.0 (compatible; BLEXBot/1.0; +http://webmeup-crawler.com/)"
157.90.209.78 - - [14/Jun/2021:06:45:21 +0800] "GET /tool/poem-tang/2939/ HTTP/1.1" 200 5683 "-" "Mozilla/5.0 (compatible; BLEXBot/1.0; +http://webmeup-crawler.com/)"
157.90.209.78 - - [14/Jun/2021:06:45:25 +0800] "GET /tool/poem-tang/2940/ HTTP/1.1" 200 5846 "-" "Mozilla/5.0 (compatible; BLEXBot/1.0; +http://webmeup-crawler.com/)"
203.208.60.120 - - [14/Jun/2021:06:45:27 +0800] "GET /tool/ci-song/97/?page=3 HTTP/1.1" 200 7396 "-" "Mozilla/5.0 (Linux; Android 6.0.1; Nexus 5X Build/MMB29P) AppleWebKit/537.36 (KHTML, like Gecko) Chrome/91.0.4472.90 Mobile Safari/537.36 (compatible; Googlebot/2.1; +http://www.google.com/bot.html)"
157.90.209.78 - - [14/Jun/2021:06:45:30 +0800] "GET /tool/poem-tang/2941/ HTTP/1.1" 200 6084 "-" "Mozilla/5.0 (compatible; BLEXBot/1.0; +http://webmeup-crawler.com/)"
157.90.209.78 - - [14/Jun/2021:06:45:33 +0800] "GET /tool/poem-tang/2943/ HTTP/1.1" 200 5771 "-" "Mozilla/5.0 (compatible; BLEXBot/1.0; +http://webmeup-crawler.com/)"
157.90.209.78 - - [14/Jun/2021:06:45:36 +0800] "GET /tool/poem-tang/2944/ HTTP/1.1" 200 5632 "-" "Mozilla/5.0 (compatible; BLEXBot/1.0; +http://webmeup-crawler.com/)"
157.90.209.78 - - [14/Jun/2021:06:45:39 +0800] "GET /tool/poem-tang/2948/ HTTP/1.1" 200 6303 "-" "Mozilla/5.0 (compatible; BLEXBot/1.0; +http://webmeup-crawler.com/)"
157.90.209.78 - - [14/Jun/2021:06:45:43 +0800] "GET /tool/poem-tang/2949/ HTTP/1.1" 200 5584 "-" "Mozilla/5.0 (compatible; BLEXBot/1.0; +http://webmeup-crawler.com/)"
157.90.209.78 - - [14/Jun/2021:06:45:47 +0800] "GET /tool/poem-tang/295/ HTTP/1.1" 200 7004 "-" "Mozilla/5.0 (compatible; BLEXBot/1.0; +http://webmeup-crawler.com/)"
157.90.209.78 - - [14/Jun/2021:06:45:52 +0800] "GET /tool/poem-tang/2951/ HTTP/1.1" 200 5502 "-" "Mozilla/5.0 (compatible; BLEXBot/1.0; +http://webmeup-crawler.com/)"
157.90.209.78 - - [14/Jun/2021:06:45:55 +0800] "GET /tool/poem-tang/2953/ HTTP/1.1" 200 6291 "-" "Mozilla/5.0 (compatible; BLEXBot/1.0; +http://webmeup-crawler.com/)"
157.90.209.78 - - [14/Jun/2021:06:46:00 +0800] "GET /tool/poem-tang/2955/ HTTP/1.1" 200 5601 "-" "Mozilla/5.0 (compatible; BLEXBot/1.0; +http://webmeup-crawler.com/)"
157.90.209.78 - - [14/Jun/2021:06:46:02 +0800] "GET /tool/poem-tang/2957/ HTTP/1.1" 200 6063 "-" "Mozilla/5.0 (compatible; BLEXBot/1.0; +http://webmeup-crawler.com/)"
54.36.148.206 - - [14/Jun/2021:06:46:03 +0800] "GET /tool/poem-tang/3034/ HTTP/2.0" 200 5654 "-" "Mozilla/5.0 (compatible; AhrefsBot/7.0; +http://ahrefs.com/robot/)"
157.90.209.78 - - [14/Jun/2021:06:46:06 +0800] "GET /tool/poem-tang/2958/ HTTP/1.1" 200 5930 "-" "Mozilla/5.0 (compatible; BLEXBot/1.0; +http://webmeup-crawler.com/)"
157.90.209.78 - - [14/Jun/2021:06:46:10 +0800] "GET /tool/poem-tang/296/ HTTP/1.1" 200 6787 "-" "Mozilla/5.0 (compatible; BLEXBot/1.0; +http://webmeup-crawler.com/)"
157.90.209.78 - - [14/Jun/2021:06:46:14 +0800] "GET /robots.txt HTTP/1.1" 301 194 "-" "Mozilla/5.0 (compatible; BLEXBot/1.0; +http://webmeup-crawler.com/)"
157.90.209.78 - - [14/Jun/2021:06:46:15 +0800] "GET /robots.txt HTTP/1.1" 404 2972 "-" "Mozilla/5.0 (compatible; BLEXBot/1.0; +http://webmeup-crawler.com/)"
157.90.209.78 - - [14/Jun/2021:06:46:16 +0800] "GET /tool/poem-tang/2961/ HTTP/1.1" 200 5469 "-" "Mozilla/5.0 (compatible; BLEXBot/1.0; +http://webmeup-crawler.com/)"
157.90.209.78 - - [14/Jun/2021:06:46:19 +0800] "GET /tool/poem-tang/2962/ HTTP/1.1" 200 5626 "-" "Mozilla/5.0 (compatible; BLEXBot/1.0; +http://webmeup-crawler.com/)"
157.90.209.78 - - [14/Jun/2021:06:46:22 +0800] "GET /tool/poem-tang/2963/ HTTP/1.1" 200 6020 "-" "Mozilla/5.0 (compatible; BLEXBot/1.0; +http://webmeup-crawler.com/)"
157.90.209.78 - - [14/Jun/2021:06:46:26 +0800] "GET /tool/poem-tang/2964/ HTTP/1.1" 200 5670 "-" "Mozilla/5.0 (compatible; BLEXBot/1.0; +http://webmeup-crawler.com/)"
157.90.209.78 - - [14/Jun/2021:06:46:30 +0800] "GET /tool/poem-tang/2967/ HTTP/1.1" 200 5778 "-" "Mozilla/5.0 (compatible; BLEXBot/1.0; +http://webmeup-crawler.com/)"
157.90.209.78 - - [14/Jun/2021:06:46:33 +0800] "GET /tool/poem-tang/2968/ HTTP/1.1" 200 5484 "-" "Mozilla/5.0 (compatible; BLEXBot/1.0; +http://webmeup-crawler.com/)"
157.90.209.78 - - [14/Jun/2021:06:46:36 +0800] "GET /tool/poem-tang/2969/ HTTP/1.1" 200 6528 "-" "Mozilla/5.0 (compatible; BLEXBot/1.0; +http://webmeup-crawler.com/)"
157.90.209.78 - - [14/Jun/2021:06:46:39 +0800] "GET /tool/poem-tang/297/ HTTP/1.1" 200 5473 "-" "Mozilla/5.0 (compatible; BLEXBot/1.0; +http://webmeup-crawler.com/)"
157.90.209.78 - - [14/Jun/2021:06:46:41 +0800] "GET /tool/poem-tang/2972/ HTTP/1.1" 200 5720 "-" "Mozilla/5.0 (compatible; BLEXBot/1.0; +http://webmeup-crawler.com/)"
157.90.209.78 - - [14/Jun/2021:06:46:45 +0800] "GET /tool/poem-tang/2974/ HTTP/1.1" 200 5878 "-" "Mozilla/5.0 (compatible; BLEXBot/1.0; +http://webmeup-crawler.com/)"
157.90.209.78 - - [14/Jun/2021:06:46:47 +0800] "GET /tool/poem-tang/2975/ HTTP/1.1" 200 5893 "-" "Mozilla/5.0 (compatible; BLEXBot/1.0; +http://webmeup-crawler.com/)"
157.90.209.78 - - [14/Jun/2021:06:46:51 +0800] "GET /tool/poem-tang/2976/ HTTP/1.1" 200 6587 "-" "Mozilla/5.0 (compatible; BLEXBot/1.0; +http://webmeup-crawler.com/)"
157.90.209.78 - - [14/Jun/2021:06:46:56 +0800] "GET /tool/poem-tang/2977/ HTTP/1.1" 200 5822 "-" "Mozilla/5.0 (compatible; BLEXBot/1.0; +http://webmeup-crawler.com/)"
54.36.148.150 - - [14/Jun/2021:06:46:59 +0800] "GET /tool/ci-song/1248/ HTTP/2.0" 200 5500 "-" "Mozilla/5.0 (compatible; AhrefsBot/7.0; +http://ahrefs.com/robot/)"
157.90.209.78 - - [14/Jun/2021:06:47:01 +0800] "GET /tool/poem-tang/2978/ HTTP/1.1" 200 5724 "-" "Mozilla/5.0 (compatible; BLEXBot/1.0; +http://webmeup-crawler.com/)"
157.90.209.78 - - [14/Jun/2021:06:47:05 +0800] "GET /tool/poem-tang/2979/ HTTP/1.1" 200 5422 "-" "Mozilla/5.0 (compatible; BLEXBot/1.0; +http://webmeup-crawler.com/)"
54.36.148.188 - - [14/Jun/2021:06:47:08 +0800] "GET /tool/poem-song/8426/ HTTP/1.1" 301 194 "-" "Mozilla/5.0 (compatible; AhrefsBot/7.0; +http://ahrefs.com/robot/)"
157.90.209.78 - - [14/Jun/2021:06:47:08 +0800] "GET /tool/poem-tang/298/ HTTP/1.1" 200 5859 "-" "Mozilla/5.0 (compatible; BLEXBot/1.0; +http://webmeup-crawler.com/)"
157.90.209.78 - - [14/Jun/2021:06:47:13 +0800] "GET /tool/poem-tang/2980/ HTTP/1.1" 200 5879 "-" "Mozilla/5.0 (compatible; BLEXBot/1.0; +http://webmeup-crawler.com/)"
157.90.209.78 - - [14/Jun/2021:06:47:16 +0800] "GET /tool/poem-tang/2982/ HTTP/1.1" 200 6177 "-" "Mozilla/5.0 (compatible; BLEXBot/1.0; +http://webmeup-crawler.com/)"
157.90.209.78 - - [14/Jun/2021:06:47:19 +0800] "GET /tool/poem-tang/2983/ HTTP/1.1" 200 5915 "-" "Mozilla/5.0 (compatible; BLEXBot/1.0; +http://webmeup-crawler.com/)"
157.90.209.78 - - [14/Jun/2021:06:47:23 +0800] "GET /tool/poem-tang/2984/ HTTP/1.1" 200 5462 "-" "Mozilla/5.0 (compatible; BLEXBot/1.0; +http://webmeup-crawler.com/)"
157.90.209.78 - - [14/Jun/2021:06:47:27 +0800] "GET /tool/poem-tang/2985/ HTTP/1.1" 200 6019 "-" "Mozilla/5.0 (compatible; BLEXBot/1.0; +http://webmeup-crawler.com/)"
157.90.209.78 - - [14/Jun/2021:06:47:30 +0800] "GET /tool/poem-tang/2987/ HTTP/1.1" 200 6009 "-" "Mozilla/5.0 (compatible; BLEXBot/1.0; +http://webmeup-crawler.com/)"
157.90.209.78 - - [14/Jun/2021:06:47:34 +0800] "GET /tool/poem-tang/2988/ HTTP/1.1" 200 5799 "-" "Mozilla/5.0 (compatible; BLEXBot/1.0; +http://webmeup-crawler.com/)"
157.90.209.78 - - [14/Jun/2021:06:47:37 +0800] "GET /tool/poem-tang/2989/ HTTP/1.1" 200 6771 "-" "Mozilla/5.0 (compatible; BLEXBot/1.0; +http://webmeup-crawler.com/)"
157.90.209.78 - - [14/Jun/2021:06:47:41 +0800] "GET /tool/poem-tang/299/ HTTP/1.1" 200 7639 "-" "Mozilla/5.0 (compatible; BLEXBot/1.0; +http://webmeup-crawler.com/)"
157.90.209.78 - - [14/Jun/2021:06:47:44 +0800] "GET /tool/poem-tang/2991/ HTTP/1.1" 200 5855 "-" "Mozilla/5.0 (compatible; BLEXBot/1.0; +http://webmeup-crawler.com/)"
157.90.209.78 - - [14/Jun/2021:06:47:48 +0800] "GET /tool/poem-tang/2993/ HTTP/1.1" 200 6472 "-" "Mozilla/5.0 (compatible; BLEXBot/1.0; +http://webmeup-crawler.com/)"
54.36.148.205 - - [14/Jun/2021:06:47:51 +0800] "GET /tool/poem-tang/3289/ HTTP/2.0" 200 7524 "-" "Mozilla/5.0 (compatible; AhrefsBot/7.0; +http://ahrefs.com/robot/)"
157.90.209.78 - - [14/Jun/2021:06:47:52 +0800] "GET /tool/poem-tang/2994/ HTTP/1.1" 200 6098 "-" "Mozilla/5.0 (compatible; BLEXBot/1.0; +http://webmeup-crawler.com/)"
157.90.209.78 - - [14/Jun/2021:06:47:56 +0800] "GET /tool/poem-tang/2995/ HTTP/1.1" 200 5793 "-" "Mozilla/5.0 (compatible; BLEXBot/1.0; +http://webmeup-crawler.com/)"
157.90.209.78 - - [14/Jun/2021:06:48:00 +0800] "GET /tool/poem-tang/2996/ HTTP/1.1" 200 5628 "-" "Mozilla/5.0 (compatible; BLEXBot/1.0; +http://webmeup-crawler.com/)"
157.90.209.78 - - [14/Jun/2021:06:48:03 +0800] "GET /tool/poem-tang/2998/ HTTP/1.1" 200 6733 "-" "Mozilla/5.0 (compatible; BLEXBot/1.0; +http://webmeup-crawler.com/)"
157.90.209.78 - - [14/Jun/2021:06:48:07 +0800] "GET /tool/poem-tang/2999/ HTTP/1.1" 200 7165 "-" "Mozilla/5.0 (compatible; BLEXBot/1.0; +http://webmeup-crawler.com/)"
157.90.209.78 - - [14/Jun/2021:06:48:17 +0800] "GET /tool/poem-tang/300/ HTTP/1.1" 200 5773 "-" "Mozilla/5.0 (compatible; BLEXBot/1.0; +http://webmeup-crawler.com/)"
157.90.209.78 - - [14/Jun/2021:06:48:21 +0800] "GET /tool/poem-tang/3000/ HTTP/1.1" 200 8733 "-" "Mozilla/5.0 (compatible; BLEXBot/1.0; +http://webmeup-crawler.com/)"
157.90.209.78 - - [14/Jun/2021:06:48:25 +0800] "GET /tool/poem-tang/3002/ HTTP/1.1" 200 6819 "-" "Mozilla/5.0 (compatible; BLEXBot/1.0; +http://webmeup-crawler.com/)"
157.90.209.78 - - [14/Jun/2021:06:48:30 +0800] "GET /tool/poem-tang/3004/ HTTP/1.1" 200 6554 "-" "Mozilla/5.0 (compatible; BLEXBot/1.0; +http://webmeup-crawler.com/)"
157.90.209.78 - - [14/Jun/2021:06:48:32 +0800] "GET /tool/poem-tang/3008/ HTTP/1.1" 200 5636 "-" "Mozilla/5.0 (compatible; BLEXBot/1.0; +http://webmeup-crawler.com/)"
157.90.209.78 - - [14/Jun/2021:06:48:38 +0800] "GET /tool/poem-tang/3009/ HTTP/1.1" 200 5914 "-" "Mozilla/5.0 (compatible; BLEXBot/1.0; +http://webmeup-crawler.com/)"
157.90.209.78 - - [14/Jun/2021:06:48:41 +0800] "GET /tool/poem-tang/301/ HTTP/1.1" 200 9224 "-" "Mozilla/5.0 (compatible; BLEXBot/1.0; +http://webmeup-crawler.com/)"
157.90.209.78 - - [14/Jun/2021:06:48:44 +0800] "GET /tool/poem-tang/3011/ HTTP/1.1" 200 6278 "-" "Mozilla/5.0 (compatible; BLEXBot/1.0; +http://webmeup-crawler.com/)"
157.90.209.78 - - [14/Jun/2021:06:48:48 +0800] "GET /tool/poem-tang/3013/ HTTP/1.1" 200 5842 "-" "Mozilla/5.0 (compatible; BLEXBot/1.0; +http://webmeup-crawler.com/)"
114.119.133.138 - - [14/Jun/2021:06:48:48 +0800] "GET /tool/poem-song/4198/ HTTP/1.1" 200 5730 "-" "Mozilla/5.0 (Linux; Android 7.0;) AppleWebKit/537.36 (KHTML, like Gecko) Mobile Safari/537.36 (compatible; PetalBot;+https://webmaster.petalsearch.com/site/petalbot)"
54.36.149.81 - - [14/Jun/2021:06:48:50 +0800] "GET /tool/poem-tang/206/ HTTP/2.0" 200 7369 "-" "Mozilla/5.0 (compatible; AhrefsBot/7.0; +http://ahrefs.com/robot/)"
157.90.209.78 - - [14/Jun/2021:06:48:51 +0800] "GET /tool/poem-tang/3014/ HTTP/1.1" 200 6093 "-" "Mozilla/5.0 (compatible; BLEXBot/1.0; +http://webmeup-crawler.com/)"
157.90.209.78 - - [14/Jun/2021:06:48:55 +0800] "GET /tool/poem-tang/3016/ HTTP/1.1" 200 5614 "-" "Mozilla/5.0 (compatible; BLEXBot/1.0; +http://webmeup-crawler.com/)"
157.90.209.78 - - [14/Jun/2021:06:48:58 +0800] "GET /tool/poem-tang/3018/ HTTP/1.1" 200 6150 "-" "Mozilla/5.0 (compatible; BLEXBot/1.0; +http://webmeup-crawler.com/)"
157.90.209.78 - - [14/Jun/2021:06:49:01 +0800] "GET /tool/poem-tang/3019/ HTTP/1.1" 200 6563 "-" "Mozilla/5.0 (compatible; BLEXBot/1.0; +http://webmeup-crawler.com/)"
157.90.209.78 - - [14/Jun/2021:06:49:05 +0800] "GET /tool/poem-tang/3021/ HTTP/1.1" 200 5808 "-" "Mozilla/5.0 (compatible; BLEXBot/1.0; +http://webmeup-crawler.com/)"
157.90.209.78 - - [14/Jun/2021:06:49:09 +0800] "GET /tool/poem-tang/3024/ HTTP/1.1" 200 5490 "-" "Mozilla/5.0 (compatible; BLEXBot/1.0; +http://webmeup-crawler.com/)"
157.90.209.78 - - [14/Jun/2021:06:49:13 +0800] "GET /tool/poem-tang/3025/ HTTP/1.1" 200 5726 "-" "Mozilla/5.0 (compatible; BLEXBot/1.0; +http://webmeup-crawler.com/)"
157.90.209.78 - - [14/Jun/2021:06:49:16 +0800] "GET /tool/poem-tang/3026/ HTTP/1.1" 200 5951 "-" "Mozilla/5.0 (compatible; BLEXBot/1.0; +http://webmeup-crawler.com/)"
157.90.209.78 - - [14/Jun/2021:06:49:18 +0800] "GET /tool/poem-tang/3027/ HTTP/1.1" 200 5610 "-" "Mozilla/5.0 (compatible; BLEXBot/1.0; +http://webmeup-crawler.com/)"
157.90.209.78 - - [14/Jun/2021:06:49:20 +0800] "GET /tool/poem-tang/3028/ HTTP/1.1" 200 5232 "-" "Mozilla/5.0 (compatible; BLEXBot/1.0; +http://webmeup-crawler.com/)"
157.90.209.78 - - [14/Jun/2021:06:49:22 +0800] "GET /tool/poem-tang/303/ HTTP/1.1" 200 7347 "-" "Mozilla/5.0 (compatible; BLEXBot/1.0; +http://webmeup-crawler.com/)"
157.90.209.78 - - [14/Jun/2021:06:49:24 +0800] "GET /tool/poem-tang/3030/ HTTP/1.1" 200 5656 "-" "Mozilla/5.0 (compatible; BLEXBot/1.0; +http://webmeup-crawler.com/)"
54.36.148.201 - - [14/Jun/2021:06:49:45 +0800] "GET /tool/poem-tang/598/ HTTP/2.0" 200 5842 "-" "Mozilla/5.0 (compatible; AhrefsBot/7.0; +http://ahrefs.com/robot/)"
121.89.234.40 - - [14/Jun/2021:06:49:52 +0800] "GET / HTTP/1.1" 301 194 "-" "Mozilla/5.0 (Windows NT 10.0; WOW64) AppleWebKit/537.36 (KHTML, like Gecko) Chrome/63.0.3239.132 Safari/537.36"
121.89.234.40 - - [14/Jun/2021:06:49:52 +0800] "GET / HTTP/1.1" 200 49134 "-" "Mozilla/5.0 (Windows NT 10.0; WOW64) AppleWebKit/537.36 (KHTML, like Gecko) Chrome/63.0.3239.132 Safari/537.36"
157.90.209.78 - - [14/Jun/2021:06:49:56 +0800] "GET /tool/poem-tang/3032/ HTTP/1.1" 200 5895 "-" "Mozilla/5.0 (compatible; BLEXBot/1.0; +http://webmeup-crawler.com/)"
157.90.209.78 - - [14/Jun/2021:06:50:00 +0800] "GET /tool/poem-tang/3033/ HTTP/1.1" 200 5690 "-" "Mozilla/5.0 (compatible; BLEXBot/1.0; +http://webmeup-crawler.com/)"
157.90.209.78 - - [14/Jun/2021:06:50:03 +0800] "GET /tool/poem-tang/3035/ HTTP/1.1" 200 5591 "-" "Mozilla/5.0 (compatible; BLEXBot/1.0; +http://webmeup-crawler.com/)"
157.90.209.78 - - [14/Jun/2021:06:50:05 +0800] "GET /tool/poem-tang/3037/ HTTP/1.1" 200 5551 "-" "Mozilla/5.0 (compatible; BLEXBot/1.0; +http://webmeup-crawler.com/)"
157.90.209.78 - - [14/Jun/2021:06:50:09 +0800] "GET /tool/poem-tang/3038/ HTTP/1.1" 200 5741 "-" "Mozilla/5.0 (compatible; BLEXBot/1.0; +http://webmeup-crawler.com/)"
157.90.209.78 - - [14/Jun/2021:06:50:18 +0800] "GET /tool/poem-tang/304/ HTTP/1.1" 200 7657 "-" "Mozilla/5.0 (compatible; BLEXBot/1.0; +http://webmeup-crawler.com/)"
157.90.209.78 - - [14/Jun/2021:06:50:21 +0800] "GET /tool/poem-tang/3041/ HTTP/1.1" 200 5497 "-" "Mozilla/5.0 (compatible; BLEXBot/1.0; +http://webmeup-crawler.com/)"
157.90.209.78 - - [14/Jun/2021:06:50:26 +0800] "GET /tool/poem-tang/3042/ HTTP/1.1" 200 5636 "-" "Mozilla/5.0 (compatible; BLEXBot/1.0; +http://webmeup-crawler.com/)"
157.90.209.78 - - [14/Jun/2021:06:50:29 +0800] "GET /tool/poem-tang/3045/ HTTP/1.1" 200 7614 "-" "Mozilla/5.0 (compatible; BLEXBot/1.0; +http://webmeup-crawler.com/)"
157.90.209.78 - - [14/Jun/2021:06:50:32 +0800] "GET /tool/poem-tang/3047/ HTTP/1.1" 200 5914 "-" "Mozilla/5.0 (compatible; BLEXBot/1.0; +http://webmeup-crawler.com/)"
157.90.209.78 - - [14/Jun/2021:06:50:36 +0800] "GET /tool/poem-tang/3048/ HTTP/1.1" 200 5486 "-" "Mozilla/5.0 (compatible; BLEXBot/1.0; +http://webmeup-crawler.com/)"
157.90.209.78 - - [14/Jun/2021:06:50:40 +0800] "GET /tool/poem-tang/3050/ HTTP/1.1" 200 6349 "-" "Mozilla/5.0 (compatible; BLEXBot/1.0; +http://webmeup-crawler.com/)"
157.90.209.78 - - [14/Jun/2021:06:50:43 +0800] "GET /tool/poem-tang/3051/ HTTP/1.1" 200 5586 "-" "Mozilla/5.0 (compatible; BLEXBot/1.0; +http://webmeup-crawler.com/)"
54.36.148.249 - - [14/Jun/2021:06:50:44 +0800] "GET /tool/poem-tang/1194/ HTTP/2.0" 200 5659 "-" "Mozilla/5.0 (compatible; AhrefsBot/7.0; +http://ahrefs.com/robot/)"
157.90.209.78 - - [14/Jun/2021:06:50:48 +0800] "GET /tool/poem-tang/3053/ HTTP/1.1" 200 5534 "-" "Mozilla/5.0 (compatible; BLEXBot/1.0; +http://webmeup-crawler.com/)"
157.90.209.78 - - [14/Jun/2021:06:50:52 +0800] "GET /tool/poem-tang/3054/ HTTP/1.1" 200 5703 "-" "Mozilla/5.0 (compatible; BLEXBot/1.0; +http://webmeup-crawler.com/)"
157.90.209.78 - - [14/Jun/2021:06:50:56 +0800] "GET /tool/poem-tang/3055/ HTTP/1.1" 200 5493 "-" "Mozilla/5.0 (compatible; BLEXBot/1.0; +http://webmeup-crawler.com/)"
157.90.209.78 - - [14/Jun/2021:06:51:00 +0800] "GET /tool/poem-tang/3056/ HTTP/1.1" 200 5783 "-" "Mozilla/5.0 (compatible; BLEXBot/1.0; +http://webmeup-crawler.com/)"
157.90.209.78 - - [14/Jun/2021:06:51:04 +0800] "GET /tool/poem-tang/3057/ HTTP/1.1" 200 5497 "-" "Mozilla/5.0 (compatible; BLEXBot/1.0; +http://webmeup-crawler.com/)"
157.90.209.78 - - [14/Jun/2021:06:51:08 +0800] "GET /tool/poem-tang/306/ HTTP/1.1" 200 6366 "-" "Mozilla/5.0 (compatible; BLEXBot/1.0; +http://webmeup-crawler.com/)"
157.90.209.78 - - [14/Jun/2021:06:51:13 +0800] "GET /tool/poem-tang/3060/ HTTP/1.1" 200 5531 "-" "Mozilla/5.0 (compatible; BLEXBot/1.0; +http://webmeup-crawler.com/)"
157.90.209.78 - - [14/Jun/2021:06:51:18 +0800] "GET /tool/poem-tang/3061/ HTTP/1.1" 200 5835 "-" "Mozilla/5.0 (compatible; BLEXBot/1.0; +http://webmeup-crawler.com/)"
157.90.209.78 - - [14/Jun/2021:06:51:21 +0800] "GET /tool/poem-tang/3062/ HTTP/1.1" 200 5650 "-" "Mozilla/5.0 (compatible; BLEXBot/1.0; +http://webmeup-crawler.com/)"
157.90.209.78 - - [14/Jun/2021:06:51:24 +0800] "GET /tool/poem-tang/3064/ HTTP/1.1" 200 5657 "-" "Mozilla/5.0 (compatible; BLEXBot/1.0; +http://webmeup-crawler.com/)"
157.90.209.78 - - [14/Jun/2021:06:51:27 +0800] "GET /tool/poem-tang/3069/ HTTP/1.1" 200 6432 "-" "Mozilla/5.0 (compatible; BLEXBot/1.0; +http://webmeup-crawler.com/)"
157.90.209.78 - - [14/Jun/2021:06:51:30 +0800] "GET /tool/poem-tang/307/ HTTP/1.1" 200 5460 "-" "Mozilla/5.0 (compatible; BLEXBot/1.0; +http://webmeup-crawler.com/)"
157.90.209.78 - - [14/Jun/2021:06:51:32 +0800] "GET /tool/poem-tang/3070/ HTTP/1.1" 200 5866 "-" "Mozilla/5.0 (compatible; BLEXBot/1.0; +http://webmeup-crawler.com/)"
157.90.209.78 - - [14/Jun/2021:06:51:34 +0800] "GET /tool/poem-tang/3071/ HTTP/1.1" 200 5706 "-" "Mozilla/5.0 (compatible; BLEXBot/1.0; +http://webmeup-crawler.com/)"
157.90.209.78 - - [14/Jun/2021:06:51:36 +0800] "GET /tool/poem-tang/3072/ HTTP/1.1" 200 6141 "-" "Mozilla/5.0 (compatible; BLEXBot/1.0; +http://webmeup-crawler.com/)"
54.36.149.70 - - [14/Jun/2021:06:51:38 +0800] "GET /tool/ci-song/1369/ HTTP/2.0" 200 5231 "-" "Mozilla/5.0 (compatible; AhrefsBot/7.0; +http://ahrefs.com/robot/)"
157.90.209.78 - - [14/Jun/2021:06:51:39 +0800] "GET /tool/poem-tang/3073/ HTTP/1.1" 200 5754 "-" "Mozilla/5.0 (compatible; BLEXBot/1.0; +http://webmeup-crawler.com/)"
157.90.209.78 - - [14/Jun/2021:06:51:41 +0800] "GET /tool/poem-tang/3076/ HTTP/1.1" 200 6076 "-" "Mozilla/5.0 (compatible; BLEXBot/1.0; +http://webmeup-crawler.com/)"
157.90.209.78 - - [14/Jun/2021:06:51:43 +0800] "GET /tool/poem-tang/3077/ HTTP/1.1" 200 6068 "-" "Mozilla/5.0 (compatible; BLEXBot/1.0; +http://webmeup-crawler.com/)"
157.90.209.78 - - [14/Jun/2021:06:51:45 +0800] "GET /tool/poem-tang/3082/ HTTP/1.1" 200 5877 "-" "Mozilla/5.0 (compatible; BLEXBot/1.0; +http://webmeup-crawler.com/)"
157.90.209.78 - - [14/Jun/2021:06:52:19 +0800] "GET /tool/poem-tang/3083/ HTTP/1.1" 200 5971 "-" "Mozilla/5.0 (compatible; BLEXBot/1.0; +http://webmeup-crawler.com/)"
157.90.209.78 - - [14/Jun/2021:06:52:21 +0800] "GET /tool/poem-tang/3086/ HTTP/1.1" 200 6661 "-" "Mozilla/5.0 (compatible; BLEXBot/1.0; +http://webmeup-crawler.com/)"
115.31.168.33 - - [14/Jun/2021:06:52:23 +0800] "GET / HTTP/1.1" 301 194 "-" "Mozilla/5.0 (Windows NT 6.1; WOW64) AppleWebKit/537.36 (KHTML, like Gecko) Chrome/52.0.2743.116 Safari/537.36"
157.90.209.78 - - [14/Jun/2021:06:52:24 +0800] "GET /tool/poem-tang/3087/ HTTP/1.1" 200 5768 "-" "Mozilla/5.0 (compatible; BLEXBot/1.0; +http://webmeup-crawler.com/)"
157.90.209.78 - - [14/Jun/2021:06:52:26 +0800] "GET /tool/poem-tang/3088/ HTTP/1.1" 200 5851 "-" "Mozilla/5.0 (compatible; BLEXBot/1.0; +http://webmeup-crawler.com/)"
157.90.209.78 - - [14/Jun/2021:06:52:29 +0800] "GET /tool/poem-tang/3089/ HTTP/1.1" 200 5765 "-" "Mozilla/5.0 (compatible; BLEXBot/1.0; +http://webmeup-crawler.com/)"
54.36.148.126 - - [14/Jun/2021:06:52:32 +0800] "GET /tool/poem-song/9653/ HTTP/2.0" 200 5680 "-" "Mozilla/5.0 (compatible; AhrefsBot/7.0; +http://ahrefs.com/robot/)"
157.90.209.78 - - [14/Jun/2021:06:52:33 +0800] "GET /tool/poem-tang/3090/ HTTP/1.1" 200 6225 "-" "Mozilla/5.0 (compatible; BLEXBot/1.0; +http://webmeup-crawler.com/)"
157.90.209.78 - - [14/Jun/2021:06:52:37 +0800] "GET /tool/poem-tang/3091/ HTTP/1.1" 200 6760 "-" "Mozilla/5.0 (compatible; BLEXBot/1.0; +http://webmeup-crawler.com/)"
157.90.209.78 - - [14/Jun/2021:06:52:42 +0800] "GET /tool/poem-tang/3094/ HTTP/1.1" 200 5782 "-" "Mozilla/5.0 (compatible; BLEXBot/1.0; +http://webmeup-crawler.com/)"
157.90.209.78 - - [14/Jun/2021:06:52:48 +0800] "GET /tool/poem-tang/3096/ HTTP/1.1" 200 5797 "-" "Mozilla/5.0 (compatible; BLEXBot/1.0; +http://webmeup-crawler.com/)"
157.90.209.78 - - [14/Jun/2021:06:52:55 +0800] "GET /tool/poem-tang/3100/ HTTP/1.1" 200 5746 "-" "Mozilla/5.0 (compatible; BLEXBot/1.0; +http://webmeup-crawler.com/)"
157.90.209.78 - - [14/Jun/2021:06:52:57 +0800] "GET /tool/poem-tang/3102/ HTTP/1.1" 200 6512 "-" "Mozilla/5.0 (compatible; BLEXBot/1.0; +http://webmeup-crawler.com/)"
157.90.209.78 - - [14/Jun/2021:06:53:00 +0800] "GET /tool/poem-tang/3103/ HTTP/1.1" 200 5861 "-" "Mozilla/5.0 (compatible; BLEXBot/1.0; +http://webmeup-crawler.com/)"
157.90.209.78 - - [14/Jun/2021:06:53:02 +0800] "GET /tool/poem-tang/3104/ HTTP/1.1" 200 5548 "-" "Mozilla/5.0 (compatible; BLEXBot/1.0; +http://webmeup-crawler.com/)"
157.90.209.78 - - [14/Jun/2021:06:53:08 +0800] "GET /tool/poem-tang/3105/ HTTP/1.1" 200 5883 "-" "Mozilla/5.0 (compatible; BLEXBot/1.0; +http://webmeup-crawler.com/)"
157.90.209.78 - - [14/Jun/2021:06:53:13 +0800] "GET /tool/poem-tang/3108/ HTTP/1.1" 200 6113 "-" "Mozilla/5.0 (compatible; BLEXBot/1.0; +http://webmeup-crawler.com/)"
157.90.209.78 - - [14/Jun/2021:06:53:17 +0800] "GET /tool/poem-tang/3109/ HTTP/1.1" 200 5742 "-" "Mozilla/5.0 (compatible; BLEXBot/1.0; +http://webmeup-crawler.com/)"
157.90.209.78 - - [14/Jun/2021:06:53:22 +0800] "GET /tool/poem-tang/311/ HTTP/1.1" 200 5898 "-" "Mozilla/5.0 (compatible; BLEXBot/1.0; +http://webmeup-crawler.com/)"
157.90.209.78 - - [14/Jun/2021:06:53:26 +0800] "GET /tool/poem-tang/3113/ HTTP/1.1" 200 5711 "-" "Mozilla/5.0 (compatible; BLEXBot/1.0; +http://webmeup-crawler.com/)"
157.90.209.78 - - [14/Jun/2021:06:53:30 +0800] "GET /tool/poem-tang/3114/ HTTP/1.1" 200 5729 "-" "Mozilla/5.0 (compatible; BLEXBot/1.0; +http://webmeup-crawler.com/)"
157.90.209.78 - - [14/Jun/2021:06:53:35 +0800] "GET /tool/poem-tang/3115/ HTTP/1.1" 200 5584 "-" "Mozilla/5.0 (compatible; BLEXBot/1.0; +http://webmeup-crawler.com/)"
157.90.209.78 - - [14/Jun/2021:06:53:43 +0800] "GET /tool/poem-tang/3117/ HTTP/1.1" 200 5543 "-" "Mozilla/5.0 (compatible; BLEXBot/1.0; +http://webmeup-crawler.com/)"
157.90.209.78 - - [14/Jun/2021:06:53:47 +0800] "GET /tool/poem-tang/3118/ HTTP/1.1" 200 5807 "-" "Mozilla/5.0 (compatible; BLEXBot/1.0; +http://webmeup-crawler.com/)"
157.90.209.78 - - [14/Jun/2021:06:53:50 +0800] "GET /tool/poem-tang/3120/ HTTP/1.1" 200 5830 "-" "Mozilla/5.0 (compatible; BLEXBot/1.0; +http://webmeup-crawler.com/)"
157.90.209.78 - - [14/Jun/2021:06:53:55 +0800] "GET /tool/poem-tang/3124/ HTTP/1.1" 200 5950 "-" "Mozilla/5.0 (compatible; BLEXBot/1.0; +http://webmeup-crawler.com/)"
157.90.209.78 - - [14/Jun/2021:06:53:59 +0800] "GET /tool/poem-tang/3125/ HTTP/1.1" 200 5533 "-" "Mozilla/5.0 (compatible; BLEXBot/1.0; +http://webmeup-crawler.com/)"
157.90.209.78 - - [14/Jun/2021:06:54:03 +0800] "GET /tool/poem-tang/3126/ HTTP/1.1" 200 7192 "-" "Mozilla/5.0 (compatible; BLEXBot/1.0; +http://webmeup-crawler.com/)"
157.90.209.78 - - [14/Jun/2021:06:54:09 +0800] "GET /tool/poem-tang/3127/ HTTP/1.1" 200 7096 "-" "Mozilla/5.0 (compatible; BLEXBot/1.0; +http://webmeup-crawler.com/)"
157.90.209.78 - - [14/Jun/2021:06:54:13 +0800] "GET /tool/poem-tang/3128/ HTTP/1.1" 200 5497 "-" "Mozilla/5.0 (compatible; BLEXBot/1.0; +http://webmeup-crawler.com/)"
157.90.209.78 - - [14/Jun/2021:06:54:18 +0800] "GET /tool/poem-tang/313/ HTTP/1.1" 200 6335 "-" "Mozilla/5.0 (compatible; BLEXBot/1.0; +http://webmeup-crawler.com/)"
157.90.209.78 - - [14/Jun/2021:06:54:22 +0800] "GET /tool/poem-tang/3132/ HTTP/1.1" 200 5764 "-" "Mozilla/5.0 (compatible; BLEXBot/1.0; +http://webmeup-crawler.com/)"
54.36.148.38 - - [14/Jun/2021:06:54:24 +0800] "GET /tool/poem-tang/1774/ HTTP/2.0" 200 5921 "-" "Mozilla/5.0 (compatible; AhrefsBot/7.0; +http://ahrefs.com/robot/)"
157.90.209.78 - - [14/Jun/2021:06:54:25 +0800] "GET /tool/poem-tang/3133/ HTTP/1.1" 200 5640 "-" "Mozilla/5.0 (compatible; BLEXBot/1.0; +http://webmeup-crawler.com/)"
157.90.209.78 - - [14/Jun/2021:06:54:29 +0800] "GET /tool/poem-tang/3134/ HTTP/1.1" 200 5509 "-" "Mozilla/5.0 (compatible; BLEXBot/1.0; +http://webmeup-crawler.com/)"
157.90.209.78 - - [14/Jun/2021:06:54:34 +0800] "GET /tool/poem-tang/3135/ HTTP/1.1" 200 6456 "-" "Mozilla/5.0 (compatible; BLEXBot/1.0; +http://webmeup-crawler.com/)"
157.90.209.78 - - [14/Jun/2021:06:54:39 +0800] "GET /tool/poem-tang/3136/ HTTP/1.1" 200 5911 "-" "Mozilla/5.0 (compatible; BLEXBot/1.0; +http://webmeup-crawler.com/)"
157.90.209.78 - - [14/Jun/2021:06:54:42 +0800] "GET /tool/poem-tang/3138/ HTTP/1.1" 200 5536 "-" "Mozilla/5.0 (compatible; BLEXBot/1.0; +http://webmeup-crawler.com/)"
157.90.209.78 - - [14/Jun/2021:06:54:46 +0800] "GET /tool/poem-tang/314/ HTTP/1.1" 200 6769 "-" "Mozilla/5.0 (compatible; BLEXBot/1.0; +http://webmeup-crawler.com/)"
157.90.209.78 - - [14/Jun/2021:06:54:49 +0800] "GET /tool/poem-tang/3140/ HTTP/1.1" 200 5625 "-" "Mozilla/5.0 (compatible; BLEXBot/1.0; +http://webmeup-crawler.com/)"
157.90.209.78 - - [14/Jun/2021:06:54:53 +0800] "GET /tool/poem-tang/3141/ HTTP/1.1" 200 6292 "-" "Mozilla/5.0 (compatible; BLEXBot/1.0; +http://webmeup-crawler.com/)"
203.208.60.29 - - [14/Jun/2021:06:54:56 +0800] "GET /tool/poem-song/12344/ HTTP/1.1" 200 5180 "-" "Mozilla/5.0 (compatible; Googlebot/2.1; +http://www.google.com/bot.html)"
157.90.209.78 - - [14/Jun/2021:06:54:57 +0800] "GET /tool/poem-tang/3142/ HTTP/1.1" 200 5710 "-" "Mozilla/5.0 (compatible; BLEXBot/1.0; +http://webmeup-crawler.com/)"
157.90.209.78 - - [14/Jun/2021:06:55:01 +0800] "GET /tool/poem-tang/3143/ HTTP/1.1" 200 5668 "-" "Mozilla/5.0 (compatible; BLEXBot/1.0; +http://webmeup-crawler.com/)"
157.90.209.78 - - [14/Jun/2021:06:55:06 +0800] "GET /tool/poem-tang/3145/ HTTP/1.1" 200 5691 "-" "Mozilla/5.0 (compatible; BLEXBot/1.0; +http://webmeup-crawler.com/)"
157.90.209.78 - - [14/Jun/2021:06:55:10 +0800] "GET /tool/poem-tang/3147/ HTTP/1.1" 200 5610 "-" "Mozilla/5.0 (compatible; BLEXBot/1.0; +http://webmeup-crawler.com/)"
157.90.209.78 - - [14/Jun/2021:06:55:15 +0800] "GET /tool/poem-tang/3148/ HTTP/1.1" 200 5769 "-" "Mozilla/5.0 (compatible; BLEXBot/1.0; +http://webmeup-crawler.com/)"
157.90.209.78 - - [14/Jun/2021:06:55:18 +0800] "GET /tool/poem-tang/315/ HTTP/1.1" 200 6901 "-" "Mozilla/5.0 (compatible; BLEXBot/1.0; +http://webmeup-crawler.com/)"
157.90.209.78 - - [14/Jun/2021:06:55:21 +0800] "GET /tool/poem-tang/3157/ HTTP/1.1" 200 5853 "-" "Mozilla/5.0 (compatible; BLEXBot/1.0; +http://webmeup-crawler.com/)"
157.90.209.78 - - [14/Jun/2021:06:55:28 +0800] "GET /tool/poem-tang/3158/ HTTP/1.1" 200 5571 "-" "Mozilla/5.0 (compatible; BLEXBot/1.0; +http://webmeup-crawler.com/)"
157.90.209.78 - - [14/Jun/2021:06:55:32 +0800] "GET /tool/poem-tang/3159/ HTTP/1.1" 200 5542 "-" "Mozilla/5.0 (compatible; BLEXBot/1.0; +http://webmeup-crawler.com/)"
157.90.209.78 - - [14/Jun/2021:06:55:36 +0800] "GET /tool/poem-tang/316/ HTTP/1.1" 200 6876 "-" "Mozilla/5.0 (compatible; BLEXBot/1.0; +http://webmeup-crawler.com/)"
157.90.209.78 - - [14/Jun/2021:06:55:40 +0800] "GET /tool/poem-tang/3160/ HTTP/1.1" 200 5555 "-" "Mozilla/5.0 (compatible; BLEXBot/1.0; +http://webmeup-crawler.com/)"
157.90.209.78 - - [14/Jun/2021:06:55:44 +0800] "GET /tool/poem-tang/3161/ HTTP/1.1" 200 5606 "-" "Mozilla/5.0 (compatible; BLEXBot/1.0; +http://webmeup-crawler.com/)"
157.90.209.78 - - [14/Jun/2021:06:55:47 +0800] "GET /tool/poem-tang/3162/ HTTP/1.1" 200 5596 "-" "Mozilla/5.0 (compatible; BLEXBot/1.0; +http://webmeup-crawler.com/)"
157.90.209.78 - - [14/Jun/2021:06:55:50 +0800] "GET /tool/poem-tang/3163/ HTTP/1.1" 200 5609 "-" "Mozilla/5.0 (compatible; BLEXBot/1.0; +http://webmeup-crawler.com/)"
157.90.209.78 - - [14/Jun/2021:06:55:55 +0800] "GET /tool/poem-tang/3164/ HTTP/1.1" 200 5809 "-" "Mozilla/5.0 (compatible; BLEXBot/1.0; +http://webmeup-crawler.com/)"
157.90.209.78 - - [14/Jun/2021:06:55:59 +0800] "GET /tool/poem-tang/3165/ HTTP/1.1" 200 5786 "-" "Mozilla/5.0 (compatible; BLEXBot/1.0; +http://webmeup-crawler.com/)"
157.90.209.78 - - [14/Jun/2021:06:56:02 +0800] "GET /tool/poem-tang/3166/ HTTP/1.1" 200 5976 "-" "Mozilla/5.0 (compatible; BLEXBot/1.0; +http://webmeup-crawler.com/)"
157.90.209.78 - - [14/Jun/2021:06:56:05 +0800] "GET /tool/poem-tang/3168/ HTTP/1.1" 200 5742 "-" "Mozilla/5.0 (compatible; BLEXBot/1.0; +http://webmeup-crawler.com/)"
157.90.209.78 - - [14/Jun/2021:06:56:09 +0800] "GET /tool/poem-tang/3169/ HTTP/1.1" 200 6033 "-" "Mozilla/5.0 (compatible; BLEXBot/1.0; +http://webmeup-crawler.com/)"
157.90.209.78 - - [14/Jun/2021:06:56:11 +0800] "GET /tool/poem-tang/317/ HTTP/1.1" 200 5604 "-" "Mozilla/5.0 (compatible; BLEXBot/1.0; +http://webmeup-crawler.com/)"
54.36.148.135 - - [14/Jun/2021:06:56:12 +0800] "GET /tool/ci-song/1467/ HTTP/2.0" 200 5611 "-" "Mozilla/5.0 (compatible; AhrefsBot/7.0; +http://ahrefs.com/robot/)"
157.90.209.78 - - [14/Jun/2021:06:56:21 +0800] "GET /robots.txt HTTP/1.1" 301 194 "-" "Mozilla/5.0 (compatible; BLEXBot/1.0; +http://webmeup-crawler.com/)"
157.90.209.78 - - [14/Jun/2021:06:56:24 +0800] "GET /robots.txt HTTP/1.1" 404 2972 "-" "Mozilla/5.0 (compatible; BLEXBot/1.0; +http://webmeup-crawler.com/)"
157.90.209.78 - - [14/Jun/2021:06:56:24 +0800] "GET /tool/poem-tang/3172/ HTTP/1.1" 200 5535 "-" "Mozilla/5.0 (compatible; BLEXBot/1.0; +http://webmeup-crawler.com/)"
157.90.209.78 - - [14/Jun/2021:06:56:29 +0800] "GET /tool/poem-tang/3175/ HTTP/1.1" 200 5732 "-" "Mozilla/5.0 (compatible; BLEXBot/1.0; +http://webmeup-crawler.com/)"
157.90.209.78 - - [14/Jun/2021:06:56:33 +0800] "GET /tool/poem-tang/3176/ HTTP/1.1" 200 6070 "-" "Mozilla/5.0 (compatible; BLEXBot/1.0; +http://webmeup-crawler.com/)"
157.90.209.78 - - [14/Jun/2021:06:56:37 +0800] "GET /tool/poem-tang/3177/ HTTP/1.1" 200 6721 "-" "Mozilla/5.0 (compatible; BLEXBot/1.0; +http://webmeup-crawler.com/)"
157.90.209.78 - - [14/Jun/2021:06:56:41 +0800] "GET /tool/poem-tang/3178/ HTTP/1.1" 200 5570 "-" "Mozilla/5.0 (compatible; BLEXBot/1.0; +http://webmeup-crawler.com/)"
157.90.209.78 - - [14/Jun/2021:06:56:44 +0800] "GET /tool/poem-tang/3179/ HTTP/1.1" 200 5952 "-" "Mozilla/5.0 (compatible; BLEXBot/1.0; +http://webmeup-crawler.com/)"
157.90.209.78 - - [14/Jun/2021:06:56:48 +0800] "GET /tool/poem-tang/318/ HTTP/1.1" 200 5680 "-" "Mozilla/5.0 (compatible; BLEXBot/1.0; +http://webmeup-crawler.com/)"
60.205.136.227 - - [14/Jun/2021:06:56:48 +0800] "GET /rss-feed/ HTTP/1.1" 200 402187 "-" "Mozilla/5.0 (Macintosh; Intel Mac OS X 10_14_6) AppleWebKit/537.36 (KHTML, like Gecko) Chrome/75.0.3770.142 Safari/537.36"
157.90.209.78 - - [14/Jun/2021:06:56:53 +0800] "GET /tool/poem-tang/3180/ HTTP/1.1" 200 5583 "-" "Mozilla/5.0 (compatible; BLEXBot/1.0; +http://webmeup-crawler.com/)"
157.90.209.78 - - [14/Jun/2021:06:56:57 +0800] "GET /tool/poem-tang/3181/ HTTP/1.1" 200 5563 "-" "Mozilla/5.0 (compatible; BLEXBot/1.0; +http://webmeup-crawler.com/)"
157.90.209.78 - - [14/Jun/2021:06:57:00 +0800] "GET /tool/poem-tang/3182/ HTTP/1.1" 200 5562 "-" "Mozilla/5.0 (compatible; BLEXBot/1.0; +http://webmeup-crawler.com/)"
157.90.209.78 - - [14/Jun/2021:06:57:05 +0800] "GET /tool/poem-tang/3184/ HTTP/1.1" 200 6611 "-" "Mozilla/5.0 (compatible; BLEXBot/1.0; +http://webmeup-crawler.com/)"
157.90.209.78 - - [14/Jun/2021:06:57:09 +0800] "GET /tool/poem-tang/3185/ HTTP/1.1" 200 5819 "-" "Mozilla/5.0 (compatible; BLEXBot/1.0; +http://webmeup-crawler.com/)"
114.119.135.181 - - [14/Jun/2021:06:57:11 +0800] "GET /tool/poem-tang/484/ HTTP/1.1" 200 6548 "-" "Mozilla/5.0 (Linux; Android 7.0;) AppleWebKit/537.36 (KHTML, like Gecko) Mobile Safari/537.36 (compatible; PetalBot;+https://webmaster.petalsearch.com/site/petalbot)"
157.90.209.78 - - [14/Jun/2021:06:57:13 +0800] "GET /tool/poem-tang/3186/ HTTP/1.1" 200 6287 "-" "Mozilla/5.0 (compatible; BLEXBot/1.0; +http://webmeup-crawler.com/)"
157.90.209.78 - - [14/Jun/2021:06:57:16 +0800] "GET /tool/poem-tang/3188/ HTTP/1.1" 200 5858 "-" "Mozilla/5.0 (compatible; BLEXBot/1.0; +http://webmeup-crawler.com/)"
157.90.209.78 - - [14/Jun/2021:06:57:21 +0800] "GET /tool/poem-tang/3189/ HTTP/1.1" 200 5707 "-" "Mozilla/5.0 (compatible; BLEXBot/1.0; +http://webmeup-crawler.com/)"
157.90.209.78 - - [14/Jun/2021:06:57:24 +0800] "GET /tool/poem-tang/3190/ HTTP/1.1" 200 5519 "-" "Mozilla/5.0 (compatible; BLEXBot/1.0; +http://webmeup-crawler.com/)"
157.90.209.78 - - [14/Jun/2021:06:57:30 +0800] "GET /tool/poem-tang/3191/ HTTP/1.1" 200 9698 "-" "Mozilla/5.0 (compatible; BLEXBot/1.0; +http://webmeup-crawler.com/)"
157.90.209.78 - - [14/Jun/2021:06:57:33 +0800] "GET /tool/poem-tang/3194/ HTTP/1.1" 200 6004 "-" "Mozilla/5.0 (compatible; BLEXBot/1.0; +http://webmeup-crawler.com/)"
157.90.209.78 - - [14/Jun/2021:06:57:35 +0800] "GET /tool/poem-tang/3196/ HTTP/1.1" 200 6028 "-" "Mozilla/5.0 (compatible; BLEXBot/1.0; +http://webmeup-crawler.com/)"
40.77.167.4 - - [14/Jun/2021:06:57:41 +0800] "GET /tool/poem-song/6642/ HTTP/2.0" 200 5842 "-" "Mozilla/5.0 (compatible; bingbot/2.0; +http://www.bing.com/bingbot.htm)"
157.90.209.78 - - [14/Jun/2021:06:57:43 +0800] "GET /tool/poem-tang/3197/ HTTP/1.1" 200 5481 "-" "Mozilla/5.0 (compatible; BLEXBot/1.0; +http://webmeup-crawler.com/)"
157.90.209.78 - - [14/Jun/2021:06:57:48 +0800] "GET /tool/poem-tang/3198/ HTTP/1.1" 200 5159 "-" "Mozilla/5.0 (compatible; BLEXBot/1.0; +http://webmeup-crawler.com/)"
157.90.209.78 - - [14/Jun/2021:06:57:53 +0800] "GET /tool/poem-tang/3199/ HTTP/1.1" 200 5554 "-" "Mozilla/5.0 (compatible; BLEXBot/1.0; +http://webmeup-crawler.com/)"
157.90.209.78 - - [14/Jun/2021:06:57:56 +0800] "GET /tool/poem-tang/32/ HTTP/1.1" 200 5903 "-" "Mozilla/5.0 (compatible; BLEXBot/1.0; +http://webmeup-crawler.com/)"
157.90.209.78 - - [14/Jun/2021:06:58:02 +0800] "GET /tool/poem-tang/320/ HTTP/1.1" 200 6839 "-" "Mozilla/5.0 (compatible; BLEXBot/1.0; +http://webmeup-crawler.com/)"
157.90.209.78 - - [14/Jun/2021:06:58:05 +0800] "GET /tool/poem-tang/3201/ HTTP/1.1" 200 5573 "-" "Mozilla/5.0 (compatible; BLEXBot/1.0; +http://webmeup-crawler.com/)"
54.36.148.150 - - [14/Jun/2021:06:58:06 +0800] "GET /tool/poem-tang/3531/ HTTP/2.0" 200 6637 "-" "Mozilla/5.0 (compatible; AhrefsBot/7.0; +http://ahrefs.com/robot/)"
157.90.209.78 - - [14/Jun/2021:06:58:09 +0800] "GET /tool/poem-tang/3203/ HTTP/1.1" 200 6379 "-" "Mozilla/5.0 (compatible; BLEXBot/1.0; +http://webmeup-crawler.com/)"
157.90.209.78 - - [14/Jun/2021:06:58:15 +0800] "GET /tool/poem-tang/3204/ HTTP/1.1" 200 5660 "-" "Mozilla/5.0 (compatible; BLEXBot/1.0; +http://webmeup-crawler.com/)"
157.90.209.78 - - [14/Jun/2021:06:58:18 +0800] "GET /tool/poem-tang/3205/ HTTP/1.1" 200 6185 "-" "Mozilla/5.0 (compatible; BLEXBot/1.0; +http://webmeup-crawler.com/)"
157.90.209.78 - - [14/Jun/2021:06:58:22 +0800] "GET /tool/poem-tang/3206/ HTTP/1.1" 200 5637 "-" "Mozilla/5.0 (compatible; BLEXBot/1.0; +http://webmeup-crawler.com/)"
157.90.209.78 - - [14/Jun/2021:06:58:24 +0800] "GET /tool/poem-tang/3207/ HTTP/1.1" 200 5845 "-" "Mozilla/5.0 (compatible; BLEXBot/1.0; +http://webmeup-crawler.com/)"
157.90.209.78 - - [14/Jun/2021:06:58:28 +0800] "GET /tool/poem-tang/3208/ HTTP/1.1" 200 5665 "-" "Mozilla/5.0 (compatible; BLEXBot/1.0; +http://webmeup-crawler.com/)"
157.90.209.78 - - [14/Jun/2021:06:58:31 +0800] "GET /tool/poem-tang/3210/ HTTP/1.1" 200 5569 "-" "Mozilla/5.0 (compatible; BLEXBot/1.0; +http://webmeup-crawler.com/)"
203.208.60.84 - - [14/Jun/2021:06:58:36 +0800] "GET /tool/poem-song/11167/?page=119 HTTP/1.1" 200 8025 "-" "Mozilla/5.0 (Linux; Android 6.0.1; Nexus 5X Build/MMB29P) AppleWebKit/537.36 (KHTML, like Gecko) Chrome/91.0.4472.90 Mobile Safari/537.36 (compatible; Googlebot/2.1; +http://www.google.com/bot.html)"
157.90.209.78 - - [14/Jun/2021:06:58:37 +0800] "GET /tool/poem-tang/3214/ HTTP/1.1" 200 5625 "-" "Mozilla/5.0 (compatible; BLEXBot/1.0; +http://webmeup-crawler.com/)"
157.90.209.78 - - [14/Jun/2021:06:58:43 +0800] "GET /tool/poem-tang/3216/ HTTP/1.1" 200 6601 "-" "Mozilla/5.0 (compatible; BLEXBot/1.0; +http://webmeup-crawler.com/)"
157.90.209.78 - - [14/Jun/2021:06:58:48 +0800] "GET /tool/poem-tang/3218/ HTTP/1.1" 200 5673 "-" "Mozilla/5.0 (compatible; BLEXBot/1.0; +http://webmeup-crawler.com/)"
157.90.209.78 - - [14/Jun/2021:06:58:52 +0800] "GET /tool/poem-tang/3220/ HTTP/1.1" 200 5511 "-" "Mozilla/5.0 (compatible; BLEXBot/1.0; +http://webmeup-crawler.com/)"
157.90.209.78 - - [14/Jun/2021:06:58:58 +0800] "GET /tool/poem-tang/3221/ HTTP/1.1" 200 5508 "-" "Mozilla/5.0 (compatible; BLEXBot/1.0; +http://webmeup-crawler.com/)"
157.90.209.78 - - [14/Jun/2021:06:59:02 +0800] "GET /tool/poem-tang/3224/ HTTP/1.1" 200 6157 "-" "Mozilla/5.0 (compatible; BLEXBot/1.0; +http://webmeup-crawler.com/)"
157.90.209.78 - - [14/Jun/2021:06:59:05 +0800] "GET /tool/poem-tang/3225/ HTTP/1.1" 200 5630 "-" "Mozilla/5.0 (compatible; BLEXBot/1.0; +http://webmeup-crawler.com/)"
157.90.209.78 - - [14/Jun/2021:06:59:08 +0800] "GET /tool/poem-tang/3226/ HTTP/1.1" 200 5586 "-" "Mozilla/5.0 (compatible; BLEXBot/1.0; +http://webmeup-crawler.com/)"
157.90.209.78 - - [14/Jun/2021:06:59:11 +0800] "GET /tool/poem-tang/3228/ HTTP/1.1" 200 5590 "-" "Mozilla/5.0 (compatible; BLEXBot/1.0; +http://webmeup-crawler.com/)"
157.90.209.78 - - [14/Jun/2021:06:59:14 +0800] "GET /tool/poem-tang/3230/ HTTP/1.1" 200 5949 "-" "Mozilla/5.0 (compatible; BLEXBot/1.0; +http://webmeup-crawler.com/)"
157.90.209.78 - - [14/Jun/2021:06:59:16 +0800] "GET /tool/poem-tang/3232/ HTTP/1.1" 200 5742 "-" "Mozilla/5.0 (compatible; BLEXBot/1.0; +http://webmeup-crawler.com/)"
157.90.209.78 - - [14/Jun/2021:06:59:21 +0800] "GET /tool/poem-tang/3233/ HTTP/1.1" 200 5731 "-" "Mozilla/5.0 (compatible; BLEXBot/1.0; +http://webmeup-crawler.com/)"
157.90.209.78 - - [14/Jun/2021:06:59:26 +0800] "GET /tool/poem-tang/3236/ HTTP/1.1" 200 5567 "-" "Mozilla/5.0 (compatible; BLEXBot/1.0; +http://webmeup-crawler.com/)"
157.90.209.78 - - [14/Jun/2021:06:59:29 +0800] "GET /tool/poem-tang/3239/ HTTP/1.1" 200 6239 "-" "Mozilla/5.0 (compatible; BLEXBot/1.0; +http://webmeup-crawler.com/)"
157.90.209.78 - - [14/Jun/2021:06:59:33 +0800] "GET /tool/poem-tang/324/ HTTP/1.1" 200 6540 "-" "Mozilla/5.0 (compatible; BLEXBot/1.0; +http://webmeup-crawler.com/)"
157.90.209.78 - - [14/Jun/2021:06:59:36 +0800] "GET /tool/poem-tang/3240/ HTTP/1.1" 200 5883 "-" "Mozilla/5.0 (compatible; BLEXBot/1.0; +http://webmeup-crawler.com/)"
157.90.209.78 - - [14/Jun/2021:06:59:42 +0800] "GET /tool/poem-tang/3242/ HTTP/1.1" 200 5575 "-" "Mozilla/5.0 (compatible; BLEXBot/1.0; +http://webmeup-crawler.com/)"
157.90.209.78 - - [14/Jun/2021:06:59:46 +0800] "GET /tool/poem-tang/3243/ HTTP/1.1" 200 5827 "-" "Mozilla/5.0 (compatible; BLEXBot/1.0; +http://webmeup-crawler.com/)"
157.90.209.78 - - [14/Jun/2021:06:59:52 +0800] "GET /tool/poem-tang/3245/ HTTP/1.1" 200 5974 "-" "Mozilla/5.0 (compatible; BLEXBot/1.0; +http://webmeup-crawler.com/)"
157.90.209.78 - - [14/Jun/2021:06:59:57 +0800] "GET /tool/poem-tang/3248/ HTTP/1.1" 200 5897 "-" "Mozilla/5.0 (compatible; BLEXBot/1.0; +http://webmeup-crawler.com/)"
54.36.148.51 - - [14/Jun/2021:06:59:59 +0800] "GET /blog/article/31/ HTTP/2.0" 200 11230 "-" "Mozilla/5.0 (compatible; AhrefsBot/7.0; +http://ahrefs.com/robot/)"
157.90.209.78 - - [14/Jun/2021:07:00:00 +0800] "GET /tool/poem-tang/3249/ HTTP/1.1" 200 5648 "-" "Mozilla/5.0 (compatible; BLEXBot/1.0; +http://webmeup-crawler.com/)"
157.90.209.78 - - [14/Jun/2021:07:00:04 +0800] "GET /tool/poem-tang/3250/ HTTP/1.1" 200 5818 "-" "Mozilla/5.0 (compatible; BLEXBot/1.0; +http://webmeup-crawler.com/)"
157.90.209.78 - - [14/Jun/2021:07:00:08 +0800] "GET /tool/poem-tang/3252/ HTTP/1.1" 200 5619 "-" "Mozilla/5.0 (compatible; BLEXBot/1.0; +http://webmeup-crawler.com/)"
157.90.209.78 - - [14/Jun/2021:07:00:13 +0800] "GET /tool/poem-tang/3253/ HTTP/1.1" 200 5612 "-" "Mozilla/5.0 (compatible; BLEXBot/1.0; +http://webmeup-crawler.com/)"
157.90.209.78 - - [14/Jun/2021:07:00:17 +0800] "GET /tool/poem-tang/3254/ HTTP/1.1" 200 5731 "-" "Mozilla/5.0 (compatible; BLEXBot/1.0; +http://webmeup-crawler.com/)"
157.90.209.78 - - [14/Jun/2021:07:00:21 +0800] "GET /tool/poem-tang/3255/ HTTP/1.1" 200 5715 "-" "Mozilla/5.0 (compatible; BLEXBot/1.0; +http://webmeup-crawler.com/)"
157.90.209.78 - - [14/Jun/2021:07:00:26 +0800] "GET /tool/poem-tang/3257/ HTTP/1.1" 200 5708 "-" "Mozilla/5.0 (compatible; BLEXBot/1.0; +http://webmeup-crawler.com/)"
157.90.209.78 - - [14/Jun/2021:07:00:30 +0800] "GET /tool/poem-tang/3260/ HTTP/1.1" 200 6259 "-" "Mozilla/5.0 (compatible; BLEXBot/1.0; +http://webmeup-crawler.com/)"
157.90.209.78 - - [14/Jun/2021:07:00:33 +0800] "GET /tool/poem-tang/3261/ HTTP/1.1" 200 5602 "-" "Mozilla/5.0 (compatible; BLEXBot/1.0; +http://webmeup-crawler.com/)"
157.90.209.78 - - [14/Jun/2021:07:00:41 +0800] "GET /tool/poem-tang/3262/ HTTP/1.1" 200 6831 "-" "Mozilla/5.0 (compatible; BLEXBot/1.0; +http://webmeup-crawler.com/)"
