157.90.209.78 - - [14/Jun/2021:06:25:02 +0800] "GET /tool/poem-tang/252/ HTTP/1.1" 200 8020 "-" "Mozilla/5.0 (compatible; BLEXBot/1.0; +http://webmeup-crawler.com/)"
157.90.209.78 - - [14/Jun/2021:06:25:05 +0800] "GET /tool/poem-tang/2521/ HTTP/1.1" 200 5411 "-" "Mozilla/5.0 (compatible; BLEXBot/1.0; +http://webmeup-crawler.com/)"
157.90.209.78 - - [14/Jun/2021:06:25:09 +0800] "GET /tool/poem-tang/2523/ HTTP/1.1" 200 5413 "-" "Mozilla/5.0 (compatible; BLEXBot/1.0; +http://webmeup-crawler.com/)"
157.90.209.78 - - [14/Jun/2021:06:25:12 +0800] "GET /tool/poem-tang/2524/ HTTP/1.1" 200 5989 "-" "Mozilla/5.0 (compatible; BLEXBot/1.0; +http://webmeup-crawler.com/)"
157.90.209.78 - - [14/Jun/2021:06:25:15 +0800] "GET /tool/poem-tang/2525/ HTTP/1.1" 200 5426 "-" "Mozilla/5.0 (compatible; BLEXBot/1.0; +http://webmeup-crawler.com/)"
157.90.209.78 - - [14/Jun/2021:06:25:17 +0800] "GET /tool/poem-tang/2526/ HTTP/1.1" 200 5401 "-" "Mozilla/5.0 (compatible; BLEXBot/1.0; +http://webmeup-crawler.com/)"
157.90.209.78 - - [14/Jun/2021:06:25:20 +0800] "GET /tool/poem-tang/2527/ HTTP/1.1" 200 5382 "-" "Mozilla/5.0 (compatible; BLEXBot/1.0; +http://webmeup-crawler.com/)"
157.90.209.78 - - [14/Jun/2021:06:25:23 +0800] "GET /tool/poem-tang/2529/ HTTP/1.1" 200 5400 "-" "Mozilla/5.0 (compatible; BLEXBot/1.0; +http://webmeup-crawler.com/)"
157.90.209.78 - - [14/Jun/2021:06:25:26 +0800] "GET /tool/poem-tang/253/ HTTP/1.1" 200 7714 "-" "Mozilla/5.0 (compatible; BLEXBot/1.0; +http://webmeup-crawler.com/)"
157.90.209.78 - - [14/Jun/2021:06:25:29 +0800] "GET /tool/poem-tang/2530/ HTTP/1.1" 200 5436 "-" "Mozilla/5.0 (compatible; BLEXBot/1.0; +http://webmeup-crawler.com/)"
157.90.209.78 - - [14/Jun/2021:06:25:32 +0800] "GET /tool/poem-tang/2531/ HTTP/1.1" 200 5430 "-" "Mozilla/5.0 (compatible; BLEXBot/1.0; +http://webmeup-crawler.com/)"
157.90.209.78 - - [14/Jun/2021:06:25:35 +0800] "GET /tool/poem-tang/2532/ HTTP/1.1" 200 5476 "-" "Mozilla/5.0 (compatible; BLEXBot/1.0; +http://webmeup-crawler.com/)"
157.90.209.78 - - [14/Jun/2021:06:25:39 +0800] "GET /tool/poem-tang/2533/ HTTP/1.1" 200 5469 "-" "Mozilla/5.0 (compatible; BLEXBot/1.0; +http://webmeup-crawler.com/)"
192.241.215.105 - - [14/Jun/2021:06:25:40 +0800] "GET /ecp/Current/exporttool/microsoft.exchange.ediscovery.exporttool.application HTTP/1.1" 404 2972 "-" "Mozilla/5.0 zgrab/0.x"
54.36.148.150 - - [14/Jun/2021:06:25:42 +0800] "GET /tool/poem-tang/1757/ HTTP/2.0" 200 5569 "-" "Mozilla/5.0 (compatible; AhrefsBot/7.0; +http://ahrefs.com/robot/)"
157.90.209.78 - - [14/Jun/2021:06:25:43 +0800] "GET /tool/poem-tang/2534/ HTTP/1.1" 200 5413 "-" "Mozilla/5.0 (compatible; BLEXBot/1.0; +http://webmeup-crawler.com/)"
157.90.209.78 - - [14/Jun/2021:06:25:46 +0800] "GET /tool/poem-tang/2536/ HTTP/1.1" 200 5393 "-" "Mozilla/5.0 (compatible; BLEXBot/1.0; +http://webmeup-crawler.com/)"
157.90.209.78 - - [14/Jun/2021:06:25:49 +0800] "GET /tool/poem-tang/2537/ HTTP/1.1" 200 5435 "-" "Mozilla/5.0 (compatible; BLEXBot/1.0; +http://webmeup-crawler.com/)"
157.90.209.78 - - [14/Jun/2021:06:25:53 +0800] "GET /tool/poem-tang/2539/ HTTP/1.1" 200 5445 "-" "Mozilla/5.0 (compatible; BLEXBot/1.0; +http://webmeup-crawler.com/)"
157.90.209.78 - - [14/Jun/2021:06:25:55 +0800] "GET /tool/poem-tang/254/ HTTP/1.1" 200 5408 "-" "Mozilla/5.0 (compatible; BLEXBot/1.0; +http://webmeup-crawler.com/)"
157.90.209.78 - - [14/Jun/2021:06:25:59 +0800] "GET /tool/poem-tang/2540/ HTTP/1.1" 200 5355 "-" "Mozilla/5.0 (compatible; BLEXBot/1.0; +http://webmeup-crawler.com/)"
157.90.209.78 - - [14/Jun/2021:06:26:02 +0800] "GET /tool/poem-tang/2541/ HTTP/1.1" 200 5326 "-" "Mozilla/5.0 (compatible; BLEXBot/1.0; +http://webmeup-crawler.com/)"
157.90.209.78 - - [14/Jun/2021:06:26:06 +0800] "GET /robots.txt HTTP/1.1" 301 194 "-" "Mozilla/5.0 (compatible; BLEXBot/1.0; +http://webmeup-crawler.com/)"
157.90.209.78 - - [14/Jun/2021:06:26:07 +0800] "GET /robots.txt HTTP/1.1" 404 2972 "-" "Mozilla/5.0 (compatible; BLEXBot/1.0; +http://webmeup-crawler.com/)"
157.90.209.78 - - [14/Jun/2021:06:26:07 +0800] "GET /tool/poem-tang/2544/ HTTP/1.1" 200 5366 "-" "Mozilla/5.0 (compatible; BLEXBot/1.0; +http://webmeup-crawler.com/)"
114.119.135.181 - - [14/Jun/2021:06:26:11 +0800] "GET /tool/ci-song/6/?page=35 HTTP/1.1" 200 6919 "-" "Mozilla/5.0 (Linux; Android 7.0;) AppleWebKit/537.36 (KHTML, like Gecko) Mobile Safari/537.36 (compatible; PetalBot;+https://webmaster.petalsearch.com/site/petalbot)"
157.90.209.78 - - [14/Jun/2021:06:26:12 +0800] "GET /tool/poem-tang/2545/ HTTP/1.1" 200 6590 "-" "Mozilla/5.0 (compatible; BLEXBot/1.0; +http://webmeup-crawler.com/)"
157.90.209.78 - - [14/Jun/2021:06:26:16 +0800] "GET /tool/poem-tang/2547/ HTTP/1.1" 200 6116 "-" "Mozilla/5.0 (compatible; BLEXBot/1.0; +http://webmeup-crawler.com/)"
157.90.209.78 - - [14/Jun/2021:06:26:20 +0800] "GET /tool/poem-tang/2548/ HTTP/1.1" 200 5440 "-" "Mozilla/5.0 (compatible; BLEXBot/1.0; +http://webmeup-crawler.com/)"
157.90.209.78 - - [14/Jun/2021:06:26:23 +0800] "GET /tool/poem-tang/2549/ HTTP/1.1" 200 5390 "-" "Mozilla/5.0 (compatible; BLEXBot/1.0; +http://webmeup-crawler.com/)"
157.90.209.78 - - [14/Jun/2021:06:26:29 +0800] "GET /tool/poem-tang/255/ HTTP/1.1" 200 6928 "-" "Mozilla/5.0 (compatible; BLEXBot/1.0; +http://webmeup-crawler.com/)"
157.90.209.78 - - [14/Jun/2021:06:26:32 +0800] "GET /tool/poem-tang/2550/ HTTP/1.1" 200 5364 "-" "Mozilla/5.0 (compatible; BLEXBot/1.0; +http://webmeup-crawler.com/)"
157.90.209.78 - - [14/Jun/2021:06:26:34 +0800] "GET /tool/poem-tang/2552/ HTTP/1.1" 200 5390 "-" "Mozilla/5.0 (compatible; BLEXBot/1.0; +http://webmeup-crawler.com/)"
54.36.148.150 - - [14/Jun/2021:06:26:35 +0800] "GET /tool/poem-song/10422/ HTTP/2.0" 200 5657 "-" "Mozilla/5.0 (compatible; AhrefsBot/7.0; +http://ahrefs.com/robot/)"
157.90.209.78 - - [14/Jun/2021:06:26:38 +0800] "GET /tool/poem-tang/2553/ HTTP/1.1" 200 5387 "-" "Mozilla/5.0 (compatible; BLEXBot/1.0; +http://webmeup-crawler.com/)"
157.90.209.78 - - [14/Jun/2021:06:26:42 +0800] "GET /tool/poem-tang/2554/ HTTP/1.1" 200 5448 "-" "Mozilla/5.0 (compatible; BLEXBot/1.0; +http://webmeup-crawler.com/)"
157.90.209.78 - - [14/Jun/2021:06:26:46 +0800] "GET /tool/poem-tang/2556/ HTTP/1.1" 200 5866 "-" "Mozilla/5.0 (compatible; BLEXBot/1.0; +http://webmeup-crawler.com/)"
157.90.209.78 - - [14/Jun/2021:06:26:48 +0800] "GET /tool/poem-tang/2558/ HTTP/1.1" 200 5481 "-" "Mozilla/5.0 (compatible; BLEXBot/1.0; +http://webmeup-crawler.com/)"
157.90.209.78 - - [14/Jun/2021:06:26:52 +0800] "GET /tool/poem-tang/256/ HTTP/1.1" 200 5531 "-" "Mozilla/5.0 (compatible; BLEXBot/1.0; +http://webmeup-crawler.com/)"
157.90.209.78 - - [14/Jun/2021:06:26:57 +0800] "GET /tool/poem-tang/2561/ HTTP/1.1" 200 5531 "-" "Mozilla/5.0 (compatible; BLEXBot/1.0; +http://webmeup-crawler.com/)"
60.205.136.227 - - [14/Jun/2021:06:27:01 +0800] "GET /rss-feed/ HTTP/1.1" 200 402187 "-" "Mozilla/5.0 (Macintosh; Intel Mac OS X 10_14_6) AppleWebKit/537.36 (KHTML, like Gecko) Chrome/75.0.3770.142 Safari/537.36"
157.90.209.78 - - [14/Jun/2021:06:27:01 +0800] "GET /tool/poem-tang/2562/ HTTP/1.1" 200 5567 "-" "Mozilla/5.0 (compatible; BLEXBot/1.0; +http://webmeup-crawler.com/)"
54.36.148.150 - - [14/Jun/2021:06:27:31 +0800] "GET /tool/poem-tang/2803/ HTTP/2.0" 200 6863 "-" "Mozilla/5.0 (compatible; AhrefsBot/7.0; +http://ahrefs.com/robot/)"
157.90.209.78 - - [14/Jun/2021:06:27:36 +0800] "GET /tool/poem-tang/2563/ HTTP/1.1" 200 5532 "-" "Mozilla/5.0 (compatible; BLEXBot/1.0; +http://webmeup-crawler.com/)"
157.90.209.78 - - [14/Jun/2021:06:28:10 +0800] "GET /tool/poem-tang/2564/ HTTP/1.1" 200 6569 "-" "Mozilla/5.0 (compatible; BLEXBot/1.0; +http://webmeup-crawler.com/)"
54.36.149.28 - - [14/Jun/2021:06:28:27 +0800] "GET /tool/poem-tang/3614/ HTTP/2.0" 200 5533 "-" "Mozilla/5.0 (compatible; AhrefsBot/7.0; +http://ahrefs.com/robot/)"
157.90.209.78 - - [14/Jun/2021:06:28:45 +0800] "GET /tool/poem-tang/2565/ HTTP/1.1" 200 5353 "-" "Mozilla/5.0 (compatible; BLEXBot/1.0; +http://webmeup-crawler.com/)"
157.90.209.78 - - [14/Jun/2021:06:29:17 +0800] "GET /tool/poem-tang/2566/ HTTP/1.1" 200 5357 "-" "Mozilla/5.0 (compatible; BLEXBot/1.0; +http://webmeup-crawler.com/)"
157.90.209.78 - - [14/Jun/2021:06:29:20 +0800] "GET /tool/poem-tang/2567/ HTTP/1.1" 200 5472 "-" "Mozilla/5.0 (compatible; BLEXBot/1.0; +http://webmeup-crawler.com/)"
54.36.148.211 - - [14/Jun/2021:06:29:21 +0800] "GET /tool/poem-tang/386/ HTTP/2.0" 200 5586 "-" "Mozilla/5.0 (compatible; AhrefsBot/7.0; +http://ahrefs.com/robot/)"
157.90.209.78 - - [14/Jun/2021:06:29:24 +0800] "GET /tool/poem-tang/2568/ HTTP/1.1" 200 5766 "-" "Mozilla/5.0 (compatible; BLEXBot/1.0; +http://webmeup-crawler.com/)"
157.90.209.78 - - [14/Jun/2021:06:29:28 +0800] "GET /tool/poem-tang/257/ HTTP/1.1" 200 7874 "-" "Mozilla/5.0 (compatible; BLEXBot/1.0; +http://webmeup-crawler.com/)"
157.90.209.78 - - [14/Jun/2021:06:29:33 +0800] "GET /tool/poem-tang/2570/ HTTP/1.1" 200 6072 "-" "Mozilla/5.0 (compatible; BLEXBot/1.0; +http://webmeup-crawler.com/)"
157.90.209.78 - - [14/Jun/2021:06:29:37 +0800] "GET /tool/poem-tang/2572/ HTTP/1.1" 200 5407 "-" "Mozilla/5.0 (compatible; BLEXBot/1.0; +http://webmeup-crawler.com/)"
157.90.209.78 - - [14/Jun/2021:06:29:40 +0800] "GET /tool/poem-tang/2573/ HTTP/1.1" 200 5562 "-" "Mozilla/5.0 (compatible; BLEXBot/1.0; +http://webmeup-crawler.com/)"
157.90.209.78 - - [14/Jun/2021:06:29:44 +0800] "GET /tool/poem-tang/2574/ HTTP/1.1" 200 5407 "-" "Mozilla/5.0 (compatible; BLEXBot/1.0; +http://webmeup-crawler.com/)"
157.90.209.78 - - [14/Jun/2021:06:29:47 +0800] "GET /tool/poem-tang/2577/ HTTP/1.1" 200 6295 "-" "Mozilla/5.0 (compatible; BLEXBot/1.0; +http://webmeup-crawler.com/)"
157.90.209.78 - - [14/Jun/2021:06:29:50 +0800] "GET /tool/poem-tang/2579/ HTTP/1.1" 200 5776 "-" "Mozilla/5.0 (compatible; BLEXBot/1.0; +http://webmeup-crawler.com/)"
157.90.209.78 - - [14/Jun/2021:06:29:52 +0800] "GET /tool/poem-tang/2581/ HTTP/1.1" 200 6171 "-" "Mozilla/5.0 (compatible; BLEXBot/1.0; +http://webmeup-crawler.com/)"
157.90.209.78 - - [14/Jun/2021:06:29:55 +0800] "GET /tool/poem-tang/2583/ HTTP/1.1" 200 5471 "-" "Mozilla/5.0 (compatible; BLEXBot/1.0; +http://webmeup-crawler.com/)"
157.90.209.78 - - [14/Jun/2021:06:29:59 +0800] "GET /tool/poem-tang/2584/ HTTP/1.1" 200 5522 "-" "Mozilla/5.0 (compatible; BLEXBot/1.0; +http://webmeup-crawler.com/)"
157.90.209.78 - - [14/Jun/2021:06:30:03 +0800] "GET /tool/poem-tang/2587/ HTTP/1.1" 200 6204 "-" "Mozilla/5.0 (compatible; BLEXBot/1.0; +http://webmeup-crawler.com/)"
157.90.209.78 - - [14/Jun/2021:06:30:13 +0800] "GET /tool/poem-tang/2588/ HTTP/1.1" 200 6215 "-" "Mozilla/5.0 (compatible; BLEXBot/1.0; +http://webmeup-crawler.com/)"
157.90.209.78 - - [14/Jun/2021:06:30:17 +0800] "GET /tool/poem-tang/2589/ HTTP/1.1" 200 5944 "-" "Mozilla/5.0 (compatible; BLEXBot/1.0; +http://webmeup-crawler.com/)"
54.36.148.116 - - [14/Jun/2021:06:30:19 +0800] "GET /tool/poem-tang/1278/ HTTP/2.0" 200 7578 "-" "Mozilla/5.0 (compatible; AhrefsBot/7.0; +http://ahrefs.com/robot/)"
157.90.209.78 - - [14/Jun/2021:06:30:20 +0800] "GET /tool/poem-tang/259/ HTTP/1.1" 200 7068 "-" "Mozilla/5.0 (compatible; BLEXBot/1.0; +http://webmeup-crawler.com/)"
157.90.209.78 - - [14/Jun/2021:06:30:24 +0800] "GET /tool/poem-tang/2593/ HTTP/1.1" 200 5455 "-" "Mozilla/5.0 (compatible; BLEXBot/1.0; +http://webmeup-crawler.com/)"
77.111.247.72 - - [14/Jun/2021:06:30:24 +0800] "GET /js/ckfinder/core/connector/php/connector.php HTTP/1.1" 301 194 "-" "Mozilla/5.0 (Windows NT 10.0; Win64; x64) AppleWebKit/537.36 (KHTML, like Gecko) Chrome/89.0.3945.117 Safari/537.36"
77.111.247.72 - - [14/Jun/2021:06:30:26 +0800] "GET /js/ckfinder/core/connector/php/connector.php HTTP/1.1" 404 2972 "-" "Mozilla/5.0 (Windows NT 10.0; Win64; x64) AppleWebKit/537.36 (KHTML, like Gecko) Chrome/89.0.3945.117 Safari/537.36"
157.90.209.78 - - [14/Jun/2021:06:30:28 +0800] "GET /tool/poem-tang/2595/ HTTP/1.1" 200 5407 "-" "Mozilla/5.0 (compatible; BLEXBot/1.0; +http://webmeup-crawler.com/)"
157.90.209.78 - - [14/Jun/2021:06:30:32 +0800] "GET /tool/poem-tang/2596/ HTTP/1.1" 200 5359 "-" "Mozilla/5.0 (compatible; BLEXBot/1.0; +http://webmeup-crawler.com/)"
109.70.100.50 - - [14/Jun/2021:06:30:35 +0800] "GET /ckfinder/core/connector/php/connector.php HTTP/1.1" 301 194 "-" "Mozilla/5.0 (Windows NT 10.0; Win64; x64) AppleWebKit/537.36 (KHTML, like Gecko) Chrome/89.0.3945.117 Safari/537.36"
157.90.209.78 - - [14/Jun/2021:06:30:36 +0800] "GET /tool/poem-tang/2597/ HTTP/1.1" 200 5648 "-" "Mozilla/5.0 (compatible; BLEXBot/1.0; +http://webmeup-crawler.com/)"
109.70.100.50 - - [14/Jun/2021:06:30:37 +0800] "GET /ckfinder/core/connector/php/connector.php HTTP/1.1" 404 2972 "-" "Mozilla/5.0 (Windows NT 10.0; Win64; x64) AppleWebKit/537.36 (KHTML, like Gecko) Chrome/89.0.3945.117 Safari/537.36"
157.90.209.78 - - [14/Jun/2021:06:30:40 +0800] "GET /tool/poem-tang/2598/ HTTP/1.1" 200 6934 "-" "Mozilla/5.0 (compatible; BLEXBot/1.0; +http://webmeup-crawler.com/)"
157.90.209.78 - - [14/Jun/2021:06:30:44 +0800] "GET /tool/poem-tang/26/ HTTP/1.1" 200 5445 "-" "Mozilla/5.0 (compatible; BLEXBot/1.0; +http://webmeup-crawler.com/)"
157.90.209.78 - - [14/Jun/2021:06:30:47 +0800] "GET /tool/poem-tang/260/ HTTP/1.1" 200 14967 "-" "Mozilla/5.0 (compatible; BLEXBot/1.0; +http://webmeup-crawler.com/)"
157.90.209.78 - - [14/Jun/2021:06:30:50 +0800] "GET /tool/poem-tang/2600/ HTTP/1.1" 200 6518 "-" "Mozilla/5.0 (compatible; BLEXBot/1.0; +http://webmeup-crawler.com/)"
157.90.209.78 - - [14/Jun/2021:06:30:53 +0800] "GET /tool/poem-tang/2602/ HTTP/1.1" 200 7057 "-" "Mozilla/5.0 (compatible; BLEXBot/1.0; +http://webmeup-crawler.com/)"
172.105.89.161 - - [14/Jun/2021:06:30:55 +0800] "GET /0bef HTTP/1.0" 400 280 "-" "-"
157.90.209.78 - - [14/Jun/2021:06:30:58 +0800] "GET /tool/poem-tang/2603/ HTTP/1.1" 200 7031 "-" "Mozilla/5.0 (compatible; BLEXBot/1.0; +http://webmeup-crawler.com/)"
157.90.209.78 - - [14/Jun/2021:06:31:01 +0800] "GET /tool/poem-tang/2605/ HTTP/1.1" 200 5983 "-" "Mozilla/5.0 (compatible; BLEXBot/1.0; +http://webmeup-crawler.com/)"
157.90.209.78 - - [14/Jun/2021:06:31:05 +0800] "GET /tool/poem-tang/2606/ HTTP/1.1" 200 5505 "-" "Mozilla/5.0 (compatible; BLEXBot/1.0; +http://webmeup-crawler.com/)"
157.90.209.78 - - [14/Jun/2021:06:31:08 +0800] "GET /tool/poem-tang/2607/ HTTP/1.1" 200 5472 "-" "Mozilla/5.0 (compatible; BLEXBot/1.0; +http://webmeup-crawler.com/)"
157.90.209.78 - - [14/Jun/2021:06:31:12 +0800] "GET /tool/poem-tang/2608/ HTTP/1.1" 200 5750 "-" "Mozilla/5.0 (compatible; BLEXBot/1.0; +http://webmeup-crawler.com/)"
157.90.209.78 - - [14/Jun/2021:06:31:15 +0800] "GET /tool/poem-tang/2609/ HTTP/1.1" 200 5452 "-" "Mozilla/5.0 (compatible; BLEXBot/1.0; +http://webmeup-crawler.com/)"
157.90.209.78 - - [14/Jun/2021:06:31:17 +0800] "GET /tool/poem-tang/261/ HTTP/1.1" 200 6840 "-" "Mozilla/5.0 (compatible; BLEXBot/1.0; +http://webmeup-crawler.com/)"
54.36.148.150 - - [14/Jun/2021:06:31:18 +0800] "GET /tool/poem-tang/1392/ HTTP/2.0" 200 7083 "-" "Mozilla/5.0 (compatible; AhrefsBot/7.0; +http://ahrefs.com/robot/)"
157.90.209.78 - - [14/Jun/2021:06:31:20 +0800] "GET /tool/poem-tang/2610/ HTTP/1.1" 200 5523 "-" "Mozilla/5.0 (compatible; BLEXBot/1.0; +http://webmeup-crawler.com/)"
157.90.209.78 - - [14/Jun/2021:06:31:22 +0800] "GET /tool/poem-tang/2613/ HTTP/1.1" 200 5743 "-" "Mozilla/5.0 (compatible; BLEXBot/1.0; +http://webmeup-crawler.com/)"
157.90.209.78 - - [14/Jun/2021:06:31:26 +0800] "GET /tool/poem-tang/2614/ HTTP/1.1" 200 5587 "-" "Mozilla/5.0 (compatible; BLEXBot/1.0; +http://webmeup-crawler.com/)"
157.90.209.78 - - [14/Jun/2021:06:31:29 +0800] "GET /tool/poem-tang/2615/ HTTP/1.1" 200 5590 "-" "Mozilla/5.0 (compatible; BLEXBot/1.0; +http://webmeup-crawler.com/)"
157.90.209.78 - - [14/Jun/2021:06:31:32 +0800] "GET /tool/poem-tang/2616/ HTTP/1.1" 200 5613 "-" "Mozilla/5.0 (compatible; BLEXBot/1.0; +http://webmeup-crawler.com/)"
157.90.209.78 - - [14/Jun/2021:06:31:35 +0800] "GET /tool/poem-tang/2618/ HTTP/1.1" 200 6336 "-" "Mozilla/5.0 (compatible; BLEXBot/1.0; +http://webmeup-crawler.com/)"
157.90.209.78 - - [14/Jun/2021:06:31:38 +0800] "GET /tool/poem-tang/2619/ HTTP/1.1" 200 5312 "-" "Mozilla/5.0 (compatible; BLEXBot/1.0; +http://webmeup-crawler.com/)"
114.119.157.189 - - [14/Jun/2021:06:31:42 +0800] "GET /tool/poem-song/4411/ HTTP/1.1" 200 5803 "-" "Mozilla/5.0 (Linux; Android 7.0;) AppleWebKit/537.36 (KHTML, like Gecko) Mobile Safari/537.36 (compatible; PetalBot;+https://webmaster.petalsearch.com/site/petalbot)"
157.90.209.78 - - [14/Jun/2021:06:31:42 +0800] "GET /tool/poem-tang/2621/ HTTP/1.1" 200 7175 "-" "Mozilla/5.0 (compatible; BLEXBot/1.0; +http://webmeup-crawler.com/)"
157.90.209.78 - - [14/Jun/2021:06:31:45 +0800] "GET /tool/poem-tang/2622/ HTTP/1.1" 200 7512 "-" "Mozilla/5.0 (compatible; BLEXBot/1.0; +http://webmeup-crawler.com/)"
157.90.209.78 - - [14/Jun/2021:06:31:48 +0800] "GET /tool/poem-tang/2623/ HTTP/1.1" 200 5695 "-" "Mozilla/5.0 (compatible; BLEXBot/1.0; +http://webmeup-crawler.com/)"
157.90.209.78 - - [14/Jun/2021:06:31:53 +0800] "GET /tool/poem-tang/2629/ HTTP/1.1" 200 5376 "-" "Mozilla/5.0 (compatible; BLEXBot/1.0; +http://webmeup-crawler.com/)"
157.90.209.78 - - [14/Jun/2021:06:31:56 +0800] "GET /tool/poem-tang/263/ HTTP/1.1" 200 7671 "-" "Mozilla/5.0 (compatible; BLEXBot/1.0; +http://webmeup-crawler.com/)"
203.208.60.67 - - [14/Jun/2021:06:31:59 +0800] "GET /tool/poem-tang/116/?page=11 HTTP/1.1" 200 8874 "-" "Mozilla/5.0 (compatible; Googlebot/2.1; +http://www.google.com/bot.html)"
157.90.209.78 - - [14/Jun/2021:06:31:59 +0800] "GET /tool/poem-tang/2631/ HTTP/1.1" 200 5798 "-" "Mozilla/5.0 (compatible; BLEXBot/1.0; +http://webmeup-crawler.com/)"
157.90.209.78 - - [14/Jun/2021:06:32:03 +0800] "GET /tool/poem-tang/2632/ HTTP/1.1" 200 5533 "-" "Mozilla/5.0 (compatible; BLEXBot/1.0; +http://webmeup-crawler.com/)"
157.90.209.78 - - [14/Jun/2021:06:32:06 +0800] "GET /tool/poem-tang/2633/ HTTP/1.1" 200 5535 "-" "Mozilla/5.0 (compatible; BLEXBot/1.0; +http://webmeup-crawler.com/)"
157.90.209.78 - - [14/Jun/2021:06:32:10 +0800] "GET /tool/poem-tang/2634/ HTTP/1.1" 200 5519 "-" "Mozilla/5.0 (compatible; BLEXBot/1.0; +http://webmeup-crawler.com/)"
157.90.209.78 - - [14/Jun/2021:06:32:15 +0800] "GET /tool/poem-tang/2636/ HTTP/1.1" 200 5460 "-" "Mozilla/5.0 (compatible; BLEXBot/1.0; +http://webmeup-crawler.com/)"
66.249.79.115 - - [14/Jun/2021:06:32:18 +0800] "GET /tool/poem-song/10204/ HTTP/1.1" 200 5673 "-" "Mozilla/5.0 (compatible; Googlebot/2.1; +http://www.google.com/bot.html)"
157.90.209.78 - - [14/Jun/2021:06:32:19 +0800] "GET /tool/poem-tang/2637/ HTTP/1.1" 200 5366 "-" "Mozilla/5.0 (compatible; BLEXBot/1.0; +http://webmeup-crawler.com/)"
54.36.149.77 - - [14/Jun/2021:06:32:19 +0800] "GET /tool/poem-song/4340/ HTTP/2.0" 200 8084 "-" "Mozilla/5.0 (compatible; AhrefsBot/7.0; +http://ahrefs.com/robot/)"
157.90.209.78 - - [14/Jun/2021:06:32:22 +0800] "GET /tool/poem-tang/2638/ HTTP/1.1" 200 5430 "-" "Mozilla/5.0 (compatible; BLEXBot/1.0; +http://webmeup-crawler.com/)"
157.90.209.78 - - [14/Jun/2021:06:32:25 +0800] "GET /tool/poem-tang/2640/ HTTP/1.1" 200 5365 "-" "Mozilla/5.0 (compatible; BLEXBot/1.0; +http://webmeup-crawler.com/)"
157.90.209.78 - - [14/Jun/2021:06:32:28 +0800] "GET /tool/poem-tang/2642/ HTTP/1.1" 200 5327 "-" "Mozilla/5.0 (compatible; BLEXBot/1.0; +http://webmeup-crawler.com/)"
157.90.209.78 - - [14/Jun/2021:06:32:30 +0800] "GET /tool/poem-tang/2643/ HTTP/1.1" 200 5352 "-" "Mozilla/5.0 (compatible; BLEXBot/1.0; +http://webmeup-crawler.com/)"
157.90.209.78 - - [14/Jun/2021:06:32:33 +0800] "GET /tool/poem-tang/2644/ HTTP/1.1" 200 5359 "-" "Mozilla/5.0 (compatible; BLEXBot/1.0; +http://webmeup-crawler.com/)"
157.90.209.78 - - [14/Jun/2021:06:32:37 +0800] "GET /tool/poem-tang/2645/ HTTP/1.1" 200 5340 "-" "Mozilla/5.0 (compatible; BLEXBot/1.0; +http://webmeup-crawler.com/)"
157.90.209.78 - - [14/Jun/2021:06:32:40 +0800] "GET /tool/poem-tang/2648/ HTTP/1.1" 200 5366 "-" "Mozilla/5.0 (compatible; BLEXBot/1.0; +http://webmeup-crawler.com/)"
157.90.209.78 - - [14/Jun/2021:06:32:42 +0800] "GET /tool/poem-tang/2649/ HTTP/1.1" 200 5367 "-" "Mozilla/5.0 (compatible; BLEXBot/1.0; +http://webmeup-crawler.com/)"
157.90.209.78 - - [14/Jun/2021:06:32:45 +0800] "GET /tool/poem-tang/265/ HTTP/1.1" 200 6020 "-" "Mozilla/5.0 (compatible; BLEXBot/1.0; +http://webmeup-crawler.com/)"
157.90.209.78 - - [14/Jun/2021:06:32:47 +0800] "GET /tool/poem-tang/2650/ HTTP/1.1" 200 5378 "-" "Mozilla/5.0 (compatible; BLEXBot/1.0; +http://webmeup-crawler.com/)"
157.90.209.78 - - [14/Jun/2021:06:32:51 +0800] "GET /tool/poem-tang/2652/ HTTP/1.1" 200 5318 "-" "Mozilla/5.0 (compatible; BLEXBot/1.0; +http://webmeup-crawler.com/)"
157.90.209.78 - - [14/Jun/2021:06:32:55 +0800] "GET /tool/poem-tang/2654/ HTTP/1.1" 200 5379 "-" "Mozilla/5.0 (compatible; BLEXBot/1.0; +http://webmeup-crawler.com/)"
157.90.209.78 - - [14/Jun/2021:06:32:58 +0800] "GET /tool/poem-tang/2655/ HTTP/1.1" 200 5337 "-" "Mozilla/5.0 (compatible; BLEXBot/1.0; +http://webmeup-crawler.com/)"
157.90.209.78 - - [14/Jun/2021:06:33:01 +0800] "GET /tool/poem-tang/2658/ HTTP/1.1" 200 5358 "-" "Mozilla/5.0 (compatible; BLEXBot/1.0; +http://webmeup-crawler.com/)"
157.90.209.78 - - [14/Jun/2021:06:33:04 +0800] "GET /tool/poem-tang/2659/ HTTP/1.1" 200 5351 "-" "Mozilla/5.0 (compatible; BLEXBot/1.0; +http://webmeup-crawler.com/)"
157.90.209.78 - - [14/Jun/2021:06:33:08 +0800] "GET /tool/poem-tang/2661/ HTTP/1.1" 200 5343 "-" "Mozilla/5.0 (compatible; BLEXBot/1.0; +http://webmeup-crawler.com/)"
157.90.209.78 - - [14/Jun/2021:06:33:11 +0800] "GET /tool/poem-tang/2662/ HTTP/1.1" 200 5351 "-" "Mozilla/5.0 (compatible; BLEXBot/1.0; +http://webmeup-crawler.com/)"
157.90.209.78 - - [14/Jun/2021:06:33:14 +0800] "GET /tool/poem-tang/2663/ HTTP/1.1" 200 5393 "-" "Mozilla/5.0 (compatible; BLEXBot/1.0; +http://webmeup-crawler.com/)"
54.36.148.150 - - [14/Jun/2021:06:33:14 +0800] "GET /tool/poem-tang/926/ HTTP/2.0" 200 7101 "-" "Mozilla/5.0 (compatible; AhrefsBot/7.0; +http://ahrefs.com/robot/)"
157.90.209.78 - - [14/Jun/2021:06:33:17 +0800] "GET /tool/poem-tang/2665/ HTTP/1.1" 200 5396 "-" "Mozilla/5.0 (compatible; BLEXBot/1.0; +http://webmeup-crawler.com/)"
157.90.209.78 - - [14/Jun/2021:06:33:19 +0800] "GET /tool/poem-tang/2666/ HTTP/1.1" 200 5369 "-" "Mozilla/5.0 (compatible; BLEXBot/1.0; +http://webmeup-crawler.com/)"
157.90.209.78 - - [14/Jun/2021:06:33:22 +0800] "GET /tool/poem-tang/2667/ HTTP/1.1" 200 5331 "-" "Mozilla/5.0 (compatible; BLEXBot/1.0; +http://webmeup-crawler.com/)"
157.90.209.78 - - [14/Jun/2021:06:33:24 +0800] "GET /tool/poem-tang/2668/ HTTP/1.1" 200 5338 "-" "Mozilla/5.0 (compatible; BLEXBot/1.0; +http://webmeup-crawler.com/)"
157.90.209.78 - - [14/Jun/2021:06:33:26 +0800] "GET /tool/poem-tang/267/ HTTP/1.1" 200 8293 "-" "Mozilla/5.0 (compatible; BLEXBot/1.0; +http://webmeup-crawler.com/)"
157.90.209.78 - - [14/Jun/2021:06:33:28 +0800] "GET /tool/poem-tang/2670/ HTTP/1.1" 200 5406 "-" "Mozilla/5.0 (compatible; BLEXBot/1.0; +http://webmeup-crawler.com/)"
157.90.209.78 - - [14/Jun/2021:06:33:37 +0800] "GET /tool/poem-tang/2671/ HTTP/1.1" 200 5384 "-" "Mozilla/5.0 (compatible; BLEXBot/1.0; +http://webmeup-crawler.com/)"
157.90.209.78 - - [14/Jun/2021:06:33:41 +0800] "GET /tool/poem-tang/2673/ HTTP/1.1" 200 5412 "-" "Mozilla/5.0 (compatible; BLEXBot/1.0; +http://webmeup-crawler.com/)"
157.90.209.78 - - [14/Jun/2021:06:33:45 +0800] "GET /tool/poem-tang/2675/ HTTP/1.1" 200 5409 "-" "Mozilla/5.0 (compatible; BLEXBot/1.0; +http://webmeup-crawler.com/)"
157.90.209.78 - - [14/Jun/2021:06:33:48 +0800] "GET /tool/poem-tang/2676/ HTTP/1.1" 200 5383 "-" "Mozilla/5.0 (compatible; BLEXBot/1.0; +http://webmeup-crawler.com/)"
157.90.209.78 - - [14/Jun/2021:06:33:51 +0800] "GET /tool/poem-tang/2677/ HTTP/1.1" 200 5385 "-" "Mozilla/5.0 (compatible; BLEXBot/1.0; +http://webmeup-crawler.com/)"
157.90.209.78 - - [14/Jun/2021:06:33:54 +0800] "GET /tool/poem-tang/2678/ HTTP/1.1" 200 5331 "-" "Mozilla/5.0 (compatible; BLEXBot/1.0; +http://webmeup-crawler.com/)"
157.90.209.78 - - [14/Jun/2021:06:33:56 +0800] "GET /tool/poem-tang/2679/ HTTP/1.1" 200 5364 "-" "Mozilla/5.0 (compatible; BLEXBot/1.0; +http://webmeup-crawler.com/)"
157.90.209.78 - - [14/Jun/2021:06:34:00 +0800] "GET /tool/poem-tang/268/ HTTP/1.1" 200 7654 "-" "Mozilla/5.0 (compatible; BLEXBot/1.0; +http://webmeup-crawler.com/)"
157.90.209.78 - - [14/Jun/2021:06:34:04 +0800] "GET /tool/poem-tang/2680/ HTTP/1.1" 200 5437 "-" "Mozilla/5.0 (compatible; BLEXBot/1.0; +http://webmeup-crawler.com/)"
157.90.209.78 - - [14/Jun/2021:06:34:09 +0800] "GET /tool/poem-tang/2682/ HTTP/1.1" 200 5384 "-" "Mozilla/5.0 (compatible; BLEXBot/1.0; +http://webmeup-crawler.com/)"
54.36.149.27 - - [14/Jun/2021:06:34:11 +0800] "GET /tool/poem-tang/2569/ HTTP/2.0" 200 5593 "-" "Mozilla/5.0 (compatible; AhrefsBot/7.0; +http://ahrefs.com/robot/)"
157.90.209.78 - - [14/Jun/2021:06:34:12 +0800] "GET /tool/poem-tang/2684/ HTTP/1.1" 200 5335 "-" "Mozilla/5.0 (compatible; BLEXBot/1.0; +http://webmeup-crawler.com/)"
157.90.209.78 - - [14/Jun/2021:06:34:16 +0800] "GET /tool/poem-tang/2687/ HTTP/1.1" 200 5332 "-" "Mozilla/5.0 (compatible; BLEXBot/1.0; +http://webmeup-crawler.com/)"
157.90.209.78 - - [14/Jun/2021:06:34:20 +0800] "GET /tool/poem-tang/269/ HTTP/1.1" 200 5824 "-" "Mozilla/5.0 (compatible; BLEXBot/1.0; +http://webmeup-crawler.com/)"
172.105.89.161 - - [14/Jun/2021:06:34:24 +0800] "GET /0bef HTTP/1.0" 301 194 "-" "-"
40.77.167.4 - - [14/Jun/2021:06:34:25 +0800] "GET /tool/poem-song/12065/ HTTP/2.0" 200 5673 "-" "Mozilla/5.0 (compatible; bingbot/2.0; +http://www.bing.com/bingbot.htm)"
157.90.209.78 - - [14/Jun/2021:06:34:27 +0800] "GET /tool/poem-tang/2691/ HTTP/1.1" 200 5367 "-" "Mozilla/5.0 (compatible; BLEXBot/1.0; +http://webmeup-crawler.com/)"
157.90.209.78 - - [14/Jun/2021:06:34:29 +0800] "GET /tool/poem-tang/2692/ HTTP/1.1" 200 5384 "-" "Mozilla/5.0 (compatible; BLEXBot/1.0; +http://webmeup-crawler.com/)"
157.90.209.78 - - [14/Jun/2021:06:34:33 +0800] "GET /tool/poem-tang/2694/ HTTP/1.1" 200 6131 "-" "Mozilla/5.0 (compatible; BLEXBot/1.0; +http://webmeup-crawler.com/)"
157.90.209.78 - - [14/Jun/2021:06:34:36 +0800] "GET /tool/poem-tang/2697/ HTTP/1.1" 200 6561 "-" "Mozilla/5.0 (compatible; BLEXBot/1.0; +http://webmeup-crawler.com/)"
157.90.209.78 - - [14/Jun/2021:06:34:39 +0800] "GET /tool/poem-tang/2698/ HTTP/1.1" 200 5396 "-" "Mozilla/5.0 (compatible; BLEXBot/1.0; +http://webmeup-crawler.com/)"
203.208.60.88 - - [14/Jun/2021:06:34:46 +0800] "GET /tool/poem-tang/945/ HTTP/1.1" 200 5638 "-" "Mozilla/5.0 (Linux; Android 6.0.1; Nexus 5X Build/MMB29P) AppleWebKit/537.36 (KHTML, like Gecko) Chrome/91.0.4472.90 Mobile Safari/537.36 (compatible; Googlebot/2.1; +http://www.google.com/bot.html)"
157.90.209.78 - - [14/Jun/2021:06:34:47 +0800] "GET /tool/poem-tang/2701/ HTTP/1.1" 200 5399 "-" "Mozilla/5.0 (compatible; BLEXBot/1.0; +http://webmeup-crawler.com/)"
157.90.209.78 - - [14/Jun/2021:06:34:51 +0800] "GET /tool/poem-tang/2702/ HTTP/1.1" 200 6576 "-" "Mozilla/5.0 (compatible; BLEXBot/1.0; +http://webmeup-crawler.com/)"
157.90.209.78 - - [14/Jun/2021:06:34:54 +0800] "GET /tool/poem-tang/2705/ HTTP/1.1" 200 5294 "-" "Mozilla/5.0 (compatible; BLEXBot/1.0; +http://webmeup-crawler.com/)"
157.90.209.78 - - [14/Jun/2021:06:34:58 +0800] "GET /tool/poem-tang/2706/ HTTP/1.1" 200 6063 "-" "Mozilla/5.0 (compatible; BLEXBot/1.0; +http://webmeup-crawler.com/)"
157.90.209.78 - - [14/Jun/2021:06:35:01 +0800] "GET /tool/poem-tang/2707/ HTTP/1.1" 200 5407 "-" "Mozilla/5.0 (compatible; BLEXBot/1.0; +http://webmeup-crawler.com/)"
157.90.209.78 - - [14/Jun/2021:06:35:03 +0800] "GET /tool/poem-tang/2708/ HTTP/1.1" 200 6604 "-" "Mozilla/5.0 (compatible; BLEXBot/1.0; +http://webmeup-crawler.com/)"
157.90.209.78 - - [14/Jun/2021:06:35:06 +0800] "GET /tool/poem-tang/2712/ HTTP/1.1" 200 5351 "-" "Mozilla/5.0 (compatible; BLEXBot/1.0; +http://webmeup-crawler.com/)"
157.90.209.78 - - [14/Jun/2021:06:35:08 +0800] "GET /tool/poem-tang/2715/ HTTP/1.1" 200 5392 "-" "Mozilla/5.0 (compatible; BLEXBot/1.0; +http://webmeup-crawler.com/)"
54.36.148.96 - - [14/Jun/2021:06:35:10 +0800] "GET /tool/ci-song/1099/ HTTP/2.0" 200 5444 "-" "Mozilla/5.0 (compatible; AhrefsBot/7.0; +http://ahrefs.com/robot/)"
157.90.209.78 - - [14/Jun/2021:06:35:11 +0800] "GET /tool/poem-tang/2717/ HTTP/1.1" 200 5338 "-" "Mozilla/5.0 (compatible; BLEXBot/1.0; +http://webmeup-crawler.com/)"
157.90.209.78 - - [14/Jun/2021:06:35:14 +0800] "GET /tool/poem-tang/2718/ HTTP/1.1" 200 5428 "-" "Mozilla/5.0 (compatible; BLEXBot/1.0; +http://webmeup-crawler.com/)"
157.90.209.78 - - [14/Jun/2021:06:35:17 +0800] "GET /tool/poem-tang/2719/ HTTP/1.1" 200 5568 "-" "Mozilla/5.0 (compatible; BLEXBot/1.0; +http://webmeup-crawler.com/)"
66.249.79.116 - - [14/Jun/2021:06:35:20 +0800] "GET /tool/poem-song/4691/?page=4 HTTP/1.1" 200 6405 "-" "Mozilla/5.0 (compatible; Googlebot/2.1; +http://www.google.com/bot.html)"
157.90.209.78 - - [14/Jun/2021:06:35:20 +0800] "GET /tool/poem-tang/272/ HTTP/1.1" 200 7534 "-" "Mozilla/5.0 (compatible; BLEXBot/1.0; +http://webmeup-crawler.com/)"
157.90.209.78 - - [14/Jun/2021:06:35:24 +0800] "GET /tool/poem-tang/2720/ HTTP/1.1" 200 7635 "-" "Mozilla/5.0 (compatible; BLEXBot/1.0; +http://webmeup-crawler.com/)"
157.90.209.78 - - [14/Jun/2021:06:35:29 +0800] "GET /tool/poem-tang/2721/ HTTP/1.1" 200 5428 "-" "Mozilla/5.0 (compatible; BLEXBot/1.0; +http://webmeup-crawler.com/)"
157.90.209.78 - - [14/Jun/2021:06:35:32 +0800] "GET /tool/poem-tang/2724/ HTTP/1.1" 200 5965 "-" "Mozilla/5.0 (compatible; BLEXBot/1.0; +http://webmeup-crawler.com/)"
157.90.209.78 - - [14/Jun/2021:06:35:35 +0800] "GET /tool/poem-tang/2725/ HTTP/1.1" 200 5714 "-" "Mozilla/5.0 (compatible; BLEXBot/1.0; +http://webmeup-crawler.com/)"
157.90.209.78 - - [14/Jun/2021:06:35:38 +0800] "GET /tool/poem-tang/2726/ HTTP/1.1" 200 5797 "-" "Mozilla/5.0 (compatible; BLEXBot/1.0; +http://webmeup-crawler.com/)"
157.90.209.78 - - [14/Jun/2021:06:35:41 +0800] "GET /tool/poem-tang/273/ HTTP/1.1" 200 7488 "-" "Mozilla/5.0 (compatible; BLEXBot/1.0; +http://webmeup-crawler.com/)"
157.90.209.78 - - [14/Jun/2021:06:35:44 +0800] "GET /tool/poem-tang/2731/ HTTP/1.1" 200 7102 "-" "Mozilla/5.0 (compatible; BLEXBot/1.0; +http://webmeup-crawler.com/)"
157.90.209.78 - - [14/Jun/2021:06:35:48 +0800] "GET /tool/poem-tang/2732/ HTTP/1.1" 200 8292 "-" "Mozilla/5.0 (compatible; BLEXBot/1.0; +http://webmeup-crawler.com/)"
157.90.209.78 - - [14/Jun/2021:06:35:52 +0800] "GET /tool/poem-tang/2733/ HTTP/1.1" 200 7461 "-" "Mozilla/5.0 (compatible; BLEXBot/1.0; +http://webmeup-crawler.com/)"
157.90.209.78 - - [14/Jun/2021:06:35:55 +0800] "GET /tool/poem-tang/2734/ HTTP/1.1" 200 7078 "-" "Mozilla/5.0 (compatible; BLEXBot/1.0; +http://webmeup-crawler.com/)"
157.90.209.78 - - [14/Jun/2021:06:35:58 +0800] "GET /tool/poem-tang/2735/ HTTP/1.1" 200 7287 "-" "Mozilla/5.0 (compatible; BLEXBot/1.0; +http://webmeup-crawler.com/)"
157.90.209.78 - - [14/Jun/2021:06:36:01 +0800] "GET /tool/poem-tang/2737/ HTTP/1.1" 200 6015 "-" "Mozilla/5.0 (compatible; BLEXBot/1.0; +http://webmeup-crawler.com/)"
157.90.209.78 - - [14/Jun/2021:06:36:03 +0800] "GET /tool/poem-tang/2738/ HTTP/1.1" 200 6880 "-" "Mozilla/5.0 (compatible; BLEXBot/1.0; +http://webmeup-crawler.com/)"
157.90.209.78 - - [14/Jun/2021:06:36:06 +0800] "GET /tool/poem-tang/2739/ HTTP/1.1" 200 7970 "-" "Mozilla/5.0 (compatible; BLEXBot/1.0; +http://webmeup-crawler.com/)"
157.90.209.78 - - [14/Jun/2021:06:36:09 +0800] "GET /robots.txt HTTP/1.1" 301 194 "-" "Mozilla/5.0 (compatible; BLEXBot/1.0; +http://webmeup-crawler.com/)"
157.90.209.78 - - [14/Jun/2021:06:36:10 +0800] "GET /robots.txt HTTP/1.1" 404 2972 "-" "Mozilla/5.0 (compatible; BLEXBot/1.0; +http://webmeup-crawler.com/)"
157.90.209.78 - - [14/Jun/2021:06:36:10 +0800] "GET /tool/poem-tang/274/ HTTP/1.1" 200 8588 "-" "Mozilla/5.0 (compatible; BLEXBot/1.0; +http://webmeup-crawler.com/)"
54.36.148.133 - - [14/Jun/2021:06:36:13 +0800] "GET /tool/ci-song/209/ HTTP/2.0" 200 6045 "-" "Mozilla/5.0 (compatible; AhrefsBot/7.0; +http://ahrefs.com/robot/)"
157.90.209.78 - - [14/Jun/2021:06:36:14 +0800] "GET /tool/poem-tang/2740/ HTTP/1.1" 200 5228 "-" "Mozilla/5.0 (compatible; BLEXBot/1.0; +http://webmeup-crawler.com/)"
157.90.209.78 - - [14/Jun/2021:06:36:17 +0800] "GET /tool/poem-tang/2742/ HTTP/1.1" 200 5467 "-" "Mozilla/5.0 (compatible; BLEXBot/1.0; +http://webmeup-crawler.com/)"
157.90.209.78 - - [14/Jun/2021:06:36:19 +0800] "GET /tool/poem-tang/2744/ HTTP/1.1" 200 5418 "-" "Mozilla/5.0 (compatible; BLEXBot/1.0; +http://webmeup-crawler.com/)"
157.90.209.78 - - [14/Jun/2021:06:36:23 +0800] "GET /tool/poem-tang/2745/ HTTP/1.1" 200 5827 "-" "Mozilla/5.0 (compatible; BLEXBot/1.0; +http://webmeup-crawler.com/)"
157.90.209.78 - - [14/Jun/2021:06:36:26 +0800] "GET /tool/poem-tang/2749/ HTTP/1.1" 200 5504 "-" "Mozilla/5.0 (compatible; BLEXBot/1.0; +http://webmeup-crawler.com/)"
157.90.209.78 - - [14/Jun/2021:06:36:29 +0800] "GET /tool/poem-tang/2751/ HTTP/1.1" 200 5631 "-" "Mozilla/5.0 (compatible; BLEXBot/1.0; +http://webmeup-crawler.com/)"
157.90.209.78 - - [14/Jun/2021:06:36:33 +0800] "GET /tool/poem-tang/2754/ HTTP/1.1" 200 6492 "-" "Mozilla/5.0 (compatible; BLEXBot/1.0; +http://webmeup-crawler.com/)"
157.90.209.78 - - [14/Jun/2021:06:36:37 +0800] "GET /tool/poem-tang/2755/ HTTP/1.1" 200 6869 "-" "Mozilla/5.0 (compatible; BLEXBot/1.0; +http://webmeup-crawler.com/)"
157.90.209.78 - - [14/Jun/2021:06:36:41 +0800] "GET /tool/poem-tang/2756/ HTTP/1.1" 200 5482 "-" "Mozilla/5.0 (compatible; BLEXBot/1.0; +http://webmeup-crawler.com/)"
157.90.209.78 - - [14/Jun/2021:06:36:45 +0800] "GET /tool/poem-tang/2759/ HTTP/1.1" 200 6232 "-" "Mozilla/5.0 (compatible; BLEXBot/1.0; +http://webmeup-crawler.com/)"
157.90.209.78 - - [14/Jun/2021:06:36:48 +0800] "GET /tool/poem-tang/276/ HTTP/1.1" 200 6494 "-" "Mozilla/5.0 (compatible; BLEXBot/1.0; +http://webmeup-crawler.com/)"
157.90.209.78 - - [14/Jun/2021:06:36:52 +0800] "GET /tool/poem-tang/2761/ HTTP/1.1" 200 5688 "-" "Mozilla/5.0 (compatible; BLEXBot/1.0; +http://webmeup-crawler.com/)"
157.90.209.78 - - [14/Jun/2021:06:36:55 +0800] "GET /tool/poem-tang/2763/ HTTP/1.1" 200 5659 "-" "Mozilla/5.0 (compatible; BLEXBot/1.0; +http://webmeup-crawler.com/)"
157.90.209.78 - - [14/Jun/2021:06:36:59 +0800] "GET /tool/poem-tang/2764/ HTTP/1.1" 200 6646 "-" "Mozilla/5.0 (compatible; BLEXBot/1.0; +http://webmeup-crawler.com/)"
157.90.209.78 - - [14/Jun/2021:06:37:02 +0800] "GET /tool/poem-tang/2765/ HTTP/1.1" 200 5201 "-" "Mozilla/5.0 (compatible; BLEXBot/1.0; +http://webmeup-crawler.com/)"
157.90.209.78 - - [14/Jun/2021:06:37:10 +0800] "GET /tool/poem-tang/2766/ HTTP/1.1" 200 5175 "-" "Mozilla/5.0 (compatible; BLEXBot/1.0; +http://webmeup-crawler.com/)"
157.90.209.78 - - [14/Jun/2021:06:37:14 +0800] "GET /tool/poem-tang/2768/ HTTP/1.1" 200 6396 "-" "Mozilla/5.0 (compatible; BLEXBot/1.0; +http://webmeup-crawler.com/)"
54.36.148.150 - - [14/Jun/2021:06:37:15 +0800] "GET /tool/poem-tang/3477/ HTTP/2.0" 200 5624 "-" "Mozilla/5.0 (compatible; AhrefsBot/7.0; +http://ahrefs.com/robot/)"
157.90.209.78 - - [14/Jun/2021:06:37:21 +0800] "GET /tool/poem-tang/2769/ HTTP/1.1" 200 5657 "-" "Mozilla/5.0 (compatible; BLEXBot/1.0; +http://webmeup-crawler.com/)"
157.90.209.78 - - [14/Jun/2021:06:37:24 +0800] "GET /tool/poem-tang/277/ HTTP/1.1" 200 7138 "-" "Mozilla/5.0 (compatible; BLEXBot/1.0; +http://webmeup-crawler.com/)"
157.90.209.78 - - [14/Jun/2021:06:37:27 +0800] "GET /tool/poem-tang/2770/ HTTP/1.1" 200 5865 "-" "Mozilla/5.0 (compatible; BLEXBot/1.0; +http://webmeup-crawler.com/)"
157.90.209.78 - - [14/Jun/2021:06:37:30 +0800] "GET /tool/poem-tang/2773/ HTTP/1.1" 200 5901 "-" "Mozilla/5.0 (compatible; BLEXBot/1.0; +http://webmeup-crawler.com/)"
157.90.209.78 - - [14/Jun/2021:06:37:34 +0800] "GET /tool/poem-tang/2774/ HTTP/1.1" 200 5933 "-" "Mozilla/5.0 (compatible; BLEXBot/1.0; +http://webmeup-crawler.com/)"
157.90.209.78 - - [14/Jun/2021:06:37:38 +0800] "GET /tool/poem-tang/2778/ HTTP/1.1" 200 6407 "-" "Mozilla/5.0 (compatible; BLEXBot/1.0; +http://webmeup-crawler.com/)"
114.119.136.199 - - [14/Jun/2021:06:37:41 +0800] "GET /tool/poem-song/6737 HTTP/1.1" 308 281 "-" "Mozilla/5.0 (Linux; Android 7.0;) AppleWebKit/537.36 (KHTML, like Gecko) Mobile Safari/537.36 (compatible; PetalBot;+https://webmaster.petalsearch.com/site/petalbot)"
157.90.209.78 - - [14/Jun/2021:06:37:42 +0800] "GET /tool/poem-tang/2779/ HTTP/1.1" 200 5343 "-" "Mozilla/5.0 (compatible; BLEXBot/1.0; +http://webmeup-crawler.com/)"
157.90.209.78 - - [14/Jun/2021:06:37:45 +0800] "GET /tool/poem-tang/278/ HTTP/1.1" 200 7132 "-" "Mozilla/5.0 (compatible; BLEXBot/1.0; +http://webmeup-crawler.com/)"
157.90.209.78 - - [14/Jun/2021:06:37:48 +0800] "GET /tool/poem-tang/2781/ HTTP/1.1" 200 6263 "-" "Mozilla/5.0 (compatible; BLEXBot/1.0; +http://webmeup-crawler.com/)"
157.90.209.78 - - [14/Jun/2021:06:37:50 +0800] "GET /tool/poem-tang/2783/ HTTP/1.1" 200 6854 "-" "Mozilla/5.0 (compatible; BLEXBot/1.0; +http://webmeup-crawler.com/)"
157.90.209.78 - - [14/Jun/2021:06:37:53 +0800] "GET /tool/poem-tang/2784/ HTTP/1.1" 200 5718 "-" "Mozilla/5.0 (compatible; BLEXBot/1.0; +http://webmeup-crawler.com/)"
157.90.209.78 - - [14/Jun/2021:06:37:56 +0800] "GET /tool/poem-tang/2787/ HTTP/1.1" 200 8120 "-" "Mozilla/5.0 (compatible; BLEXBot/1.0; +http://webmeup-crawler.com/)"
157.90.209.78 - - [14/Jun/2021:06:38:01 +0800] "GET /tool/poem-tang/2789/ HTTP/1.1" 200 6746 "-" "Mozilla/5.0 (compatible; BLEXBot/1.0; +http://webmeup-crawler.com/)"
157.90.209.78 - - [14/Jun/2021:06:38:04 +0800] "GET /tool/poem-tang/2790/ HTTP/1.1" 200 5993 "-" "Mozilla/5.0 (compatible; BLEXBot/1.0; +http://webmeup-crawler.com/)"
157.90.209.78 - - [14/Jun/2021:06:38:07 +0800] "GET /tool/poem-tang/2791/ HTTP/1.1" 200 6357 "-" "Mozilla/5.0 (compatible; BLEXBot/1.0; +http://webmeup-crawler.com/)"
157.90.209.78 - - [14/Jun/2021:06:38:10 +0800] "GET /tool/poem-tang/2792/ HTTP/1.1" 200 6790 "-" "Mozilla/5.0 (compatible; BLEXBot/1.0; +http://webmeup-crawler.com/)"
157.90.209.78 - - [14/Jun/2021:06:38:14 +0800] "GET /tool/poem-tang/2793/ HTTP/1.1" 200 5806 "-" "Mozilla/5.0 (compatible; BLEXBot/1.0; +http://webmeup-crawler.com/)"
54.36.148.150 - - [14/Jun/2021:06:38:15 +0800] "GET /tool/poem-tang/3278/ HTTP/2.0" 200 5813 "-" "Mozilla/5.0 (compatible; AhrefsBot/7.0; +http://ahrefs.com/robot/)"
157.90.209.78 - - [14/Jun/2021:06:38:18 +0800] "GET /tool/poem-tang/2796/ HTTP/1.1" 200 5833 "-" "Mozilla/5.0 (compatible; BLEXBot/1.0; +http://webmeup-crawler.com/)"
157.90.209.78 - - [14/Jun/2021:06:38:21 +0800] "GET /tool/poem-tang/2799/ HTTP/1.1" 200 6828 "-" "Mozilla/5.0 (compatible; BLEXBot/1.0; +http://webmeup-crawler.com/)"
157.90.209.78 - - [14/Jun/2021:06:38:27 +0800] "GET /tool/poem-tang/2800/ HTTP/1.1" 200 6386 "-" "Mozilla/5.0 (compatible; BLEXBot/1.0; +http://webmeup-crawler.com/)"
157.90.209.78 - - [14/Jun/2021:06:38:30 +0800] "GET /tool/poem-tang/2801/ HTTP/1.1" 200 6112 "-" "Mozilla/5.0 (compatible; BLEXBot/1.0; +http://webmeup-crawler.com/)"
157.90.209.78 - - [14/Jun/2021:06:38:33 +0800] "GET /tool/poem-tang/2802/ HTTP/1.1" 200 5846 "-" "Mozilla/5.0 (compatible; BLEXBot/1.0; +http://webmeup-crawler.com/)"
157.90.209.78 - - [14/Jun/2021:06:38:36 +0800] "GET /tool/poem-tang/2803/ HTTP/1.1" 200 6810 "-" "Mozilla/5.0 (compatible; BLEXBot/1.0; +http://webmeup-crawler.com/)"
157.90.209.78 - - [14/Jun/2021:06:38:41 +0800] "GET /tool/poem-tang/2804/ HTTP/1.1" 200 6522 "-" "Mozilla/5.0 (compatible; BLEXBot/1.0; +http://webmeup-crawler.com/)"
157.90.209.78 - - [14/Jun/2021:06:38:44 +0800] "GET /tool/poem-tang/2806/ HTTP/1.1" 200 6905 "-" "Mozilla/5.0 (compatible; BLEXBot/1.0; +http://webmeup-crawler.com/)"
157.90.209.78 - - [14/Jun/2021:06:38:48 +0800] "GET /tool/poem-tang/2808/ HTTP/1.1" 200 5554 "-" "Mozilla/5.0 (compatible; BLEXBot/1.0; +http://webmeup-crawler.com/)"
157.90.209.78 - - [14/Jun/2021:06:38:52 +0800] "GET /tool/poem-tang/2809/ HTTP/1.1" 200 5216 "-" "Mozilla/5.0 (compatible; BLEXBot/1.0; +http://webmeup-crawler.com/)"
157.90.209.78 - - [14/Jun/2021:06:38:54 +0800] "GET /tool/poem-tang/281/ HTTP/1.1" 200 5393 "-" "Mozilla/5.0 (compatible; BLEXBot/1.0; +http://webmeup-crawler.com/)"
157.90.209.78 - - [14/Jun/2021:06:38:59 +0800] "GET /tool/poem-tang/2810/ HTTP/1.1" 200 5802 "-" "Mozilla/5.0 (compatible; BLEXBot/1.0; +http://webmeup-crawler.com/)"
157.90.209.78 - - [14/Jun/2021:06:39:02 +0800] "GET /tool/poem-tang/2811/ HTTP/1.1" 200 6270 "-" "Mozilla/5.0 (compatible; BLEXBot/1.0; +http://webmeup-crawler.com/)"
207.46.13.72 - - [14/Jun/2021:06:39:04 +0800] "GET /tool/poem-song/11556/ HTTP/2.0" 200 5546 "-" "Mozilla/5.0 (compatible; bingbot/2.0; +http://www.bing.com/bingbot.htm)"
157.90.209.78 - - [14/Jun/2021:06:39:05 +0800] "GET /tool/poem-tang/2812/ HTTP/1.1" 200 5824 "-" "Mozilla/5.0 (compatible; BLEXBot/1.0; +http://webmeup-crawler.com/)"
54.36.148.193 - - [14/Jun/2021:06:39:07 +0800] "GET /tool/poem-tang/3169/ HTTP/2.0" 200 6093 "-" "Mozilla/5.0 (compatible; AhrefsBot/7.0; +http://ahrefs.com/robot/)"
157.90.209.78 - - [14/Jun/2021:06:39:08 +0800] "GET /tool/poem-tang/2813/ HTTP/1.1" 200 5927 "-" "Mozilla/5.0 (compatible; BLEXBot/1.0; +http://webmeup-crawler.com/)"
157.90.209.78 - - [14/Jun/2021:06:39:10 +0800] "GET /tool/poem-tang/2815/ HTTP/1.1" 200 7374 "-" "Mozilla/5.0 (compatible; BLEXBot/1.0; +http://webmeup-crawler.com/)"
157.90.209.78 - - [14/Jun/2021:06:39:13 +0800] "GET /tool/poem-tang/2817/ HTTP/1.1" 200 5502 "-" "Mozilla/5.0 (compatible; BLEXBot/1.0; +http://webmeup-crawler.com/)"
157.90.209.78 - - [14/Jun/2021:06:39:17 +0800] "GET /tool/poem-tang/282/ HTTP/1.1" 200 8757 "-" "Mozilla/5.0 (compatible; BLEXBot/1.0; +http://webmeup-crawler.com/)"
157.90.209.78 - - [14/Jun/2021:06:39:20 +0800] "GET /tool/poem-tang/2822/ HTTP/1.1" 200 8519 "-" "Mozilla/5.0 (compatible; BLEXBot/1.0; +http://webmeup-crawler.com/)"
157.90.209.78 - - [14/Jun/2021:06:39:22 +0800] "GET /tool/poem-tang/2823/ HTTP/1.1" 200 5934 "-" "Mozilla/5.0 (compatible; BLEXBot/1.0; +http://webmeup-crawler.com/)"
54.36.148.216 - - [14/Jun/2021:06:39:23 +0800] "GET /tool/poem-tang/3505/ HTTP/1.1" 301 194 "-" "Mozilla/5.0 (compatible; AhrefsBot/7.0; +http://ahrefs.com/robot/)"
157.90.209.78 - - [14/Jun/2021:06:39:26 +0800] "GET /tool/poem-tang/2825/ HTTP/1.1" 200 6691 "-" "Mozilla/5.0 (compatible; BLEXBot/1.0; +http://webmeup-crawler.com/)"
157.90.209.78 - - [14/Jun/2021:06:39:29 +0800] "GET /tool/poem-tang/2826/ HTTP/1.1" 200 8621 "-" "Mozilla/5.0 (compatible; BLEXBot/1.0; +http://webmeup-crawler.com/)"
157.90.209.78 - - [14/Jun/2021:06:39:33 +0800] "GET /tool/poem-tang/2829/ HTTP/1.1" 200 6279 "-" "Mozilla/5.0 (compatible; BLEXBot/1.0; +http://webmeup-crawler.com/)"
157.90.209.78 - - [14/Jun/2021:06:39:38 +0800] "GET /tool/poem-tang/2830/ HTTP/1.1" 200 5599 "-" "Mozilla/5.0 (compatible; BLEXBot/1.0; +http://webmeup-crawler.com/)"
157.90.209.78 - - [14/Jun/2021:06:39:41 +0800] "GET /tool/poem-tang/2831/ HTTP/1.1" 200 5691 "-" "Mozilla/5.0 (compatible; BLEXBot/1.0; +http://webmeup-crawler.com/)"
157.90.209.78 - - [14/Jun/2021:06:39:43 +0800] "GET /tool/poem-tang/2832/ HTTP/1.1" 200 5799 "-" "Mozilla/5.0 (compatible; BLEXBot/1.0; +http://webmeup-crawler.com/)"
157.90.209.78 - - [14/Jun/2021:06:39:45 +0800] "GET /tool/poem-tang/2833/ HTTP/1.1" 200 6278 "-" "Mozilla/5.0 (compatible; BLEXBot/1.0; +http://webmeup-crawler.com/)"
157.90.209.78 - - [14/Jun/2021:06:39:47 +0800] "GET /tool/poem-tang/2834/ HTTP/1.1" 200 7656 "-" "Mozilla/5.0 (compatible; BLEXBot/1.0; +http://webmeup-crawler.com/)"
157.90.209.78 - - [14/Jun/2021:06:39:50 +0800] "GET /tool/poem-tang/2835/ HTTP/1.1" 200 5762 "-" "Mozilla/5.0 (compatible; BLEXBot/1.0; +http://webmeup-crawler.com/)"
157.90.209.78 - - [14/Jun/2021:06:39:52 +0800] "GET /tool/poem-tang/2837/ HTTP/1.1" 200 8254 "-" "Mozilla/5.0 (compatible; BLEXBot/1.0; +http://webmeup-crawler.com/)"
157.90.209.78 - - [14/Jun/2021:06:39:54 +0800] "GET /tool/poem-tang/2841/ HTTP/1.1" 200 5740 "-" "Mozilla/5.0 (compatible; BLEXBot/1.0; +http://webmeup-crawler.com/)"
157.90.209.78 - - [14/Jun/2021:06:39:58 +0800] "GET /tool/poem-tang/2844/ HTTP/1.1" 200 5191 "-" "Mozilla/5.0 (compatible; BLEXBot/1.0; +http://webmeup-crawler.com/)"
54.36.149.27 - - [14/Jun/2021:06:39:59 +0800] "GET /tool/poem-tang/3127/ HTTP/2.0" 200 7172 "-" "Mozilla/5.0 (compatible; AhrefsBot/7.0; +http://ahrefs.com/robot/)"
157.90.209.78 - - [14/Jun/2021:06:40:01 +0800] "GET /tool/poem-tang/2846/ HTTP/1.1" 200 6089 "-" "Mozilla/5.0 (compatible; BLEXBot/1.0; +http://webmeup-crawler.com/)"
157.90.209.78 - - [14/Jun/2021:06:40:03 +0800] "GET /tool/poem-tang/2847/ HTTP/1.1" 200 5738 "-" "Mozilla/5.0 (compatible; BLEXBot/1.0; +http://webmeup-crawler.com/)"
157.90.209.78 - - [14/Jun/2021:06:40:35 +0800] "GET /tool/poem-tang/2849/ HTTP/1.1" 200 5785 "-" "Mozilla/5.0 (compatible; BLEXBot/1.0; +http://webmeup-crawler.com/)"
157.90.209.78 - - [14/Jun/2021:06:40:41 +0800] "GET /tool/poem-tang/285/ HTTP/1.1" 200 6341 "-" "Mozilla/5.0 (compatible; BLEXBot/1.0; +http://webmeup-crawler.com/)"
157.90.209.78 - - [14/Jun/2021:06:40:46 +0800] "GET /tool/poem-tang/2851/ HTTP/1.1" 200 5839 "-" "Mozilla/5.0 (compatible; BLEXBot/1.0; +http://webmeup-crawler.com/)"
54.36.148.150 - - [14/Jun/2021:06:40:49 +0800] "GET /tool/poem-tang/1761/ HTTP/2.0" 200 5838 "-" "Mozilla/5.0 (compatible; AhrefsBot/7.0; +http://ahrefs.com/robot/)"
157.90.209.78 - - [14/Jun/2021:06:41:19 +0800] "GET /tool/poem-tang/2852/ HTTP/1.1" 200 5744 "-" "Mozilla/5.0 (compatible; BLEXBot/1.0; +http://webmeup-crawler.com/)"
157.90.209.78 - - [14/Jun/2021:06:41:23 +0800] "GET /tool/poem-tang/2855/ HTTP/1.1" 200 7039 "-" "Mozilla/5.0 (compatible; BLEXBot/1.0; +http://webmeup-crawler.com/)"
157.90.209.78 - - [14/Jun/2021:06:41:27 +0800] "GET /tool/poem-tang/2856/ HTTP/1.1" 200 5919 "-" "Mozilla/5.0 (compatible; BLEXBot/1.0; +http://webmeup-crawler.com/)"
157.90.209.78 - - [14/Jun/2021:06:41:30 +0800] "GET /tool/poem-tang/2858/ HTTP/1.1" 200 5962 "-" "Mozilla/5.0 (compatible; BLEXBot/1.0; +http://webmeup-crawler.com/)"
157.90.209.78 - - [14/Jun/2021:06:41:34 +0800] "GET /tool/poem-tang/286/ HTTP/1.1" 200 7220 "-" "Mozilla/5.0 (compatible; BLEXBot/1.0; +http://webmeup-crawler.com/)"
157.90.209.78 - - [14/Jun/2021:06:41:36 +0800] "GET /tool/poem-tang/2861/ HTTP/1.1" 200 6052 "-" "Mozilla/5.0 (compatible; BLEXBot/1.0; +http://webmeup-crawler.com/)"
157.90.209.78 - - [14/Jun/2021:06:41:39 +0800] "GET /tool/poem-tang/2862/ HTTP/1.1" 200 5953 "-" "Mozilla/5.0 (compatible; BLEXBot/1.0; +http://webmeup-crawler.com/)"
54.36.148.187 - - [14/Jun/2021:06:41:40 +0800] "GET /tool/poem-tang/1086/ HTTP/2.0" 200 5899 "-" "Mozilla/5.0 (compatible; AhrefsBot/7.0; +http://ahrefs.com/robot/)"
157.90.209.78 - - [14/Jun/2021:06:41:43 +0800] "GET /tool/poem-tang/2864/ HTTP/1.1" 200 5484 "-" "Mozilla/5.0 (compatible; BLEXBot/1.0; +http://webmeup-crawler.com/)"
157.90.209.78 - - [14/Jun/2021:06:41:46 +0800] "GET /tool/poem-tang/2865/ HTTP/1.1" 200 5671 "-" "Mozilla/5.0 (compatible; BLEXBot/1.0; +http://webmeup-crawler.com/)"
157.90.209.78 - - [14/Jun/2021:06:41:48 +0800] "GET /tool/poem-tang/2866/ HTTP/1.1" 200 5562 "-" "Mozilla/5.0 (compatible; BLEXBot/1.0; +http://webmeup-crawler.com/)"
157.90.209.78 - - [14/Jun/2021:06:41:50 +0800] "GET /tool/poem-tang/2867/ HTTP/1.1" 200 5611 "-" "Mozilla/5.0 (compatible; BLEXBot/1.0; +http://webmeup-crawler.com/)"
157.90.209.78 - - [14/Jun/2021:06:41:54 +0800] "GET /tool/poem-tang/2868/ HTTP/1.1" 200 5374 "-" "Mozilla/5.0 (compatible; BLEXBot/1.0; +http://webmeup-crawler.com/)"
157.90.209.78 - - [14/Jun/2021:06:41:57 +0800] "GET /tool/poem-tang/2869/ HTTP/1.1" 200 5747 "-" "Mozilla/5.0 (compatible; BLEXBot/1.0; +http://webmeup-crawler.com/)"
157.90.209.78 - - [14/Jun/2021:06:42:00 +0800] "GET /tool/poem-tang/287/ HTTP/1.1" 200 6323 "-" "Mozilla/5.0 (compatible; BLEXBot/1.0; +http://webmeup-crawler.com/)"
157.90.209.78 - - [14/Jun/2021:06:42:03 +0800] "GET /tool/poem-tang/2870/ HTTP/1.1" 200 5358 "-" "Mozilla/5.0 (compatible; BLEXBot/1.0; +http://webmeup-crawler.com/)"
157.90.209.78 - - [14/Jun/2021:06:42:05 +0800] "GET /tool/poem-tang/2872/ HTTP/1.1" 200 6263 "-" "Mozilla/5.0 (compatible; BLEXBot/1.0; +http://webmeup-crawler.com/)"
157.90.209.78 - - [14/Jun/2021:06:42:08 +0800] "GET /tool/poem-tang/2874/ HTTP/1.1" 200 6257 "-" "Mozilla/5.0 (compatible; BLEXBot/1.0; +http://webmeup-crawler.com/)"
157.90.209.78 - - [14/Jun/2021:06:42:12 +0800] "GET /tool/poem-tang/2877/ HTTP/1.1" 200 6628 "-" "Mozilla/5.0 (compatible; BLEXBot/1.0; +http://webmeup-crawler.com/)"
157.90.209.78 - - [14/Jun/2021:06:42:18 +0800] "GET /tool/poem-tang/2878/ HTTP/1.1" 200 5795 "-" "Mozilla/5.0 (compatible; BLEXBot/1.0; +http://webmeup-crawler.com/)"
157.90.209.78 - - [14/Jun/2021:06:42:22 +0800] "GET /tool/poem-tang/2879/ HTTP/1.1" 200 6015 "-" "Mozilla/5.0 (compatible; BLEXBot/1.0; +http://webmeup-crawler.com/)"
157.90.209.78 - - [14/Jun/2021:06:42:27 +0800] "GET /tool/poem-tang/288/ HTTP/1.1" 200 6980 "-" "Mozilla/5.0 (compatible; BLEXBot/1.0; +http://webmeup-crawler.com/)"
157.90.209.78 - - [14/Jun/2021:06:42:29 +0800] "GET /tool/poem-tang/2880/ HTTP/1.1" 200 5583 "-" "Mozilla/5.0 (compatible; BLEXBot/1.0; +http://webmeup-crawler.com/)"
157.90.209.78 - - [14/Jun/2021:06:42:32 +0800] "GET /tool/poem-tang/2882/ HTTP/1.1" 200 5875 "-" "Mozilla/5.0 (compatible; BLEXBot/1.0; +http://webmeup-crawler.com/)"
54.36.148.150 - - [14/Jun/2021:06:42:33 +0800] "GET /tool/poem-tang/2797/ HTTP/2.0" 200 8116 "-" "Mozilla/5.0 (compatible; AhrefsBot/7.0; +http://ahrefs.com/robot/)"
157.90.209.78 - - [14/Jun/2021:06:42:34 +0800] "GET /tool/poem-tang/2885/ HTTP/1.1" 200 5746 "-" "Mozilla/5.0 (compatible; BLEXBot/1.0; +http://webmeup-crawler.com/)"
157.90.209.78 - - [14/Jun/2021:06:42:36 +0800] "GET /tool/poem-tang/2886/ HTTP/1.1" 200 5691 "-" "Mozilla/5.0 (compatible; BLEXBot/1.0; +http://webmeup-crawler.com/)"
157.90.209.78 - - [14/Jun/2021:06:42:39 +0800] "GET /tool/poem-tang/2887/ HTTP/1.1" 200 6270 "-" "Mozilla/5.0 (compatible; BLEXBot/1.0; +http://webmeup-crawler.com/)"
