157.90.209.78 - - [14/Jun/2021:07:34:48 +0800] "GET /tool/poem-tang/69/ HTTP/1.1" 200 6122 "-" "Mozilla/5.0 (compatible; BLEXBot/1.0; +http://webmeup-crawler.com/)"
54.36.148.150 - - [14/Jun/2021:07:34:58 +0800] "GET /tool/poem-tang/1768/ HTTP/2.0" 200 5501 "-" "Mozilla/5.0 (compatible; AhrefsBot/7.0; +http://ahrefs.com/robot/)"
114.119.136.199 - - [14/Jun/2021:07:35:09 +0800] "GET /tool/ci-song/512/ HTTP/1.1" 200 8630 "-" "Mozilla/5.0 (Linux; Android 7.0;) AppleWebKit/537.36 (KHTML, like Gecko) Mobile Safari/537.36 (compatible; PetalBot;+https://webmaster.petalsearch.com/site/petalbot)"
157.90.209.78 - - [14/Jun/2021:07:35:11 +0800] "GET /tool/poem-tang/69/ HTTP/1.1" 200 6119 "-" "Mozilla/5.0 (compatible; BLEXBot/1.0; +http://webmeup-crawler.com/)"
203.208.60.58 - - [14/Jun/2021:07:35:12 +0800] "GET /tool/poem-song/4172/ HTTP/1.1" 200 5815 "-" "Mozilla/5.0 (Linux; Android 6.0.1; Nexus 5X Build/MMB29P) AppleWebKit/537.36 (KHTML, like Gecko) Chrome/91.0.4472.90 Mobile Safari/537.36 (compatible; Googlebot/2.1; +http://www.google.com/bot.html)"
157.90.209.78 - - [14/Jun/2021:07:35:35 +0800] "GET /tool/poem-tang/691/ HTTP/1.1" 200 5805 "-" "Mozilla/5.0 (compatible; BLEXBot/1.0; +http://webmeup-crawler.com/)"
157.90.209.78 - - [14/Jun/2021:07:35:59 +0800] "GET /tool/poem-tang/692/ HTTP/1.1" 200 8333 "-" "Mozilla/5.0 (compatible; BLEXBot/1.0; +http://webmeup-crawler.com/)"
54.36.148.153 - - [14/Jun/2021:07:36:02 +0800] "GET /tool/poem-tang/378/ HTTP/2.0" 200 5944 "-" "Mozilla/5.0 (compatible; AhrefsBot/7.0; +http://ahrefs.com/robot/)"
157.90.209.78 - - [14/Jun/2021:07:36:23 +0800] "GET /tool/poem-tang/693/ HTTP/1.1" 200 6462 "-" "Mozilla/5.0 (compatible; BLEXBot/1.0; +http://webmeup-crawler.com/)"
157.90.209.78 - - [14/Jun/2021:07:36:27 +0800] "GET /tool/poem-tang/695/ HTTP/1.1" 200 5815 "-" "Mozilla/5.0 (compatible; BLEXBot/1.0; +http://webmeup-crawler.com/)"
157.90.209.78 - - [14/Jun/2021:07:36:31 +0800] "GET /tool/poem-tang/698/ HTTP/1.1" 200 5460 "-" "Mozilla/5.0 (compatible; BLEXBot/1.0; +http://webmeup-crawler.com/)"
157.90.209.78 - - [14/Jun/2021:07:36:34 +0800] "GET /tool/poem-tang/699/ HTTP/1.1" 200 5967 "-" "Mozilla/5.0 (compatible; BLEXBot/1.0; +http://webmeup-crawler.com/)"
157.90.209.78 - - [14/Jun/2021:07:36:38 +0800] "GET /robots.txt HTTP/1.1" 301 194 "-" "Mozilla/5.0 (compatible; BLEXBot/1.0; +http://webmeup-crawler.com/)"
157.90.209.78 - - [14/Jun/2021:07:36:40 +0800] "GET /robots.txt HTTP/1.1" 404 2972 "-" "Mozilla/5.0 (compatible; BLEXBot/1.0; +http://webmeup-crawler.com/)"
157.90.209.78 - - [14/Jun/2021:07:36:40 +0800] "GET /tool/poem-tang/7/ HTTP/1.1" 200 8187 "-" "Mozilla/5.0 (compatible; BLEXBot/1.0; +http://webmeup-crawler.com/)"
157.90.209.78 - - [14/Jun/2021:07:36:46 +0800] "GET /tool/poem-tang/7/ HTTP/1.1" 200 8179 "-" "Mozilla/5.0 (compatible; BLEXBot/1.0; +http://webmeup-crawler.com/)"
157.90.209.78 - - [14/Jun/2021:07:36:49 +0800] "GET /tool/poem-tang/70/ HTTP/1.1" 200 6057 "-" "Mozilla/5.0 (compatible; BLEXBot/1.0; +http://webmeup-crawler.com/)"
157.90.209.78 - - [14/Jun/2021:07:36:53 +0800] "GET /tool/poem-tang/70/ HTTP/1.1" 200 6049 "-" "Mozilla/5.0 (compatible; BLEXBot/1.0; +http://webmeup-crawler.com/)"
157.90.209.78 - - [14/Jun/2021:07:36:57 +0800] "GET /tool/poem-tang/703/ HTTP/1.1" 200 6867 "-" "Mozilla/5.0 (compatible; BLEXBot/1.0; +http://webmeup-crawler.com/)"
54.36.148.150 - - [14/Jun/2021:07:37:01 +0800] "GET /tool/poem-tang/372/ HTTP/2.0" 200 5691 "-" "Mozilla/5.0 (compatible; AhrefsBot/7.0; +http://ahrefs.com/robot/)"
157.90.209.78 - - [14/Jun/2021:07:37:03 +0800] "GET /tool/poem-tang/704/ HTTP/1.1" 200 6138 "-" "Mozilla/5.0 (compatible; BLEXBot/1.0; +http://webmeup-crawler.com/)"
157.90.209.78 - - [14/Jun/2021:07:37:07 +0800] "GET /tool/poem-tang/705/ HTTP/1.1" 200 5628 "-" "Mozilla/5.0 (compatible; BLEXBot/1.0; +http://webmeup-crawler.com/)"
157.90.209.78 - - [14/Jun/2021:07:37:11 +0800] "GET /tool/poem-tang/706/ HTTP/1.1" 200 8301 "-" "Mozilla/5.0 (compatible; BLEXBot/1.0; +http://webmeup-crawler.com/)"
157.90.209.78 - - [14/Jun/2021:07:37:14 +0800] "GET /tool/poem-tang/707/ HTTP/1.1" 200 6088 "-" "Mozilla/5.0 (compatible; BLEXBot/1.0; +http://webmeup-crawler.com/)"
157.90.209.78 - - [14/Jun/2021:07:37:18 +0800] "GET /tool/poem-tang/708/ HTTP/1.1" 200 5636 "-" "Mozilla/5.0 (compatible; BLEXBot/1.0; +http://webmeup-crawler.com/)"
157.90.209.78 - - [14/Jun/2021:07:37:21 +0800] "GET /tool/poem-tang/709/ HTTP/1.1" 200 6087 "-" "Mozilla/5.0 (compatible; BLEXBot/1.0; +http://webmeup-crawler.com/)"
157.90.209.78 - - [14/Jun/2021:07:37:26 +0800] "GET /tool/poem-tang/71/ HTTP/1.1" 200 6871 "-" "Mozilla/5.0 (compatible; BLEXBot/1.0; +http://webmeup-crawler.com/)"
157.90.209.78 - - [14/Jun/2021:07:37:32 +0800] "GET /tool/poem-tang/710/ HTTP/1.1" 200 5910 "-" "Mozilla/5.0 (compatible; BLEXBot/1.0; +http://webmeup-crawler.com/)"
157.90.209.78 - - [14/Jun/2021:07:37:38 +0800] "GET /tool/poem-tang/711/ HTTP/1.1" 200 5727 "-" "Mozilla/5.0 (compatible; BLEXBot/1.0; +http://webmeup-crawler.com/)"
157.90.209.78 - - [14/Jun/2021:07:37:42 +0800] "GET /tool/poem-tang/712/ HTTP/1.1" 200 5495 "-" "Mozilla/5.0 (compatible; BLEXBot/1.0; +http://webmeup-crawler.com/)"
157.90.209.78 - - [14/Jun/2021:07:37:46 +0800] "GET /tool/poem-tang/715/ HTTP/1.1" 200 5702 "-" "Mozilla/5.0 (compatible; BLEXBot/1.0; +http://webmeup-crawler.com/)"
157.90.209.78 - - [14/Jun/2021:07:37:50 +0800] "GET /tool/poem-tang/716/ HTTP/1.1" 200 6096 "-" "Mozilla/5.0 (compatible; BLEXBot/1.0; +http://webmeup-crawler.com/)"
157.90.209.78 - - [14/Jun/2021:07:37:55 +0800] "GET /tool/poem-tang/717/ HTTP/1.1" 200 5478 "-" "Mozilla/5.0 (compatible; BLEXBot/1.0; +http://webmeup-crawler.com/)"
157.90.209.78 - - [14/Jun/2021:07:38:01 +0800] "GET /tool/poem-tang/718/ HTTP/1.1" 200 5921 "-" "Mozilla/5.0 (compatible; BLEXBot/1.0; +http://webmeup-crawler.com/)"
203.208.60.21 - - [14/Jun/2021:07:38:02 +0800] "GET /tool/poem-song/10255/?page=15 HTTP/1.1" 200 7460 "-" "Mozilla/5.0 (Linux; Android 6.0.1; Nexus 5X Build/MMB29P) AppleWebKit/537.36 (KHTML, like Gecko) Chrome/91.0.4472.90 Mobile Safari/537.36 (compatible; Googlebot/2.1; +http://www.google.com/bot.html)"
157.90.209.78 - - [14/Jun/2021:07:38:05 +0800] "GET /tool/poem-tang/719/ HTTP/1.1" 200 6143 "-" "Mozilla/5.0 (compatible; BLEXBot/1.0; +http://webmeup-crawler.com/)"
54.36.148.240 - - [14/Jun/2021:07:38:06 +0800] "GET /tool/poem-tang/3188/ HTTP/2.0" 200 5921 "-" "Mozilla/5.0 (compatible; AhrefsBot/7.0; +http://ahrefs.com/robot/)"
157.90.209.78 - - [14/Jun/2021:07:38:08 +0800] "GET /tool/poem-tang/72/ HTTP/1.1" 200 6327 "-" "Mozilla/5.0 (compatible; BLEXBot/1.0; +http://webmeup-crawler.com/)"
157.90.209.78 - - [14/Jun/2021:07:38:12 +0800] "GET /tool/poem-tang/72/ HTTP/1.1" 200 6247 "-" "Mozilla/5.0 (compatible; BLEXBot/1.0; +http://webmeup-crawler.com/)"
157.90.209.78 - - [14/Jun/2021:07:38:15 +0800] "GET /tool/poem-tang/724/ HTTP/1.1" 200 5989 "-" "Mozilla/5.0 (compatible; BLEXBot/1.0; +http://webmeup-crawler.com/)"
157.90.209.78 - - [14/Jun/2021:07:38:21 +0800] "GET /tool/poem-tang/725/ HTTP/1.1" 200 7123 "-" "Mozilla/5.0 (compatible; BLEXBot/1.0; +http://webmeup-crawler.com/)"
157.90.209.78 - - [14/Jun/2021:07:38:25 +0800] "GET /tool/poem-tang/727/ HTTP/1.1" 200 5647 "-" "Mozilla/5.0 (compatible; BLEXBot/1.0; +http://webmeup-crawler.com/)"
116.179.32.164 - - [14/Jun/2021:07:38:26 +0800] "GET / HTTP/1.1" 200 49134 "-" "Mozilla/5.0 (compatible; Baiduspider/2.0; +http://www.baidu.com/search/spider.html)"
116.179.37.16 - - [14/Jun/2021:07:38:26 +0800] "GET /static/js/base.js HTTP/1.1" 200 2596 "https://2dogz.cn/" "Mozilla/5.0 (compatible; Baiduspider-render/2.0; +http://www.baidu.com/search/spider.html)"
116.179.37.213 - - [14/Jun/2021:07:38:27 +0800] "GET /static/js/jquery.cookies.js HTTP/1.1" 200 1300 "https://2dogz.cn/" "Mozilla/5.0 (compatible; Baiduspider-render/2.0; +http://www.baidu.com/search/spider.html)"
116.179.37.19 - - [14/Jun/2021:07:38:27 +0800] "GET /accounts/avatar/%E6%B8%85%E6%B0%B44.jpg HTTP/1.1" 308 321 "https://2dogz.cn/" "Mozilla/5.0 (compatible; Baiduspider-render/2.0; +http://www.baidu.com/search/spider.html)"
116.179.37.212 - - [14/Jun/2021:07:38:27 +0800] "GET /backend/blog/img/2021-06-07/%E5%B1%8F%E5%B9%95%E6%88%AA%E5%9B%BE_16.png HTTP/1.1" 200 58544 "https://2dogz.cn/" "Mozilla/5.0 (compatible; Baiduspider-render/2.0; +http://www.baidu.com/search/spider.html)"
116.179.37.156 - - [14/Jun/2021:07:38:27 +0800] "GET /backend/blog/img/2021-04-01/%E5%BE%AE%E4%BF%A1%E6%88%AA%E5%9B%BE_20210401231931.png HTTP/1.1" 200 23160 "https://2dogz.cn/" "Mozilla/5.0 (compatible; Baiduspider-render/2.0; +http://www.baidu.com/search/spider.html)"
116.179.37.239 - - [14/Jun/2021:07:38:28 +0800] "GET /backend/blog/img/2021-03-19/%E5%BE%AE%E4%BF%A1%E6%88%AA%E5%9B%BE_20210319132941.png HTTP/1.1" 200 17769 "https://2dogz.cn/" "Mozilla/5.0 (compatible; Baiduspider-render/2.0; +http://www.baidu.com/search/spider.html)"
116.179.37.71 - - [14/Jun/2021:07:38:28 +0800] "POST /get-contribution/ HTTP/1.1" 200 1581 "https://2dogz.cn/" "Mozilla/5.0 (compatible; Baiduspider-render/2.0; +http://www.baidu.com/search/spider.html)"
116.179.37.202 - - [14/Jun/2021:07:38:28 +0800] "GET /backend/blog/img/2021-03-11/%E5%B1%8F%E5%B9%95%E6%88%AA%E5%9B%BE_79.png HTTP/1.1" 200 52050 "https://2dogz.cn/" "Mozilla/5.0 (compatible; Baiduspider-render/2.0; +http://www.baidu.com/search/spider.html)"
116.179.37.250 - - [14/Jun/2021:07:38:28 +0800] "GET /accounts/avatar/%E6%B8%85%E6%B0%B44.jpg/ HTTP/1.1" 200 17263 "https://2dogz.cn/" "Mozilla/5.0 (compatible; Baiduspider-render/2.0; +http://www.baidu.com/search/spider.html)"
116.179.37.243 - - [14/Jun/2021:07:38:28 +0800] "GET /backend/blog/img/2021-03-23/%E5%B1%8F%E5%B9%95%E6%88%AA%E5%9B%BE_81.png HTTP/1.1" 200 102080 "https://2dogz.cn/" "Mozilla/5.0 (compatible; Baiduspider-render/2.0; +http://www.baidu.com/search/spider.html)"
157.90.209.78 - - [14/Jun/2021:07:38:29 +0800] "GET /tool/poem-tang/728/ HTTP/1.1" 200 7027 "-" "Mozilla/5.0 (compatible; BLEXBot/1.0; +http://webmeup-crawler.com/)"
116.179.37.13 - - [14/Jun/2021:07:38:29 +0800] "POST /load-one/ HTTP/1.1" 200 113 "https://2dogz.cn/" "Mozilla/5.0 (compatible; Baiduspider-render/2.0; +http://www.baidu.com/search/spider.html)"
116.179.37.78 - - [14/Jun/2021:07:38:29 +0800] "POST /load-github/ HTTP/1.1" 200 9365 "https://2dogz.cn/" "Mozilla/5.0 (compatible; Baiduspider-render/2.0; +http://www.baidu.com/search/spider.html)"
157.90.209.78 - - [14/Jun/2021:07:38:34 +0800] "GET /tool/poem-tang/729/ HTTP/1.1" 200 6354 "-" "Mozilla/5.0 (compatible; BLEXBot/1.0; +http://webmeup-crawler.com/)"
157.90.209.78 - - [14/Jun/2021:07:38:36 +0800] "GET /tool/poem-tang/73/ HTTP/1.1" 200 7508 "-" "Mozilla/5.0 (compatible; BLEXBot/1.0; +http://webmeup-crawler.com/)"
157.90.209.78 - - [14/Jun/2021:07:38:40 +0800] "GET /tool/poem-tang/73/ HTTP/1.1" 200 7522 "-" "Mozilla/5.0 (compatible; BLEXBot/1.0; +http://webmeup-crawler.com/)"
157.90.209.78 - - [14/Jun/2021:07:38:46 +0800] "GET /tool/poem-tang/732/ HTTP/1.1" 200 5517 "-" "Mozilla/5.0 (compatible; BLEXBot/1.0; +http://webmeup-crawler.com/)"
157.90.209.78 - - [14/Jun/2021:07:38:49 +0800] "GET /tool/poem-tang/733/ HTTP/1.1" 200 5514 "-" "Mozilla/5.0 (compatible; BLEXBot/1.0; +http://webmeup-crawler.com/)"
157.90.209.78 - - [14/Jun/2021:07:38:53 +0800] "GET /tool/poem-tang/734/ HTTP/1.1" 200 6922 "-" "Mozilla/5.0 (compatible; BLEXBot/1.0; +http://webmeup-crawler.com/)"
157.90.209.78 - - [14/Jun/2021:07:38:57 +0800] "GET /tool/poem-tang/735/ HTTP/1.1" 200 8046 "-" "Mozilla/5.0 (compatible; BLEXBot/1.0; +http://webmeup-crawler.com/)"
157.90.209.78 - - [14/Jun/2021:07:39:03 +0800] "GET /tool/poem-tang/737/ HTTP/1.1" 200 5964 "-" "Mozilla/5.0 (compatible; BLEXBot/1.0; +http://webmeup-crawler.com/)"
157.90.209.78 - - [14/Jun/2021:07:39:09 +0800] "GET /tool/poem-tang/74/ HTTP/1.1" 200 6331 "-" "Mozilla/5.0 (compatible; BLEXBot/1.0; +http://webmeup-crawler.com/)"
54.36.148.150 - - [14/Jun/2021:07:39:09 +0800] "GET /tool/poem-tang/3318/ HTTP/2.0" 200 7150 "-" "Mozilla/5.0 (compatible; AhrefsBot/7.0; +http://ahrefs.com/robot/)"
54.36.149.1 - - [14/Jun/2021:07:39:11 +0800] "GET /tool/poem-tang/2777/ HTTP/1.1" 301 194 "-" "Mozilla/5.0 (compatible; AhrefsBot/7.0; +http://ahrefs.com/robot/)"
157.90.209.78 - - [14/Jun/2021:07:39:14 +0800] "GET /tool/poem-tang/740/ HTTP/1.1" 200 9151 "-" "Mozilla/5.0 (compatible; BLEXBot/1.0; +http://webmeup-crawler.com/)"
157.90.209.78 - - [14/Jun/2021:07:39:19 +0800] "GET /tool/poem-tang/741/ HTTP/1.1" 200 6525 "-" "Mozilla/5.0 (compatible; BLEXBot/1.0; +http://webmeup-crawler.com/)"
157.90.209.78 - - [14/Jun/2021:07:39:23 +0800] "GET /tool/poem-tang/745/ HTTP/1.1" 200 5811 "-" "Mozilla/5.0 (compatible; BLEXBot/1.0; +http://webmeup-crawler.com/)"
157.90.209.78 - - [14/Jun/2021:07:39:27 +0800] "GET /tool/poem-tang/747/ HTTP/1.1" 200 5994 "-" "Mozilla/5.0 (compatible; BLEXBot/1.0; +http://webmeup-crawler.com/)"
157.90.209.78 - - [14/Jun/2021:07:39:31 +0800] "GET /tool/poem-tang/749/ HTTP/1.1" 200 5823 "-" "Mozilla/5.0 (compatible; BLEXBot/1.0; +http://webmeup-crawler.com/)"
157.90.209.78 - - [14/Jun/2021:07:39:36 +0800] "GET /tool/poem-tang/75/ HTTP/1.1" 200 5690 "-" "Mozilla/5.0 (compatible; BLEXBot/1.0; +http://webmeup-crawler.com/)"
157.90.209.78 - - [14/Jun/2021:07:39:40 +0800] "GET /tool/poem-tang/75/ HTTP/1.1" 200 5679 "-" "Mozilla/5.0 (compatible; BLEXBot/1.0; +http://webmeup-crawler.com/)"
157.90.209.78 - - [14/Jun/2021:07:39:44 +0800] "GET /tool/poem-tang/750/ HTTP/1.1" 200 5592 "-" "Mozilla/5.0 (compatible; BLEXBot/1.0; +http://webmeup-crawler.com/)"
157.90.209.78 - - [14/Jun/2021:07:39:48 +0800] "GET /tool/poem-tang/751/ HTTP/1.1" 200 5606 "-" "Mozilla/5.0 (compatible; BLEXBot/1.0; +http://webmeup-crawler.com/)"
157.90.209.78 - - [14/Jun/2021:07:39:53 +0800] "GET /tool/poem-tang/752/ HTTP/1.1" 200 5527 "-" "Mozilla/5.0 (compatible; BLEXBot/1.0; +http://webmeup-crawler.com/)"
157.90.209.78 - - [14/Jun/2021:07:39:59 +0800] "GET /tool/poem-tang/757/ HTTP/1.1" 200 7449 "-" "Mozilla/5.0 (compatible; BLEXBot/1.0; +http://webmeup-crawler.com/)"
157.90.209.78 - - [14/Jun/2021:07:40:02 +0800] "GET /tool/poem-tang/758/ HTTP/1.1" 200 7657 "-" "Mozilla/5.0 (compatible; BLEXBot/1.0; +http://webmeup-crawler.com/)"
193.107.216.198 - - [14/Jun/2021:07:40:06 +0800] "GET //a2billing/customer/templates/default/footer.tpl HTTP/1.1" 404 2972 "-" "python-requests/2.6.0 CPython/2.7.5 Linux/3.10.0-1160.25.1.el7.x86_64"
157.90.209.78 - - [14/Jun/2021:07:40:06 +0800] "GET /tool/poem-tang/76/ HTTP/1.1" 200 5927 "-" "Mozilla/5.0 (compatible; BLEXBot/1.0; +http://webmeup-crawler.com/)"
157.90.209.78 - - [14/Jun/2021:07:40:11 +0800] "GET /tool/poem-tang/760/ HTTP/1.1" 200 7383 "-" "Mozilla/5.0 (compatible; BLEXBot/1.0; +http://webmeup-crawler.com/)"
54.36.148.130 - - [14/Jun/2021:07:40:12 +0800] "GET /tool/poem-tang/1749/ HTTP/2.0" 200 6054 "-" "Mozilla/5.0 (compatible; AhrefsBot/7.0; +http://ahrefs.com/robot/)"
157.90.209.78 - - [14/Jun/2021:07:40:15 +0800] "GET /tool/poem-tang/762/ HTTP/1.1" 200 5533 "-" "Mozilla/5.0 (compatible; BLEXBot/1.0; +http://webmeup-crawler.com/)"
157.90.209.78 - - [14/Jun/2021:07:40:19 +0800] "GET /tool/poem-tang/763/ HTTP/1.1" 200 5677 "-" "Mozilla/5.0 (compatible; BLEXBot/1.0; +http://webmeup-crawler.com/)"
157.90.209.78 - - [14/Jun/2021:07:40:22 +0800] "GET /tool/poem-tang/765/ HTTP/1.1" 200 5622 "-" "Mozilla/5.0 (compatible; BLEXBot/1.0; +http://webmeup-crawler.com/)"
114.119.146.29 - - [14/Jun/2021:07:40:22 +0800] "GET /tool/poem-tang/537/ HTTP/1.1" 200 5581 "-" "Mozilla/5.0 (Linux; Android 7.0;) AppleWebKit/537.36 (KHTML, like Gecko) Mobile Safari/537.36 (compatible; PetalBot;+https://webmaster.petalsearch.com/site/petalbot)"
157.90.209.78 - - [14/Jun/2021:07:40:27 +0800] "GET /tool/poem-tang/767/ HTTP/1.1" 200 5509 "-" "Mozilla/5.0 (compatible; BLEXBot/1.0; +http://webmeup-crawler.com/)"
157.90.209.78 - - [14/Jun/2021:07:40:32 +0800] "GET /tool/poem-tang/768/ HTTP/1.1" 200 5653 "-" "Mozilla/5.0 (compatible; BLEXBot/1.0; +http://webmeup-crawler.com/)"
157.90.209.78 - - [14/Jun/2021:07:40:36 +0800] "GET /tool/poem-tang/769/ HTTP/1.1" 200 5190 "-" "Mozilla/5.0 (compatible; BLEXBot/1.0; +http://webmeup-crawler.com/)"
157.90.209.78 - - [14/Jun/2021:07:40:40 +0800] "GET /tool/poem-tang/77/ HTTP/1.1" 200 6653 "-" "Mozilla/5.0 (compatible; BLEXBot/1.0; +http://webmeup-crawler.com/)"
157.90.209.78 - - [14/Jun/2021:07:40:45 +0800] "GET /tool/poem-tang/77/ HTTP/1.1" 200 6720 "-" "Mozilla/5.0 (compatible; BLEXBot/1.0; +http://webmeup-crawler.com/)"
157.90.209.78 - - [14/Jun/2021:07:40:49 +0800] "GET /tool/poem-tang/770/ HTTP/1.1" 200 5530 "-" "Mozilla/5.0 (compatible; BLEXBot/1.0; +http://webmeup-crawler.com/)"
54.36.148.211 - - [14/Jun/2021:07:40:50 +0800] "GET /tool/poem-song/8035/ HTTP/1.1" 301 194 "-" "Mozilla/5.0 (compatible; AhrefsBot/7.0; +http://ahrefs.com/robot/)"
157.90.209.78 - - [14/Jun/2021:07:40:54 +0800] "GET /tool/poem-tang/771/ HTTP/1.1" 200 5584 "-" "Mozilla/5.0 (compatible; BLEXBot/1.0; +http://webmeup-crawler.com/)"
157.90.209.78 - - [14/Jun/2021:07:41:01 +0800] "GET /tool/poem-tang/773/ HTTP/1.1" 200 5547 "-" "Mozilla/5.0 (compatible; BLEXBot/1.0; +http://webmeup-crawler.com/)"
54.36.148.146 - - [14/Jun/2021:07:41:05 +0800] "GET /tool/poem-tang/3070/ HTTP/2.0" 200 6006 "-" "Mozilla/5.0 (compatible; AhrefsBot/7.0; +http://ahrefs.com/robot/)"
157.90.209.78 - - [14/Jun/2021:07:41:06 +0800] "GET /tool/poem-tang/774/ HTTP/1.1" 200 7156 "-" "Mozilla/5.0 (compatible; BLEXBot/1.0; +http://webmeup-crawler.com/)"
207.46.13.121 - - [14/Jun/2021:07:41:08 +0800] "GET /tool/poem-song/5651/ HTTP/2.0" 200 8308 "-" "Mozilla/5.0 (compatible; bingbot/2.0; +http://www.bing.com/bingbot.htm)"
157.90.209.78 - - [14/Jun/2021:07:41:12 +0800] "GET /tool/poem-tang/776/ HTTP/1.1" 200 5684 "-" "Mozilla/5.0 (compatible; BLEXBot/1.0; +http://webmeup-crawler.com/)"
157.90.209.78 - - [14/Jun/2021:07:41:16 +0800] "GET /tool/poem-tang/777/ HTTP/1.1" 200 5472 "-" "Mozilla/5.0 (compatible; BLEXBot/1.0; +http://webmeup-crawler.com/)"
157.90.209.78 - - [14/Jun/2021:07:41:21 +0800] "GET /tool/poem-tang/778/ HTTP/1.1" 200 11056 "-" "Mozilla/5.0 (compatible; BLEXBot/1.0; +http://webmeup-crawler.com/)"
157.90.209.78 - - [14/Jun/2021:07:41:26 +0800] "GET /tool/poem-tang/78/ HTTP/1.1" 200 7908 "-" "Mozilla/5.0 (compatible; BLEXBot/1.0; +http://webmeup-crawler.com/)"
157.90.209.78 - - [14/Jun/2021:07:41:31 +0800] "GET /tool/poem-tang/780/ HTTP/1.1" 200 6435 "-" "Mozilla/5.0 (compatible; BLEXBot/1.0; +http://webmeup-crawler.com/)"
157.90.209.78 - - [14/Jun/2021:07:41:35 +0800] "GET /tool/poem-tang/781/ HTTP/1.1" 200 5800 "-" "Mozilla/5.0 (compatible; BLEXBot/1.0; +http://webmeup-crawler.com/)"
157.90.209.78 - - [14/Jun/2021:07:41:40 +0800] "GET /tool/poem-tang/783/ HTTP/1.1" 200 5942 "-" "Mozilla/5.0 (compatible; BLEXBot/1.0; +http://webmeup-crawler.com/)"
157.90.209.78 - - [14/Jun/2021:07:41:44 +0800] "GET /tool/poem-tang/785/ HTTP/1.1" 200 5674 "-" "Mozilla/5.0 (compatible; BLEXBot/1.0; +http://webmeup-crawler.com/)"
157.90.209.78 - - [14/Jun/2021:07:41:49 +0800] "GET /tool/poem-tang/787/ HTTP/1.1" 200 5845 "-" "Mozilla/5.0 (compatible; BLEXBot/1.0; +http://webmeup-crawler.com/)"
157.90.209.78 - - [14/Jun/2021:07:41:53 +0800] "GET /tool/poem-tang/788/ HTTP/1.1" 200 6684 "-" "Mozilla/5.0 (compatible; BLEXBot/1.0; +http://webmeup-crawler.com/)"
157.90.209.78 - - [14/Jun/2021:07:41:56 +0800] "GET /tool/poem-tang/789/ HTTP/1.1" 200 5635 "-" "Mozilla/5.0 (compatible; BLEXBot/1.0; +http://webmeup-crawler.com/)"
157.90.209.78 - - [14/Jun/2021:07:42:01 +0800] "GET /tool/poem-tang/79/ HTTP/1.1" 200 5451 "-" "Mozilla/5.0 (compatible; BLEXBot/1.0; +http://webmeup-crawler.com/)"
54.36.148.150 - - [14/Jun/2021:07:42:03 +0800] "GET /tool/poem-tang/1484/ HTTP/2.0" 200 5818 "-" "Mozilla/5.0 (compatible; AhrefsBot/7.0; +http://ahrefs.com/robot/)"
157.90.209.78 - - [14/Jun/2021:07:42:06 +0800] "GET /tool/poem-tang/79/ HTTP/1.1" 200 5481 "-" "Mozilla/5.0 (compatible; BLEXBot/1.0; +http://webmeup-crawler.com/)"
157.90.209.78 - - [14/Jun/2021:07:42:09 +0800] "GET /tool/poem-tang/791/ HTTP/1.1" 200 5823 "-" "Mozilla/5.0 (compatible; BLEXBot/1.0; +http://webmeup-crawler.com/)"
157.90.209.78 - - [14/Jun/2021:07:42:13 +0800] "GET /tool/poem-tang/792/ HTTP/1.1" 200 6490 "-" "Mozilla/5.0 (compatible; BLEXBot/1.0; +http://webmeup-crawler.com/)"
157.90.209.78 - - [14/Jun/2021:07:42:17 +0800] "GET /tool/poem-tang/795/ HTTP/1.1" 200 5605 "-" "Mozilla/5.0 (compatible; BLEXBot/1.0; +http://webmeup-crawler.com/)"
157.90.209.78 - - [14/Jun/2021:07:42:20 +0800] "GET /tool/poem-tang/796/ HTTP/1.1" 200 5525 "-" "Mozilla/5.0 (compatible; BLEXBot/1.0; +http://webmeup-crawler.com/)"
157.90.209.78 - - [14/Jun/2021:07:42:23 +0800] "GET /tool/poem-tang/797/ HTTP/1.1" 200 5938 "-" "Mozilla/5.0 (compatible; BLEXBot/1.0; +http://webmeup-crawler.com/)"
157.90.209.78 - - [14/Jun/2021:07:42:27 +0800] "GET /tool/poem-tang/798/ HTTP/1.1" 200 5563 "-" "Mozilla/5.0 (compatible; BLEXBot/1.0; +http://webmeup-crawler.com/)"
157.90.209.78 - - [14/Jun/2021:07:42:31 +0800] "GET /tool/poem-tang/799/ HTTP/1.1" 200 5574 "-" "Mozilla/5.0 (compatible; BLEXBot/1.0; +http://webmeup-crawler.com/)"
157.90.209.78 - - [14/Jun/2021:07:42:36 +0800] "GET /tool/poem-tang/8/ HTTP/1.1" 200 6664 "-" "Mozilla/5.0 (compatible; BLEXBot/1.0; +http://webmeup-crawler.com/)"
157.90.209.78 - - [14/Jun/2021:07:42:40 +0800] "GET /tool/poem-tang/80/ HTTP/1.1" 200 7071 "-" "Mozilla/5.0 (compatible; BLEXBot/1.0; +http://webmeup-crawler.com/)"
157.90.209.78 - - [14/Jun/2021:07:42:45 +0800] "GET /tool/poem-tang/800/ HTTP/1.1" 200 7181 "-" "Mozilla/5.0 (compatible; BLEXBot/1.0; +http://webmeup-crawler.com/)"
157.90.209.78 - - [14/Jun/2021:07:42:49 +0800] "GET /tool/poem-tang/801/ HTTP/1.1" 200 7611 "-" "Mozilla/5.0 (compatible; BLEXBot/1.0; +http://webmeup-crawler.com/)"
60.205.136.227 - - [14/Jun/2021:07:42:51 +0800] "GET /rss-feed/ HTTP/1.1" 200 402187 "-" "Mozilla/5.0 (Macintosh; Intel Mac OS X 10_14_6) AppleWebKit/537.36 (KHTML, like Gecko) Chrome/75.0.3770.142 Safari/537.36"
157.90.209.78 - - [14/Jun/2021:07:42:55 +0800] "GET /tool/poem-tang/804/ HTTP/1.1" 200 5582 "-" "Mozilla/5.0 (compatible; BLEXBot/1.0; +http://webmeup-crawler.com/)"
157.90.209.78 - - [14/Jun/2021:07:42:59 +0800] "GET /tool/poem-tang/806/ HTTP/1.1" 200 6444 "-" "Mozilla/5.0 (compatible; BLEXBot/1.0; +http://webmeup-crawler.com/)"
157.90.209.78 - - [14/Jun/2021:07:43:03 +0800] "GET /tool/poem-tang/807/ HTTP/1.1" 200 5797 "-" "Mozilla/5.0 (compatible; BLEXBot/1.0; +http://webmeup-crawler.com/)"
157.90.209.78 - - [14/Jun/2021:07:43:08 +0800] "GET /tool/poem-tang/809/ HTTP/1.1" 200 5556 "-" "Mozilla/5.0 (compatible; BLEXBot/1.0; +http://webmeup-crawler.com/)"
54.36.148.150 - - [14/Jun/2021:07:43:08 +0800] "GET /tool/poem-tang/3431/ HTTP/2.0" 200 5634 "-" "Mozilla/5.0 (compatible; AhrefsBot/7.0; +http://ahrefs.com/robot/)"
157.90.209.78 - - [14/Jun/2021:07:43:11 +0800] "GET /tool/poem-tang/81/ HTTP/1.1" 200 5590 "-" "Mozilla/5.0 (compatible; BLEXBot/1.0; +http://webmeup-crawler.com/)"
157.90.209.78 - - [14/Jun/2021:07:43:15 +0800] "GET /tool/poem-tang/81/ HTTP/1.1" 200 5594 "-" "Mozilla/5.0 (compatible; BLEXBot/1.0; +http://webmeup-crawler.com/)"
157.90.209.78 - - [14/Jun/2021:07:43:20 +0800] "GET /tool/poem-tang/810/ HTTP/1.1" 200 5556 "-" "Mozilla/5.0 (compatible; BLEXBot/1.0; +http://webmeup-crawler.com/)"
157.90.209.78 - - [14/Jun/2021:07:43:24 +0800] "GET /tool/poem-tang/812/ HTTP/1.1" 200 5578 "-" "Mozilla/5.0 (compatible; BLEXBot/1.0; +http://webmeup-crawler.com/)"
157.90.209.78 - - [14/Jun/2021:07:43:30 +0800] "GET /tool/poem-tang/813/ HTTP/1.1" 200 5549 "-" "Mozilla/5.0 (compatible; BLEXBot/1.0; +http://webmeup-crawler.com/)"
157.90.209.78 - - [14/Jun/2021:07:43:35 +0800] "GET /tool/poem-tang/814/ HTTP/1.1" 200 5553 "-" "Mozilla/5.0 (compatible; BLEXBot/1.0; +http://webmeup-crawler.com/)"
157.90.209.78 - - [14/Jun/2021:07:43:42 +0800] "GET /tool/poem-tang/818/ HTTP/1.1" 200 6894 "-" "Mozilla/5.0 (compatible; BLEXBot/1.0; +http://webmeup-crawler.com/)"
157.90.209.78 - - [14/Jun/2021:07:43:46 +0800] "GET /tool/poem-tang/82/ HTTP/1.1" 200 7490 "-" "Mozilla/5.0 (compatible; BLEXBot/1.0; +http://webmeup-crawler.com/)"
157.90.209.78 - - [14/Jun/2021:07:43:54 +0800] "GET /tool/poem-tang/821/ HTTP/1.1" 200 6543 "-" "Mozilla/5.0 (compatible; BLEXBot/1.0; +http://webmeup-crawler.com/)"
157.90.209.78 - - [14/Jun/2021:07:43:57 +0800] "GET /tool/poem-tang/823/ HTTP/1.1" 200 5511 "-" "Mozilla/5.0 (compatible; BLEXBot/1.0; +http://webmeup-crawler.com/)"
157.90.209.78 - - [14/Jun/2021:07:44:01 +0800] "GET /tool/poem-tang/824/ HTTP/1.1" 200 6098 "-" "Mozilla/5.0 (compatible; BLEXBot/1.0; +http://webmeup-crawler.com/)"
54.36.149.62 - - [14/Jun/2021:07:44:04 +0800] "GET /tool/poem-tang/1895/ HTTP/2.0" 200 5874 "-" "Mozilla/5.0 (compatible; AhrefsBot/7.0; +http://ahrefs.com/robot/)"
157.90.209.78 - - [14/Jun/2021:07:44:06 +0800] "GET /tool/poem-tang/825/ HTTP/1.1" 200 5638 "-" "Mozilla/5.0 (compatible; BLEXBot/1.0; +http://webmeup-crawler.com/)"
157.90.209.78 - - [14/Jun/2021:07:44:09 +0800] "GET /tool/poem-tang/826/ HTTP/1.1" 200 5492 "-" "Mozilla/5.0 (compatible; BLEXBot/1.0; +http://webmeup-crawler.com/)"
157.90.209.78 - - [14/Jun/2021:07:44:13 +0800] "GET /tool/poem-tang/827/ HTTP/1.1" 200 5621 "-" "Mozilla/5.0 (compatible; BLEXBot/1.0; +http://webmeup-crawler.com/)"
157.90.209.78 - - [14/Jun/2021:07:44:19 +0800] "GET /tool/poem-tang/830/ HTTP/1.1" 200 7530 "-" "Mozilla/5.0 (compatible; BLEXBot/1.0; +http://webmeup-crawler.com/)"
157.90.209.78 - - [14/Jun/2021:07:44:23 +0800] "GET /tool/poem-tang/832/ HTTP/1.1" 200 7102 "-" "Mozilla/5.0 (compatible; BLEXBot/1.0; +http://webmeup-crawler.com/)"
157.90.209.78 - - [14/Jun/2021:07:44:28 +0800] "GET /tool/poem-tang/833/ HTTP/1.1" 200 5643 "-" "Mozilla/5.0 (compatible; BLEXBot/1.0; +http://webmeup-crawler.com/)"
157.90.209.78 - - [14/Jun/2021:07:44:33 +0800] "GET /tool/poem-tang/834/ HTTP/1.1" 200 5614 "-" "Mozilla/5.0 (compatible; BLEXBot/1.0; +http://webmeup-crawler.com/)"
118.126.124.74 - - [14/Jun/2021:07:44:36 +0800] "GET /tool/poem-tang/1565/ HTTP/1.1" 301 194 "-" "Go-http-client/1.1"
118.126.124.141 - - [14/Jun/2021:07:44:36 +0800] "GET /tool/poem-tang/1565/ HTTP/1.1" 200 5626 "http://2dogz.cn/tool/poem-tang/1565/" "Go-http-client/1.1"
59.36.129.106 - - [14/Jun/2021:07:44:37 +0800] "GET /static/img/logo.png HTTP/1.1" 301 194 "-" "-"
14.215.156.35 - - [14/Jun/2021:07:44:37 +0800] "GET /static/img/logo.png HTTP/1.1" 301 194 "-" "-"
157.90.209.78 - - [14/Jun/2021:07:44:37 +0800] "GET /tool/poem-tang/835/ HTTP/1.1" 200 6094 "-" "Mozilla/5.0 (compatible; BLEXBot/1.0; +http://webmeup-crawler.com/)"
59.36.129.106 - - [14/Jun/2021:07:44:37 +0800] "GET /static/img/logo.png HTTP/1.1" 200 8992 "-" "-"
14.215.156.35 - - [14/Jun/2021:07:44:37 +0800] "GET /static/img/logo.png HTTP/1.1" 200 8992 "-" "-"
157.90.209.78 - - [14/Jun/2021:07:44:40 +0800] "GET /tool/poem-tang/837/ HTTP/1.1" 200 7297 "-" "Mozilla/5.0 (compatible; BLEXBot/1.0; +http://webmeup-crawler.com/)"
157.90.209.78 - - [14/Jun/2021:07:44:43 +0800] "GET /tool/poem-tang/839/ HTTP/1.1" 200 5444 "-" "Mozilla/5.0 (compatible; BLEXBot/1.0; +http://webmeup-crawler.com/)"
157.90.209.78 - - [14/Jun/2021:07:44:48 +0800] "GET /tool/poem-tang/84/ HTTP/1.1" 200 5486 "-" "Mozilla/5.0 (compatible; BLEXBot/1.0; +http://webmeup-crawler.com/)"
157.90.209.78 - - [14/Jun/2021:07:44:51 +0800] "GET /tool/poem-tang/841/ HTTP/1.1" 200 7114 "-" "Mozilla/5.0 (compatible; BLEXBot/1.0; +http://webmeup-crawler.com/)"
157.90.209.78 - - [14/Jun/2021:07:44:55 +0800] "GET /tool/poem-tang/842/ HTTP/1.1" 200 5496 "-" "Mozilla/5.0 (compatible; BLEXBot/1.0; +http://webmeup-crawler.com/)"
118.126.124.172 - - [14/Jun/2021:07:44:56 +0800] "GET /tool/poem-song/8678/ HTTP/1.1" 301 194 "-" "Go-http-client/1.1"
118.126.124.141 - - [14/Jun/2021:07:44:56 +0800] "GET /tool/poem-song/8678/ HTTP/1.1" 200 5957 "http://2dogz.cn/tool/poem-song/8678/" "Go-http-client/1.1"
157.90.209.78 - - [14/Jun/2021:07:44:58 +0800] "GET /tool/poem-tang/843/ HTTP/1.1" 200 5603 "-" "Mozilla/5.0 (compatible; BLEXBot/1.0; +http://webmeup-crawler.com/)"
157.90.209.78 - - [14/Jun/2021:07:45:03 +0800] "GET /tool/poem-tang/844/ HTTP/1.1" 200 5533 "-" "Mozilla/5.0 (compatible; BLEXBot/1.0; +http://webmeup-crawler.com/)"
203.208.60.121 - - [14/Jun/2021:07:45:04 +0800] "GET /tool/poem-song/8369/ HTTP/1.1" 200 6714 "-" "Mozilla/5.0 (Linux; Android 6.0.1; Nexus 5X Build/MMB29P) AppleWebKit/537.36 (KHTML, like Gecko) Chrome/91.0.4472.90 Mobile Safari/537.36 (compatible; Googlebot/2.1; +http://www.google.com/bot.html)"
157.90.209.78 - - [14/Jun/2021:07:45:07 +0800] "GET /tool/poem-tang/845/ HTTP/1.1" 200 6259 "-" "Mozilla/5.0 (compatible; BLEXBot/1.0; +http://webmeup-crawler.com/)"
54.36.149.97 - - [14/Jun/2021:07:45:07 +0800] "GET /tool/poem-tang/387/ HTTP/2.0" 200 5672 "-" "Mozilla/5.0 (compatible; AhrefsBot/7.0; +http://ahrefs.com/robot/)"
157.90.209.78 - - [14/Jun/2021:07:45:11 +0800] "GET /tool/poem-tang/847/ HTTP/1.1" 200 5569 "-" "Mozilla/5.0 (compatible; BLEXBot/1.0; +http://webmeup-crawler.com/)"
157.90.209.78 - - [14/Jun/2021:07:45:15 +0800] "GET /tool/poem-tang/848/ HTTP/1.1" 200 5575 "-" "Mozilla/5.0 (compatible; BLEXBot/1.0; +http://webmeup-crawler.com/)"
157.90.209.78 - - [14/Jun/2021:07:45:19 +0800] "GET /tool/poem-tang/85/ HTTP/1.1" 200 5457 "-" "Mozilla/5.0 (compatible; BLEXBot/1.0; +http://webmeup-crawler.com/)"
157.90.209.78 - - [14/Jun/2021:07:45:26 +0800] "GET /tool/poem-tang/850/ HTTP/1.1" 200 5984 "-" "Mozilla/5.0 (compatible; BLEXBot/1.0; +http://webmeup-crawler.com/)"
157.90.209.78 - - [14/Jun/2021:07:45:29 +0800] "GET /tool/poem-tang/851/ HTTP/1.1" 200 5569 "-" "Mozilla/5.0 (compatible; BLEXBot/1.0; +http://webmeup-crawler.com/)"
157.90.209.78 - - [14/Jun/2021:07:45:33 +0800] "GET /tool/poem-tang/852/ HTTP/1.1" 200 5487 "-" "Mozilla/5.0 (compatible; BLEXBot/1.0; +http://webmeup-crawler.com/)"
157.90.209.78 - - [14/Jun/2021:07:45:37 +0800] "GET /tool/poem-tang/854/ HTTP/1.1" 200 5633 "-" "Mozilla/5.0 (compatible; BLEXBot/1.0; +http://webmeup-crawler.com/)"
157.90.209.78 - - [14/Jun/2021:07:45:40 +0800] "GET /tool/poem-tang/855/ HTTP/1.1" 200 5919 "-" "Mozilla/5.0 (compatible; BLEXBot/1.0; +http://webmeup-crawler.com/)"
157.90.209.78 - - [14/Jun/2021:07:45:43 +0800] "GET /tool/poem-tang/857/ HTTP/1.1" 200 7093 "-" "Mozilla/5.0 (compatible; BLEXBot/1.0; +http://webmeup-crawler.com/)"
114.119.137.220 - - [14/Jun/2021:07:45:43 +0800] "GET /tool/poem-song/5865/ HTTP/1.1" 200 6390 "-" "Mozilla/5.0 (Linux; Android 7.0;) AppleWebKit/537.36 (KHTML, like Gecko) Mobile Safari/537.36 (compatible; PetalBot;+https://webmaster.petalsearch.com/site/petalbot)"
157.90.209.78 - - [14/Jun/2021:07:45:47 +0800] "GET /tool/poem-tang/858/ HTTP/1.1" 200 5523 "-" "Mozilla/5.0 (compatible; BLEXBot/1.0; +http://webmeup-crawler.com/)"
157.90.209.78 - - [14/Jun/2021:07:45:51 +0800] "GET /tool/poem-tang/86/ HTTP/1.1" 200 6870 "-" "Mozilla/5.0 (compatible; BLEXBot/1.0; +http://webmeup-crawler.com/)"
203.208.60.49 - - [14/Jun/2021:07:45:53 +0800] "GET / HTTP/1.1" 200 10102 "-" "Mozilla/5.0 (compatible; Googlebot/2.1; +http://www.google.com/bot.html)"
203.208.60.6 - - [14/Jun/2021:07:46:00 +0800] "POST /get-contribution/ HTTP/1.1" 200 1581 "https://2dogz.cn/" "Mozilla/5.0 AppleWebKit/537.36 (KHTML, like Gecko; compatible; Googlebot/2.1; +http://www.google.com/bot.html) Safari/537.36"
203.208.60.7 - - [14/Jun/2021:07:46:01 +0800] "POST /load-one/ HTTP/1.1" 200 113 "https://2dogz.cn/" "Mozilla/5.0 AppleWebKit/537.36 (KHTML, like Gecko; compatible; Googlebot/2.1; +http://www.google.com/bot.html) Safari/537.36"
66.249.79.210 - - [14/Jun/2021:07:46:03 +0800] "POST /load-github/ HTTP/1.1" 200 9365 "https://2dogz.cn/" "Mozilla/5.0 AppleWebKit/537.36 (KHTML, like Gecko; compatible; Googlebot/2.1; +http://www.google.com/bot.html) Safari/537.36"
54.36.148.225 - - [14/Jun/2021:07:46:04 +0800] "GET /tool/poem-tang/1361/ HTTP/2.0" 200 5728 "-" "Mozilla/5.0 (compatible; AhrefsBot/7.0; +http://ahrefs.com/robot/)"
157.90.209.78 - - [14/Jun/2021:07:46:14 +0800] "GET /tool/poem-tang/860/ HTTP/1.1" 200 5409 "-" "Mozilla/5.0 (compatible; BLEXBot/1.0; +http://webmeup-crawler.com/)"
157.90.209.78 - - [14/Jun/2021:07:46:19 +0800] "GET /tool/poem-tang/862/ HTTP/1.1" 200 5846 "-" "Mozilla/5.0 (compatible; BLEXBot/1.0; +http://webmeup-crawler.com/)"
157.90.209.78 - - [14/Jun/2021:07:46:45 +0800] "GET /robots.txt HTTP/1.1" 301 194 "-" "Mozilla/5.0 (compatible; BLEXBot/1.0; +http://webmeup-crawler.com/)"
157.90.209.78 - - [14/Jun/2021:07:46:46 +0800] "GET /robots.txt HTTP/1.1" 404 2972 "-" "Mozilla/5.0 (compatible; BLEXBot/1.0; +http://webmeup-crawler.com/)"
157.90.209.78 - - [14/Jun/2021:07:46:47 +0800] "GET /tool/poem-tang/863/ HTTP/1.1" 200 5980 "-" "Mozilla/5.0 (compatible; BLEXBot/1.0; +http://webmeup-crawler.com/)"
157.90.209.78 - - [14/Jun/2021:07:46:51 +0800] "GET /tool/poem-tang/864/ HTTP/1.1" 200 6715 "-" "Mozilla/5.0 (compatible; BLEXBot/1.0; +http://webmeup-crawler.com/)"
157.90.209.78 - - [14/Jun/2021:07:46:54 +0800] "GET /tool/poem-tang/865/ HTTP/1.1" 200 6552 "-" "Mozilla/5.0 (compatible; BLEXBot/1.0; +http://webmeup-crawler.com/)"
157.90.209.78 - - [14/Jun/2021:07:46:58 +0800] "GET /tool/poem-tang/867/ HTTP/1.1" 200 5878 "-" "Mozilla/5.0 (compatible; BLEXBot/1.0; +http://webmeup-crawler.com/)"
157.90.209.78 - - [14/Jun/2021:07:47:01 +0800] "GET /tool/poem-tang/868/ HTTP/1.1" 200 5864 "-" "Mozilla/5.0 (compatible; BLEXBot/1.0; +http://webmeup-crawler.com/)"
54.36.148.150 - - [14/Jun/2021:07:47:06 +0800] "GET /tool/poem-tang/1190/ HTTP/2.0" 200 5625 "-" "Mozilla/5.0 (compatible; AhrefsBot/7.0; +http://ahrefs.com/robot/)"
157.90.209.78 - - [14/Jun/2021:07:47:07 +0800] "GET /tool/poem-tang/869/ HTTP/1.1" 200 7670 "-" "Mozilla/5.0 (compatible; BLEXBot/1.0; +http://webmeup-crawler.com/)"
157.90.209.78 - - [14/Jun/2021:07:47:34 +0800] "GET /tool/poem-tang/870/ HTTP/1.1" 200 5576 "-" "Mozilla/5.0 (compatible; BLEXBot/1.0; +http://webmeup-crawler.com/)"
113.244.157.255 - - [14/Jun/2021:07:47:52 +0800] "GET / HTTP/2.0" 200 10547 "https://2dogz.cn/backend/interactive/index/?page=3" "Mozilla/5.0 (Linux; Android 11; Mi 10) AppleWebKit/537.36 (KHTML, like Gecko) Chrome/77.0.3865.116 Mobile Safari/537.36 EdgA/45.09.4.5079"
113.244.157.255 - - [14/Jun/2021:07:47:53 +0800] "POST /get-contribution/ HTTP/2.0" 200 1654 "https://2dogz.cn/" "Mozilla/5.0 (Linux; Android 11; Mi 10) AppleWebKit/537.36 (KHTML, like Gecko) Chrome/77.0.3865.116 Mobile Safari/537.36 EdgA/45.09.4.5079"
113.244.157.255 - - [14/Jun/2021:07:47:53 +0800] "POST /load-one/ HTTP/2.0" 200 185 "https://2dogz.cn/" "Mozilla/5.0 (Linux; Android 11; Mi 10) AppleWebKit/537.36 (KHTML, like Gecko) Chrome/77.0.3865.116 Mobile Safari/537.36 EdgA/45.09.4.5079"
113.244.157.255 - - [14/Jun/2021:07:47:53 +0800] "POST /load-github/ HTTP/2.0" 200 9438 "https://2dogz.cn/" "Mozilla/5.0 (Linux; Android 11; Mi 10) AppleWebKit/537.36 (KHTML, like Gecko) Chrome/77.0.3865.116 Mobile Safari/537.36 EdgA/45.09.4.5079"
113.244.157.255 - - [14/Jun/2021:07:47:54 +0800] "GET / HTTP/2.0" 200 10549 "https://2dogz.cn/backend/interactive/index/?page=3" "Mozilla/5.0 (Linux; Android 11; Mi 10) AppleWebKit/537.36 (KHTML, like Gecko) Chrome/77.0.3865.116 Mobile Safari/537.36 EdgA/45.09.4.5079"
113.244.157.255 - - [14/Jun/2021:07:47:54 +0800] "POST /get-contribution/ HTTP/2.0" 200 1654 "https://2dogz.cn/" "Mozilla/5.0 (Linux; Android 11; Mi 10) AppleWebKit/537.36 (KHTML, like Gecko) Chrome/77.0.3865.116 Mobile Safari/537.36 EdgA/45.09.4.5079"
113.244.157.255 - - [14/Jun/2021:07:47:54 +0800] "POST /load-one/ HTTP/2.0" 200 185 "https://2dogz.cn/" "Mozilla/5.0 (Linux; Android 11; Mi 10) AppleWebKit/537.36 (KHTML, like Gecko) Chrome/77.0.3865.116 Mobile Safari/537.36 EdgA/45.09.4.5079"
113.244.157.255 - - [14/Jun/2021:07:47:54 +0800] "GET /static/favicon.png HTTP/2.0" 200 13773 "https://2dogz.cn/" "Mozilla/5.0 (Linux; Android 11; Mi 10) AppleWebKit/537.36 (KHTML, like Gecko) Chrome/77.0.3865.116 Mobile Safari/537.36 EdgA/45.09.4.5079"
113.244.157.255 - - [14/Jun/2021:07:47:54 +0800] "POST /load-github/ HTTP/2.0" 200 9438 "https://2dogz.cn/" "Mozilla/5.0 (Linux; Android 11; Mi 10) AppleWebKit/537.36 (KHTML, like Gecko) Chrome/77.0.3865.116 Mobile Safari/537.36 EdgA/45.09.4.5079"
157.90.209.78 - - [14/Jun/2021:07:47:57 +0800] "GET /tool/poem-tang/871/ HTTP/1.1" 200 5648 "-" "Mozilla/5.0 (compatible; BLEXBot/1.0; +http://webmeup-crawler.com/)"
157.90.209.78 - - [14/Jun/2021:07:48:01 +0800] "GET /tool/poem-tang/872/ HTTP/1.1" 200 5599 "-" "Mozilla/5.0 (compatible; BLEXBot/1.0; +http://webmeup-crawler.com/)"
157.90.209.78 - - [14/Jun/2021:07:48:05 +0800] "GET /tool/poem-tang/873/ HTTP/1.1" 200 6310 "-" "Mozilla/5.0 (compatible; BLEXBot/1.0; +http://webmeup-crawler.com/)"
54.36.148.167 - - [14/Jun/2021:07:48:12 +0800] "GET /tool/poem-tang/617/ HTTP/2.0" 200 7444 "-" "Mozilla/5.0 (compatible; AhrefsBot/7.0; +http://ahrefs.com/robot/)"
157.90.209.78 - - [14/Jun/2021:07:48:28 +0800] "GET /tool/poem-tang/876/ HTTP/1.1" 200 5544 "-" "Mozilla/5.0 (compatible; BLEXBot/1.0; +http://webmeup-crawler.com/)"
157.90.209.78 - - [14/Jun/2021:07:48:33 +0800] "GET /tool/poem-tang/877/ HTTP/1.1" 200 5595 "-" "Mozilla/5.0 (compatible; BLEXBot/1.0; +http://webmeup-crawler.com/)"
40.77.167.4 - - [14/Jun/2021:07:48:34 +0800] "GET /tool/poem-song/10862/ HTTP/2.0" 200 6086 "-" "Mozilla/5.0 (compatible; bingbot/2.0; +http://www.bing.com/bingbot.htm)"
157.90.209.78 - - [14/Jun/2021:07:48:39 +0800] "GET /tool/poem-tang/878/ HTTP/1.1" 200 5475 "-" "Mozilla/5.0 (compatible; BLEXBot/1.0; +http://webmeup-crawler.com/)"
157.90.209.78 - - [14/Jun/2021:07:48:47 +0800] "GET /tool/poem-tang/882/ HTTP/1.1" 200 6182 "-" "Mozilla/5.0 (compatible; BLEXBot/1.0; +http://webmeup-crawler.com/)"
157.90.209.78 - - [14/Jun/2021:07:48:50 +0800] "GET /tool/poem-tang/883/ HTTP/1.1" 200 6442 "-" "Mozilla/5.0 (compatible; BLEXBot/1.0; +http://webmeup-crawler.com/)"
157.90.209.78 - - [14/Jun/2021:07:48:52 +0800] "GET /tool/poem-tang/884/ HTTP/1.1" 200 5534 "-" "Mozilla/5.0 (compatible; BLEXBot/1.0; +http://webmeup-crawler.com/)"
157.90.209.78 - - [14/Jun/2021:07:48:54 +0800] "GET /tool/poem-tang/885/ HTTP/1.1" 200 6169 "-" "Mozilla/5.0 (compatible; BLEXBot/1.0; +http://webmeup-crawler.com/)"
157.90.209.78 - - [14/Jun/2021:07:48:56 +0800] "GET /tool/poem-tang/886/ HTTP/1.1" 200 5952 "-" "Mozilla/5.0 (compatible; BLEXBot/1.0; +http://webmeup-crawler.com/)"
157.90.209.78 - - [14/Jun/2021:07:48:57 +0800] "GET /tool/poem-tang/887/ HTTP/1.1" 200 5781 "-" "Mozilla/5.0 (compatible; BLEXBot/1.0; +http://webmeup-crawler.com/)"
157.90.209.78 - - [14/Jun/2021:07:49:00 +0800] "GET /tool/poem-tang/888/ HTTP/1.1" 200 8533 "-" "Mozilla/5.0 (compatible; BLEXBot/1.0; +http://webmeup-crawler.com/)"
54.36.148.180 - - [14/Jun/2021:07:49:00 +0800] "GET /tool/poem-song/7524/ HTTP/1.1" 301 194 "-" "Mozilla/5.0 (compatible; AhrefsBot/7.0; +http://ahrefs.com/robot/)"
157.90.209.78 - - [14/Jun/2021:07:49:02 +0800] "GET /tool/poem-tang/889/ HTTP/1.1" 200 6602 "-" "Mozilla/5.0 (compatible; BLEXBot/1.0; +http://webmeup-crawler.com/)"
157.90.209.78 - - [14/Jun/2021:07:49:06 +0800] "GET /tool/poem-tang/890/ HTTP/1.1" 200 5859 "-" "Mozilla/5.0 (compatible; BLEXBot/1.0; +http://webmeup-crawler.com/)"
157.90.209.78 - - [14/Jun/2021:07:49:10 +0800] "GET /tool/poem-tang/891/ HTTP/1.1" 200 6108 "-" "Mozilla/5.0 (compatible; BLEXBot/1.0; +http://webmeup-crawler.com/)"
54.36.148.248 - - [14/Jun/2021:07:49:17 +0800] "GET /tool/poem-tang/1349/ HTTP/2.0" 200 6134 "-" "Mozilla/5.0 (compatible; AhrefsBot/7.0; +http://ahrefs.com/robot/)"
157.90.209.78 - - [14/Jun/2021:07:49:17 +0800] "GET /tool/poem-tang/895/ HTTP/1.1" 200 6862 "-" "Mozilla/5.0 (compatible; BLEXBot/1.0; +http://webmeup-crawler.com/)"
157.90.209.78 - - [14/Jun/2021:07:49:20 +0800] "GET /tool/poem-tang/897/ HTTP/1.1" 200 5543 "-" "Mozilla/5.0 (compatible; BLEXBot/1.0; +http://webmeup-crawler.com/)"
157.90.209.78 - - [14/Jun/2021:07:49:30 +0800] "GET /tool/poem-tang/898/ HTTP/1.1" 200 5546 "-" "Mozilla/5.0 (compatible; BLEXBot/1.0; +http://webmeup-crawler.com/)"
157.90.209.78 - - [14/Jun/2021:07:49:36 +0800] "GET /tool/poem-tang/9/ HTTP/1.1" 200 6846 "-" "Mozilla/5.0 (compatible; BLEXBot/1.0; +http://webmeup-crawler.com/)"
157.90.209.78 - - [14/Jun/2021:07:49:47 +0800] "GET /tool/poem-tang/9/ HTTP/1.1" 200 6833 "-" "Mozilla/5.0 (compatible; BLEXBot/1.0; +http://webmeup-crawler.com/)"
157.90.209.78 - - [14/Jun/2021:07:49:52 +0800] "GET /tool/poem-tang/90/ HTTP/1.1" 200 6281 "-" "Mozilla/5.0 (compatible; BLEXBot/1.0; +http://webmeup-crawler.com/)"
157.90.209.78 - - [14/Jun/2021:07:49:55 +0800] "GET /tool/poem-tang/90/ HTTP/1.1" 200 6292 "-" "Mozilla/5.0 (compatible; BLEXBot/1.0; +http://webmeup-crawler.com/)"
54.36.148.224 - - [14/Jun/2021:07:50:17 +0800] "GET /tool/poem-tang/3024/ HTTP/2.0" 200 5581 "-" "Mozilla/5.0 (compatible; AhrefsBot/7.0; +http://ahrefs.com/robot/)"
157.90.209.78 - - [14/Jun/2021:07:50:27 +0800] "GET /tool/poem-tang/901/ HTTP/1.1" 200 5787 "-" "Mozilla/5.0 (compatible; BLEXBot/1.0; +http://webmeup-crawler.com/)"
157.90.209.78 - - [14/Jun/2021:07:50:32 +0800] "GET /tool/poem-tang/902/ HTTP/1.1" 200 6501 "-" "Mozilla/5.0 (compatible; BLEXBot/1.0; +http://webmeup-crawler.com/)"
157.90.209.78 - - [14/Jun/2021:07:50:42 +0800] "GET /tool/poem-tang/905/ HTTP/1.1" 200 5827 "-" "Mozilla/5.0 (compatible; BLEXBot/1.0; +http://webmeup-crawler.com/)"
157.90.209.78 - - [14/Jun/2021:07:50:47 +0800] "GET /tool/poem-tang/907/ HTTP/1.1" 200 5970 "-" "Mozilla/5.0 (compatible; BLEXBot/1.0; +http://webmeup-crawler.com/)"
157.90.209.78 - - [14/Jun/2021:07:50:54 +0800] "GET /tool/poem-tang/91/ HTTP/1.1" 200 6038 "-" "Mozilla/5.0 (compatible; BLEXBot/1.0; +http://webmeup-crawler.com/)"
157.90.209.78 - - [14/Jun/2021:07:51:06 +0800] "GET /tool/poem-tang/910/ HTTP/1.1" 200 6592 "-" "Mozilla/5.0 (compatible; BLEXBot/1.0; +http://webmeup-crawler.com/)"
157.90.209.78 - - [14/Jun/2021:07:51:11 +0800] "GET /tool/poem-tang/913/ HTTP/1.1" 200 5668 "-" "Mozilla/5.0 (compatible; BLEXBot/1.0; +http://webmeup-crawler.com/)"
157.90.209.78 - - [14/Jun/2021:07:51:15 +0800] "GET /tool/poem-tang/916/ HTTP/1.1" 200 5600 "-" "Mozilla/5.0 (compatible; BLEXBot/1.0; +http://webmeup-crawler.com/)"
54.36.148.125 - - [14/Jun/2021:07:51:18 +0800] "GET /tool/poem-tang/1102/ HTTP/2.0" 200 7260 "-" "Mozilla/5.0 (compatible; AhrefsBot/7.0; +http://ahrefs.com/robot/)"
157.90.209.78 - - [14/Jun/2021:07:51:18 +0800] "GET /tool/poem-tang/918/ HTTP/1.1" 200 5153 "-" "Mozilla/5.0 (compatible; BLEXBot/1.0; +http://webmeup-crawler.com/)"
157.90.209.78 - - [14/Jun/2021:07:51:22 +0800] "GET /tool/poem-tang/919/ HTTP/1.1" 200 7263 "-" "Mozilla/5.0 (compatible; BLEXBot/1.0; +http://webmeup-crawler.com/)"
157.90.209.78 - - [14/Jun/2021:07:51:31 +0800] "GET /tool/poem-tang/923/ HTTP/1.1" 200 5691 "-" "Mozilla/5.0 (compatible; BLEXBot/1.0; +http://webmeup-crawler.com/)"
54.36.148.16 - - [14/Jun/2021:07:51:33 +0800] "GET /tool/poem-tang/842/ HTTP/1.1" 301 194 "-" "Mozilla/5.0 (compatible; AhrefsBot/7.0; +http://ahrefs.com/robot/)"
157.90.209.78 - - [14/Jun/2021:07:51:38 +0800] "GET /tool/poem-tang/924/ HTTP/1.1" 200 5734 "-" "Mozilla/5.0 (compatible; BLEXBot/1.0; +http://webmeup-crawler.com/)"
157.90.209.78 - - [14/Jun/2021:07:51:44 +0800] "GET /tool/poem-tang/927/ HTTP/1.1" 200 5544 "-" "Mozilla/5.0 (compatible; BLEXBot/1.0; +http://webmeup-crawler.com/)"
114.119.137.220 - - [14/Jun/2021:07:51:46 +0800] "GET /tool/poem-song/6715 HTTP/1.1" 308 281 "-" "Mozilla/5.0 (Linux; Android 7.0;) AppleWebKit/537.36 (KHTML, like Gecko) Mobile Safari/537.36 (compatible; PetalBot;+https://webmaster.petalsearch.com/site/petalbot)"
157.90.209.78 - - [14/Jun/2021:07:51:48 +0800] "GET /tool/poem-tang/93/ HTTP/1.1" 200 5711 "-" "Mozilla/5.0 (compatible; BLEXBot/1.0; +http://webmeup-crawler.com/)"
157.90.209.78 - - [14/Jun/2021:07:51:53 +0800] "GET /tool/poem-tang/93/ HTTP/1.1" 200 5744 "-" "Mozilla/5.0 (compatible; BLEXBot/1.0; +http://webmeup-crawler.com/)"
157.90.209.78 - - [14/Jun/2021:07:51:57 +0800] "GET /tool/poem-tang/934/ HTTP/1.1" 200 6277 "-" "Mozilla/5.0 (compatible; BLEXBot/1.0; +http://webmeup-crawler.com/)"
157.90.209.78 - - [14/Jun/2021:07:52:02 +0800] "GET /tool/poem-tang/935/ HTTP/1.1" 200 6797 "-" "Mozilla/5.0 (compatible; BLEXBot/1.0; +http://webmeup-crawler.com/)"
157.90.209.78 - - [14/Jun/2021:07:52:06 +0800] "GET /tool/poem-tang/94/ HTTP/1.1" 200 5601 "-" "Mozilla/5.0 (compatible; BLEXBot/1.0; +http://webmeup-crawler.com/)"
157.90.209.78 - - [14/Jun/2021:07:52:11 +0800] "GET /tool/poem-tang/94/ HTTP/1.1" 200 5603 "-" "Mozilla/5.0 (compatible; BLEXBot/1.0; +http://webmeup-crawler.com/)"
157.90.209.78 - - [14/Jun/2021:07:52:16 +0800] "GET /tool/poem-tang/943/ HTTP/1.1" 200 5511 "-" "Mozilla/5.0 (compatible; BLEXBot/1.0; +http://webmeup-crawler.com/)"
157.90.209.78 - - [14/Jun/2021:07:52:20 +0800] "GET /tool/poem-tang/945/ HTTP/1.1" 200 5623 "-" "Mozilla/5.0 (compatible; BLEXBot/1.0; +http://webmeup-crawler.com/)"
54.36.148.150 - - [14/Jun/2021:07:52:20 +0800] "GET /tool/poem-tang/1824/ HTTP/2.0" 200 5582 "-" "Mozilla/5.0 (compatible; AhrefsBot/7.0; +http://ahrefs.com/robot/)"
157.90.209.78 - - [14/Jun/2021:07:52:25 +0800] "GET /tool/poem-tang/946/ HTTP/1.1" 200 5824 "-" "Mozilla/5.0 (compatible; BLEXBot/1.0; +http://webmeup-crawler.com/)"
157.90.209.78 - - [14/Jun/2021:07:52:29 +0800] "GET /tool/poem-tang/947/ HTTP/1.1" 200 5994 "-" "Mozilla/5.0 (compatible; BLEXBot/1.0; +http://webmeup-crawler.com/)"
157.90.209.78 - - [14/Jun/2021:07:52:36 +0800] "GET /tool/poem-tang/948/ HTTP/1.1" 200 5607 "-" "Mozilla/5.0 (compatible; BLEXBot/1.0; +http://webmeup-crawler.com/)"
157.90.209.78 - - [14/Jun/2021:07:52:44 +0800] "GET /tool/poem-tang/95/ HTTP/1.1" 200 7857 "-" "Mozilla/5.0 (compatible; BLEXBot/1.0; +http://webmeup-crawler.com/)"
157.90.209.78 - - [14/Jun/2021:07:52:55 +0800] "GET /tool/poem-tang/952/ HTTP/1.1" 200 5550 "-" "Mozilla/5.0 (compatible; BLEXBot/1.0; +http://webmeup-crawler.com/)"
157.90.209.78 - - [14/Jun/2021:07:53:02 +0800] "GET /tool/poem-tang/954/ HTTP/1.1" 200 6740 "-" "Mozilla/5.0 (compatible; BLEXBot/1.0; +http://webmeup-crawler.com/)"
157.90.209.78 - - [14/Jun/2021:07:53:10 +0800] "GET /tool/poem-tang/955/ HTTP/1.1" 200 5569 "-" "Mozilla/5.0 (compatible; BLEXBot/1.0; +http://webmeup-crawler.com/)"
157.90.209.78 - - [14/Jun/2021:07:53:14 +0800] "GET /tool/poem-tang/957/ HTTP/1.1" 200 5584 "-" "Mozilla/5.0 (compatible; BLEXBot/1.0; +http://webmeup-crawler.com/)"
157.90.209.78 - - [14/Jun/2021:07:53:19 +0800] "GET /tool/poem-tang/958/ HTTP/1.1" 200 5584 "-" "Mozilla/5.0 (compatible; BLEXBot/1.0; +http://webmeup-crawler.com/)"
54.36.148.150 - - [14/Jun/2021:07:53:27 +0800] "GET /tool/poem-tang/1221/ HTTP/2.0" 200 5855 "-" "Mozilla/5.0 (compatible; AhrefsBot/7.0; +http://ahrefs.com/robot/)"
157.90.209.78 - - [14/Jun/2021:07:53:50 +0800] "GET /tool/poem-tang/959/ HTTP/1.1" 200 6504 "-" "Mozilla/5.0 (compatible; BLEXBot/1.0; +http://webmeup-crawler.com/)"
157.90.209.78 - - [14/Jun/2021:07:53:54 +0800] "GET /tool/poem-tang/96/ HTTP/1.1" 200 8232 "-" "Mozilla/5.0 (compatible; BLEXBot/1.0; +http://webmeup-crawler.com/)"
157.90.209.78 - - [14/Jun/2021:07:54:09 +0800] "GET /tool/poem-tang/961/ HTTP/1.1" 200 6555 "-" "Mozilla/5.0 (compatible; BLEXBot/1.0; +http://webmeup-crawler.com/)"
157.90.209.78 - - [14/Jun/2021:07:54:14 +0800] "GET /tool/poem-tang/963/ HTTP/1.1" 200 5560 "-" "Mozilla/5.0 (compatible; BLEXBot/1.0; +http://webmeup-crawler.com/)"
157.90.209.78 - - [14/Jun/2021:07:54:17 +0800] "GET /tool/poem-tang/964/ HTTP/1.1" 200 6969 "-" "Mozilla/5.0 (compatible; BLEXBot/1.0; +http://webmeup-crawler.com/)"
157.90.209.78 - - [14/Jun/2021:07:54:23 +0800] "GET /tool/poem-tang/965/ HTTP/1.1" 200 7998 "-" "Mozilla/5.0 (compatible; BLEXBot/1.0; +http://webmeup-crawler.com/)"
157.90.209.78 - - [14/Jun/2021:07:54:26 +0800] "GET /tool/poem-tang/966/ HTTP/1.1" 200 8544 "-" "Mozilla/5.0 (compatible; BLEXBot/1.0; +http://webmeup-crawler.com/)"
157.90.209.78 - - [14/Jun/2021:07:54:29 +0800] "GET /tool/poem-tang/969/ HTTP/1.1" 200 5652 "-" "Mozilla/5.0 (compatible; BLEXBot/1.0; +http://webmeup-crawler.com/)"
157.90.209.78 - - [14/Jun/2021:07:54:30 +0800] "GET /tool/poem-tang/97/ HTTP/1.1" 200 10405 "-" "Mozilla/5.0 (compatible; BLEXBot/1.0; +http://webmeup-crawler.com/)"
54.36.149.93 - - [14/Jun/2021:07:54:33 +0800] "GET /robots.txt HTTP/2.0" 404 3051 "-" "Mozilla/5.0 (compatible; AhrefsBot/7.0; +http://ahrefs.com/robot/)"
54.36.149.57 - - [14/Jun/2021:07:54:36 +0800] "GET /tool/poem-tang/3545/ HTTP/2.0" 200 5720 "-" "Mozilla/5.0 (compatible; AhrefsBot/7.0; +http://ahrefs.com/robot/)"
157.90.209.78 - - [14/Jun/2021:07:54:43 +0800] "GET /tool/poem-tang/970/ HTTP/1.1" 200 5654 "-" "Mozilla/5.0 (compatible; BLEXBot/1.0; +http://webmeup-crawler.com/)"
157.90.209.78 - - [14/Jun/2021:07:54:46 +0800] "GET /tool/poem-tang/971/ HTTP/1.1" 200 5625 "-" "Mozilla/5.0 (compatible; BLEXBot/1.0; +http://webmeup-crawler.com/)"
157.90.209.78 - - [14/Jun/2021:07:54:49 +0800] "GET /tool/poem-tang/972/ HTTP/1.1" 200 5599 "-" "Mozilla/5.0 (compatible; BLEXBot/1.0; +http://webmeup-crawler.com/)"
157.90.209.78 - - [14/Jun/2021:07:54:51 +0800] "GET /tool/poem-tang/976/ HTTP/1.1" 200 5462 "-" "Mozilla/5.0 (compatible; BLEXBot/1.0; +http://webmeup-crawler.com/)"
157.90.209.78 - - [14/Jun/2021:07:54:53 +0800] "GET /tool/poem-tang/977/ HTTP/1.1" 200 5755 "-" "Mozilla/5.0 (compatible; BLEXBot/1.0; +http://webmeup-crawler.com/)"
157.90.209.78 - - [14/Jun/2021:07:54:55 +0800] "GET /tool/poem-tang/978/ HTTP/1.1" 200 5829 "-" "Mozilla/5.0 (compatible; BLEXBot/1.0; +http://webmeup-crawler.com/)"
157.90.209.78 - - [14/Jun/2021:07:54:57 +0800] "GET /tool/poem-tang/98/ HTTP/1.1" 200 7192 "-" "Mozilla/5.0 (compatible; BLEXBot/1.0; +http://webmeup-crawler.com/)"
157.90.209.78 - - [14/Jun/2021:07:55:02 +0800] "GET /tool/poem-tang/980/ HTTP/1.1" 200 5800 "-" "Mozilla/5.0 (compatible; BLEXBot/1.0; +http://webmeup-crawler.com/)"
